<html>
<body>
<pre>
<h1>礦ision Build Log</h1>
<h2>Tool Versions:</h2>
IDE-Version: μVision V5.20.0.0
Copyright (C) 2016 ARM Ltd and ARM Germany GmbH. All rights reserved.
License Information: 1 1, 1, LIC=QF82Z-JUSY0-MM59I-T3MCH-FZ8PR-NBWXY
 
Tool Versions:
Toolchain:       MDK-ARM Plus  Version: 5.20
Toolchain Path:  C:\zxx\KEIL5\ARM\ARMCC\Bin
C Compiler:      Armcc.exe V5.06 update 2 (build 183)
Assembler:       Armasm.exe V5.06 update 2 (build 183)
Linker/Locator:  ArmLink.exe V5.06 update 2 (build 183)
Library Manager: ArmAr.exe V5.06 update 2 (build 183)
Hex Converter:   FromElf.exe V5.06 update 2 (build 183)
CPU DLL:         SARMCM3.DLL V5.20
Dialog DLL:      DCM.DLL V1.13.7.0
Target DLL:      STLink\ST-LINKIII-KEIL_SWO.dll V2.0.18.0
Dialog DLL:      TCM.DLL V1.14.9.0
 
<h2>Project:</h2>
E:\信盈达教学\套件盒子资料\信盈达物联网创新实验套件\3.18个模块资料&驱动代码\8.酒精检测模块\4.示例代码\基于信盈达物联网M4核心板\酒精检测\CM4.uvprojx
Project File Date:  05/22/2019

<h2>Output:</h2>
*** Using Compiler 'V5.06 update 2 (build 183)', folder: 'C:\zxx\KEIL5\ARM\ARMCC\Bin'
Build target 'Target 1'
compiling adc.c...
linking...
Program Size: Code=5740 RO-data=424 RW-data=16 ZI-data=1024  
".\Objects\CM4.axf" - 0 Error(s), 0 Warning(s).

<h2>Collection of Component include folders:</h2>
  E:\信盈达教学\套件盒子资料\信盈达物联网创新实验套件\3.18个模块资料&驱动代码\8.酒精检测模块\4.示例代码\基于信盈达物联网M4核心板\酒精检测\RTE
  C:\zxx\KEIL5\ARM\PACK\Keil\STM32F4xx_DFP\2.7.0\Drivers\CMSIS\Device\ST\STM32F4xx\Include

<h2>Collection of Component Files used:</h2>
Build Time Elapsed:  00:00:02
</pre>
</body>
</html>
