Component: ARM Compiler 5.05 update 2 (build 169) Tool: armlink [4d0f33]

==============================================================================

Section Cross References

    main.o(i.Identificate_Card) refers to rfid.o(i.PcdRequest) for PcdRequest
    main.o(i.Identificate_Card) refers to rfid.o(i.PcdAnticoll) for PcdAnticoll
    main.o(i.Identificate_Card) refers to rfid.o(i.PcdSelect) for PcdSelect
    main.o(i.Interface_five) refers to oled.o(i.oled_Dis_hzstr16) for oled_Dis_hzstr16
    main.o(i.Interface_five) refers to oled.o(i.oled_Dis_str16) for oled_Dis_str16
    main.o(i.Interface_five) refers to systick.o(i.Delay_ms) for Delay_ms
    main.o(i.Interface_five) refers to main.o(i.ReadCardData) for ReadCardData
    main.o(i.Interface_five) refers to printf8.o(i.__0sprintf$8) for __2sprintf
    main.o(i.Interface_five) refers to oled.o(i.OLED_clear) for OLED_clear
    main.o(i.Interface_five) refers to key.o(i.Key_Scan) for Key_Scan
    main.o(i.Interface_five) refers to main.o(.data) for CardId
    main.o(i.Interface_five) refers to main.o(.conststring) for .conststring
    main.o(i.Interface_four) refers to rfid.o(i.PcdRequest) for PcdRequest
    main.o(i.Interface_four) refers to rfid.o(i.PcdAnticoll) for PcdAnticoll
    main.o(i.Interface_four) refers to rfid.o(i.PcdSelect) for PcdSelect
    main.o(i.Interface_four) refers to printf8.o(i.__0sprintf$8) for __2sprintf
    main.o(i.Interface_four) refers to oled.o(i.oled_Dis_hzstr16) for oled_Dis_hzstr16
    main.o(i.Interface_four) refers to oled.o(i.oled_Dis_ch16) for oled_Dis_ch16
    main.o(i.Interface_four) refers to oled.o(i.oled_Dis_str16) for oled_Dis_str16
    main.o(i.Interface_four) refers to systick.o(i.Delay_ms) for Delay_ms
    main.o(i.Interface_four) refers to oled.o(i.OLED_clear) for OLED_clear
    main.o(i.Interface_four) refers to key.o(i.Key_Scan) for Key_Scan
    main.o(i.Interface_one) refers to oled.o(i.oled_Dis_hzstr16) for oled_Dis_hzstr16
    main.o(i.Interface_one) refers to oled.o(i.oled_Dis_ch16) for oled_Dis_ch16
    main.o(i.Interface_one) refers to key.o(i.Key_Scan) for Key_Scan
    main.o(i.Interface_one) refers to oled.o(i.OLED_clear) for OLED_clear
    main.o(i.Interface_three) refers to oled.o(i.oled_Dis_hzstr16) for oled_Dis_hzstr16
    main.o(i.Interface_three) refers to oled.o(i.oled_Dis_ch16) for oled_Dis_ch16
    main.o(i.Interface_three) refers to printf8.o(i.__0printf$8) for __2printf
    main.o(i.Interface_three) refers to key.o(i.Key_Scan) for Key_Scan
    main.o(i.Interface_three) refers to oled.o(i.OLED_clear) for OLED_clear
    main.o(i.Interface_three) refers to mpr121.o(i.MPR_GetKey) for MPR_GetKey
    main.o(i.Interface_three) refers to strcmp.o(.text) for strcmp
    main.o(i.Interface_three) refers to motor.o(i.open_lock) for open_lock
    main.o(i.Interface_three) refers to voice.o(i.Send_Data) for Send_Data
    main.o(i.Interface_three) refers to systick.o(i.Delay_ms) for Delay_ms
    main.o(i.Interface_three) refers to main.o(.data) for pwd
    main.o(i.Interface_two) refers to oled.o(i.oled_Dis_pic) for oled_Dis_pic
    main.o(i.Interface_two) refers to systick.o(i.Delay_ms) for Delay_ms
    main.o(i.Interface_two) refers to oled.o(i.OLED_clear) for OLED_clear
    main.o(i.Interface_two) refers to key.o(i.Key_Scan) for Key_Scan
    main.o(i.Interface_two) refers to font.o(.constdata) for pic_car
    main.o(i.ReadCardData) refers to main.o(i.Identificate_Card) for Identificate_Card
    main.o(i.ReadCardData) refers to rfid.o(i.PcdAuthState) for PcdAuthState
    main.o(i.ReadCardData) refers to rfid.o(i.PcdRead) for PcdRead
    main.o(i.ReadCardData) refers to main.o(.data) for CardType
    main.o(i.main) refers to key.o(i.Key_Init) for Key_Init
    main.o(i.main) refers to oled.o(i.OLED_Init) for OLED_Init
    main.o(i.main) refers to iic.o(i.IIC_Init) for IIC_Init
    main.o(i.main) refers to mpr121.o(i.MPR_Init) for MPR_Init
    main.o(i.main) refers to voice.o(i.VOICE_Init) for VOICE_Init
    main.o(i.main) refers to spi.o(i.SPI_2_Init) for SPI_2_Init
    main.o(i.main) refers to rfid.o(i.RFID_Init) for RFID_Init
    main.o(i.main) refers to motor.o(i.lock_init) for lock_init
    main.o(i.main) refers to usart.o(i.usart1_init) for usart1_init
    main.o(i.main) refers to main.o(i.Interface_one) for Interface_one
    main.o(i.main) refers to main.o(i.Interface_two) for Interface_two
    main.o(i.main) refers to main.o(i.Interface_three) for Interface_three
    main.o(i.main) refers to main.o(i.Interface_four) for Interface_four
    main.o(i.main) refers to main.o(i.Interface_five) for Interface_five
    main.o(.data) refers to main.o(.conststring) for .conststring
    key.o(i.Key_Scan) refers to systick.o(i.Delay_ms) for Delay_ms
    key.o(i.Key_Scan) refers to key.o(.data) for flag
    motor.o(i.lock_init) refers to motor.o(i.set_lock_sta) for set_lock_sta
    motor.o(i.open_lock) refers to motor.o(i.set_lock_sta) for set_lock_sta
    motor.o(i.open_lock) refers to systick.o(i.Delay_ms) for Delay_ms
    motor.o(i.set_lock_sta) refers to systick.o(i.Delay_ms) for Delay_ms
    usart.o(i.USART1_IRQHandler) refers to printf8.o(i.__0printf$8) for __2printf
    usart.o(i.USART1_IRQHandler) refers to usart.o(.data) for i
    usart.o(i.USART1_IRQHandler) refers to usart.o(.bss) for ch1
    usart.o(i.usart1_rec_str) refers to usart.o(i.usart1_rec_byte) for usart1_rec_byte
    usart.o(i.usart1_send_str) refers to usart.o(i.usart1_send_byte) for usart1_send_byte
    mg200.o(i.MG200_Recv_Check) refers to mg200.o(.data) for Recv_Buff
    mg200.o(i.MG200_Send_Data) refers to mg200.o(.data) for Send_Buff
    mg200.o(i.ReqCaptureAndExtract) refers to mg200.o(i.MG200_Send_Data) for MG200_Send_Data
    mg200.o(i.ReqCaptureAndExtract) refers to mg200.o(i.MG200_Recv_Check) for MG200_Recv_Check
    mg200.o(i.ReqCaptureAndExtract) refers to printf8.o(i.__0printf$8) for __2printf
    mg200.o(i.ReqCaptureAndExtract) refers to mg200.o(.data) for RecvFlag
    mg200.o(i.ReqEnroll) refers to mg200.o(i.MG200_Send_Data) for MG200_Send_Data
    mg200.o(i.ReqEnroll) refers to mg200.o(i.MG200_Recv_Check) for MG200_Recv_Check
    mg200.o(i.ReqEnroll) refers to printf8.o(i.__0printf$8) for __2printf
    mg200.o(i.ReqEnroll) refers to mg200.o(.data) for RecvFlag
    mg200.o(i.ReqEraseAll) refers to mg200.o(i.MG200_Send_Data) for MG200_Send_Data
    mg200.o(i.ReqEraseAll) refers to mg200.o(i.MG200_Recv_Check) for MG200_Recv_Check
    mg200.o(i.ReqEraseAll) refers to printf8.o(i.__0printf$8) for __2printf
    mg200.o(i.ReqEraseAll) refers to mg200.o(.data) for RecvFlag
    mg200.o(i.ReqEraseOne) refers to mg200.o(i.MG200_Send_Data) for MG200_Send_Data
    mg200.o(i.ReqEraseOne) refers to mg200.o(i.MG200_Recv_Check) for MG200_Recv_Check
    mg200.o(i.ReqEraseOne) refers to printf8.o(i.__0printf$8) for __2printf
    mg200.o(i.ReqEraseOne) refers to mg200.o(.data) for RecvFlag
    mg200.o(i.ReqGetUserNum) refers to mg200.o(i.MG200_Send_Data) for MG200_Send_Data
    mg200.o(i.ReqGetUserNum) refers to mg200.o(i.MG200_Recv_Check) for MG200_Recv_Check
    mg200.o(i.ReqGetUserNum) refers to printf8.o(i.__0printf$8) for __2printf
    mg200.o(i.ReqGetUserNum) refers to mg200.o(.data) for RecvFlag
    mg200.o(i.ReqMatch1N) refers to mg200.o(i.MG200_Send_Data) for MG200_Send_Data
    mg200.o(i.ReqMatch1N) refers to mg200.o(i.MG200_Recv_Check) for MG200_Recv_Check
    mg200.o(i.ReqMatch1N) refers to printf8.o(i.__0printf$8) for __2printf
    mg200.o(i.ReqMatch1N) refers to mg200.o(.data) for RecvFlag
    mg200.o(i.USART2_IRQHandler) refers to mg200.o(.data) for Recv_Buff
    oled.o(i.OLED_Init) refers to oled.o(i.OLED_IO_Init) for OLED_IO_Init
    oled.o(i.OLED_Init) refers to spi.o(i.SPI_2_Init) for SPI_2_Init
    oled.o(i.OLED_Init) refers to oled.o(i.OLED_Reset) for OLED_Reset
    oled.o(i.OLED_Init) refers to oled.o(i.OLED_writeByte) for OLED_writeByte
    oled.o(i.OLED_Init) refers to oled.o(i.OLED_clear) for OLED_clear
    oled.o(i.OLED_Reset) refers to systick.o(i.Delay_ms) for Delay_ms
    oled.o(i.OLED_clear) refers to oled.o(i.OLED_writeByte) for OLED_writeByte
    oled.o(i.OLED_setstart) refers to oled.o(i.OLED_writeByte) for OLED_writeByte
    oled.o(i.OLED_writeByte) refers to spi.o(i.SPI_Read_Write_Byte) for SPI_Read_Write_Byte
    oled.o(i.oled_Dis_ch16) refers to oled.o(i.OLED_setstart) for OLED_setstart
    oled.o(i.oled_Dis_ch16) refers to oled.o(i.OLED_writeByte) for OLED_writeByte
    oled.o(i.oled_Dis_ch16) refers to font.o(.constdata) for F16X16
    oled.o(i.oled_Dis_hz16) refers to oled.o(i.OLED_setstart) for OLED_setstart
    oled.o(i.oled_Dis_hz16) refers to oled.o(i.OLED_writeByte) for OLED_writeByte
    oled.o(i.oled_Dis_hz16) refers to font.o(.constdata) for hztable
    oled.o(i.oled_Dis_hzstr16) refers to oled.o(i.oled_Dis_hz16) for oled_Dis_hz16
    oled.o(i.oled_Dis_pic) refers to oled.o(i.OLED_setstart) for OLED_setstart
    oled.o(i.oled_Dis_pic) refers to oled.o(i.OLED_writeByte) for OLED_writeByte
    oled.o(i.oled_Dis_str16) refers to oled.o(i.oled_Dis_ch16) for oled_Dis_ch16
    voice.o(i.Hight) refers to systick.o(i.Delay_us) for Delay_us
    voice.o(i.Low) refers to systick.o(i.Delay_us) for Delay_us
    voice.o(i.Send_Data) refers to systick.o(i.Delay_ms) for Delay_ms
    voice.o(i.Send_Data) refers to voice.o(i.Hight) for Hight
    voice.o(i.Send_Data) refers to voice.o(i.Low) for Low
    rfid.o(i.CalulateCRC) refers to rfid.o(i.ClearBitMask) for ClearBitMask
    rfid.o(i.CalulateCRC) refers to rfid.o(i.WriteRawRC) for WriteRawRC
    rfid.o(i.CalulateCRC) refers to rfid.o(i.SetBitMask) for SetBitMask
    rfid.o(i.CalulateCRC) refers to rfid.o(i.ReadRawRC) for ReadRawRC
    rfid.o(i.ClearBitMask) refers to rfid.o(i.ReadRawRC) for ReadRawRC
    rfid.o(i.ClearBitMask) refers to rfid.o(i.WriteRawRC) for WriteRawRC
    rfid.o(i.PcdAntennaOff) refers to rfid.o(i.ClearBitMask) for ClearBitMask
    rfid.o(i.PcdAntennaOn) refers to rfid.o(i.ReadRawRC) for ReadRawRC
    rfid.o(i.PcdAntennaOn) refers to rfid.o(i.SetBitMask) for SetBitMask
    rfid.o(i.PcdAnticoll) refers to rfid.o(i.ClearBitMask) for ClearBitMask
    rfid.o(i.PcdAnticoll) refers to rfid.o(i.WriteRawRC) for WriteRawRC
    rfid.o(i.PcdAnticoll) refers to rfid.o(i.PcdComMF522) for PcdComMF522
    rfid.o(i.PcdAnticoll) refers to rfid.o(i.SetBitMask) for SetBitMask
    rfid.o(i.PcdAuthState) refers to rfid.o(i.PcdComMF522) for PcdComMF522
    rfid.o(i.PcdAuthState) refers to rfid.o(i.ReadRawRC) for ReadRawRC
    rfid.o(i.PcdComMF522) refers to rfid.o(i.WriteRawRC) for WriteRawRC
    rfid.o(i.PcdComMF522) refers to rfid.o(i.ClearBitMask) for ClearBitMask
    rfid.o(i.PcdComMF522) refers to rfid.o(i.SetBitMask) for SetBitMask
    rfid.o(i.PcdComMF522) refers to rfid.o(i.ReadRawRC) for ReadRawRC
    rfid.o(i.PcdRead) refers to rfid.o(i.CalulateCRC) for CalulateCRC
    rfid.o(i.PcdRead) refers to rfid.o(i.PcdComMF522) for PcdComMF522
    rfid.o(i.PcdRequest) refers to rfid.o(i.ClearBitMask) for ClearBitMask
    rfid.o(i.PcdRequest) refers to rfid.o(i.WriteRawRC) for WriteRawRC
    rfid.o(i.PcdRequest) refers to rfid.o(i.SetBitMask) for SetBitMask
    rfid.o(i.PcdRequest) refers to rfid.o(i.PcdComMF522) for PcdComMF522
    rfid.o(i.PcdSelect) refers to rfid.o(i.CalulateCRC) for CalulateCRC
    rfid.o(i.PcdSelect) refers to rfid.o(i.ClearBitMask) for ClearBitMask
    rfid.o(i.PcdSelect) refers to rfid.o(i.PcdComMF522) for PcdComMF522
    rfid.o(i.PcdWrite) refers to rfid.o(i.CalulateCRC) for CalulateCRC
    rfid.o(i.PcdWrite) refers to rfid.o(i.PcdComMF522) for PcdComMF522
    rfid.o(i.ReadRawRC) refers to spi.o(i.SPI_Read_Write_Byte) for SPI_Read_Write_Byte
    rfid.o(i.Reset_RC522) refers to systick.o(i.Delay_us) for Delay_us
    rfid.o(i.Reset_RC522) refers to rfid.o(i.WriteRawRC) for WriteRawRC
    rfid.o(i.Reset_RC522) refers to rfid.o(i.PcdAntennaOff) for PcdAntennaOff
    rfid.o(i.Reset_RC522) refers to rfid.o(i.PcdAntennaOn) for PcdAntennaOn
    rfid.o(i.SetBitMask) refers to rfid.o(i.ReadRawRC) for ReadRawRC
    rfid.o(i.SetBitMask) refers to rfid.o(i.WriteRawRC) for WriteRawRC
    rfid.o(i.WriteRawRC) refers to spi.o(i.SPI_Read_Write_Byte) for SPI_Read_Write_Byte
    mpr121.o(i.MPR_GetKey) refers to mpr121.o(i.MPR_read) for MPR_read
    mpr121.o(i.MPR_Init) refers to mpr121.o(i.MPR_write) for MPR_write
    mpr121.o(i.MPR_read) refers to iic.o(i.IIC_Start) for IIC_Start
    mpr121.o(i.MPR_read) refers to iic.o(i.IIC_Send_Data) for IIC_Send_Data
    mpr121.o(i.MPR_read) refers to iic.o(i.IIC_Get_ACK) for IIC_Get_ACK
    mpr121.o(i.MPR_read) refers to iic.o(i.IIC_Read_Data) for IIC_Read_Data
    mpr121.o(i.MPR_read) refers to iic.o(i.IIC_Stop) for IIC_Stop
    mpr121.o(i.MPR_write) refers to iic.o(i.IIC_Start) for IIC_Start
    mpr121.o(i.MPR_write) refers to iic.o(i.IIC_Send_Data) for IIC_Send_Data
    mpr121.o(i.MPR_write) refers to iic.o(i.IIC_Get_ACK) for IIC_Get_ACK
    mpr121.o(i.MPR_write) refers to iic.o(i.IIC_Stop) for IIC_Stop
    iic.o(i.IIC_Get_ACK) refers to systick.o(i.Delay_us) for Delay_us
    iic.o(i.IIC_Get_ACK) refers to iic.o(i.IIC_Stop) for IIC_Stop
    iic.o(i.IIC_Read_Data) refers to systick.o(i.Delay_us) for Delay_us
    iic.o(i.IIC_Read_Data) refers to printf8.o(i.__0printf$8) for __2printf
    iic.o(i.IIC_Read_Data) refers to iic.o(i.IIC_Send_ACK) for IIC_Send_ACK
    iic.o(i.IIC_Read_Data) refers to iic.o(i.IIC_Send_NoACK) for IIC_Send_NoACK
    iic.o(i.IIC_Send_ACK) refers to systick.o(i.Delay_us) for Delay_us
    iic.o(i.IIC_Send_Data) refers to systick.o(i.Delay_us) for Delay_us
    iic.o(i.IIC_Send_NoACK) refers to systick.o(i.Delay_us) for Delay_us
    iic.o(i.IIC_Start) refers to systick.o(i.Delay_us) for Delay_us
    iic.o(i.IIC_Stop) refers to systick.o(i.Delay_us) for Delay_us
    system_stm32f10x.o(i.SetSysClock) refers to system_stm32f10x.o(i.SetSysClockTo72) for SetSysClockTo72
    system_stm32f10x.o(i.SystemCoreClockUpdate) refers to system_stm32f10x.o(.data) for SystemCoreClock
    system_stm32f10x.o(i.SystemInit) refers to system_stm32f10x.o(i.SetSysClock) for SetSysClock
    startup_stm32f10x_md.o(RESET) refers to startup_stm32f10x_md.o(STACK) for __initial_sp
    startup_stm32f10x_md.o(RESET) refers to startup_stm32f10x_md.o(.text) for Reset_Handler
    startup_stm32f10x_md.o(RESET) refers to usart.o(i.USART1_IRQHandler) for USART1_IRQHandler
    startup_stm32f10x_md.o(RESET) refers to mg200.o(i.USART2_IRQHandler) for USART2_IRQHandler
    startup_stm32f10x_md.o(.text) refers to system_stm32f10x.o(i.SystemInit) for SystemInit
    startup_stm32f10x_md.o(.text) refers to entry.o(.ARM.Collect$$$$00000000) for __main
    entry.o(.ARM.Collect$$$$00000000) refers (Special) to entry10a.o(.ARM.Collect$$$$0000000D) for __rt_final_cpp
    entry.o(.ARM.Collect$$$$00000000) refers (Special) to entry11a.o(.ARM.Collect$$$$0000000F) for __rt_final_exit
    entry.o(.ARM.Collect$$$$00000000) refers (Special) to entry7b.o(.ARM.Collect$$$$00000008) for _main_clock
    entry.o(.ARM.Collect$$$$00000000) refers (Special) to entry8b.o(.ARM.Collect$$$$0000000A) for _main_cpp_init
    entry.o(.ARM.Collect$$$$00000000) refers (Special) to entry9a.o(.ARM.Collect$$$$0000000B) for _main_init
    entry.o(.ARM.Collect$$$$00000000) refers (Special) to entry5.o(.ARM.Collect$$$$00000004) for _main_scatterload
    entry.o(.ARM.Collect$$$$00000000) refers (Special) to entry2.o(.ARM.Collect$$$$00000001) for _main_stk
    printfb.o(i.__0fprintf$bare) refers to printfb.o(i._printf_core) for _printf_core
    printfb.o(i.__0fprintf$bare) refers to usart.o(i.fputc) for fputc
    printfb.o(i.__0printf$bare) refers to printfb.o(i._printf_core) for _printf_core
    printfb.o(i.__0printf$bare) refers to usart.o(i.fputc) for fputc
    printfb.o(i.__0printf$bare) refers to usart.o(.data) for __stdout
    printfb.o(i.__0snprintf$bare) refers to printfb.o(i._printf_core) for _printf_core
    printfb.o(i.__0snprintf$bare) refers to printfb.o(i._snputc) for _snputc
    printfb.o(i.__0sprintf$bare) refers to printfb.o(i._printf_core) for _printf_core
    printfb.o(i.__0sprintf$bare) refers to printfb.o(i._sputc) for _sputc
    printfb.o(i.__0vfprintf$bare) refers to printfb.o(i._printf_core) for _printf_core
    printfb.o(i.__0vfprintf$bare) refers to usart.o(i.fputc) for fputc
    printfb.o(i.__0vprintf$bare) refers to printfb.o(i._printf_core) for _printf_core
    printfb.o(i.__0vprintf$bare) refers to usart.o(i.fputc) for fputc
    printfb.o(i.__0vprintf$bare) refers to usart.o(.data) for __stdout
    printfb.o(i.__0vsnprintf$bare) refers to printfb.o(i._printf_core) for _printf_core
    printfb.o(i.__0vsnprintf$bare) refers to printfb.o(i._snputc) for _snputc
    printfb.o(i.__0vsprintf$bare) refers to printfb.o(i._printf_core) for _printf_core
    printfb.o(i.__0vsprintf$bare) refers to printfb.o(i._sputc) for _sputc
    printf0.o(i.__0fprintf$0) refers to printf0.o(i._printf_core) for _printf_core
    printf0.o(i.__0fprintf$0) refers to usart.o(i.fputc) for fputc
    printf0.o(i.__0printf$0) refers to printf0.o(i._printf_core) for _printf_core
    printf0.o(i.__0printf$0) refers to usart.o(i.fputc) for fputc
    printf0.o(i.__0printf$0) refers to usart.o(.data) for __stdout
    printf0.o(i.__0snprintf$0) refers to printf0.o(i._printf_core) for _printf_core
    printf0.o(i.__0snprintf$0) refers to printf0.o(i._snputc) for _snputc
    printf0.o(i.__0sprintf$0) refers to printf0.o(i._printf_core) for _printf_core
    printf0.o(i.__0sprintf$0) refers to printf0.o(i._sputc) for _sputc
    printf0.o(i.__0vfprintf$0) refers to printf0.o(i._printf_core) for _printf_core
    printf0.o(i.__0vfprintf$0) refers to usart.o(i.fputc) for fputc
    printf0.o(i.__0vprintf$0) refers to printf0.o(i._printf_core) for _printf_core
    printf0.o(i.__0vprintf$0) refers to usart.o(i.fputc) for fputc
    printf0.o(i.__0vprintf$0) refers to usart.o(.data) for __stdout
    printf0.o(i.__0vsnprintf$0) refers to printf0.o(i._printf_core) for _printf_core
    printf0.o(i.__0vsnprintf$0) refers to printf0.o(i._snputc) for _snputc
    printf0.o(i.__0vsprintf$0) refers to printf0.o(i._printf_core) for _printf_core
    printf0.o(i.__0vsprintf$0) refers to printf0.o(i._sputc) for _sputc
    printf1.o(i.__0fprintf$1) refers to printf1.o(i._printf_core) for _printf_core
    printf1.o(i.__0fprintf$1) refers to usart.o(i.fputc) for fputc
    printf1.o(i.__0printf$1) refers to printf1.o(i._printf_core) for _printf_core
    printf1.o(i.__0printf$1) refers to usart.o(i.fputc) for fputc
    printf1.o(i.__0printf$1) refers to usart.o(.data) for __stdout
    printf1.o(i.__0snprintf$1) refers to printf1.o(i._printf_core) for _printf_core
    printf1.o(i.__0snprintf$1) refers to printf1.o(i._snputc) for _snputc
    printf1.o(i.__0sprintf$1) refers to printf1.o(i._printf_core) for _printf_core
    printf1.o(i.__0sprintf$1) refers to printf1.o(i._sputc) for _sputc
    printf1.o(i.__0vfprintf$1) refers to printf1.o(i._printf_core) for _printf_core
    printf1.o(i.__0vfprintf$1) refers to usart.o(i.fputc) for fputc
    printf1.o(i.__0vprintf$1) refers to printf1.o(i._printf_core) for _printf_core
    printf1.o(i.__0vprintf$1) refers to usart.o(i.fputc) for fputc
    printf1.o(i.__0vprintf$1) refers to usart.o(.data) for __stdout
    printf1.o(i.__0vsnprintf$1) refers to printf1.o(i._printf_core) for _printf_core
    printf1.o(i.__0vsnprintf$1) refers to printf1.o(i._snputc) for _snputc
    printf1.o(i.__0vsprintf$1) refers to printf1.o(i._printf_core) for _printf_core
    printf1.o(i.__0vsprintf$1) refers to printf1.o(i._sputc) for _sputc
    printf1.o(i._printf_core) refers to uidiv.o(.text) for __aeabi_uidivmod
    printf2.o(i.__0fprintf$2) refers to printf2.o(i._printf_core) for _printf_core
    printf2.o(i.__0fprintf$2) refers to usart.o(i.fputc) for fputc
    printf2.o(i.__0printf$2) refers to printf2.o(i._printf_core) for _printf_core
    printf2.o(i.__0printf$2) refers to usart.o(i.fputc) for fputc
    printf2.o(i.__0printf$2) refers to usart.o(.data) for __stdout
    printf2.o(i.__0snprintf$2) refers to printf2.o(i._printf_core) for _printf_core
    printf2.o(i.__0snprintf$2) refers to printf2.o(i._snputc) for _snputc
    printf2.o(i.__0sprintf$2) refers to printf2.o(i._printf_core) for _printf_core
    printf2.o(i.__0sprintf$2) refers to printf2.o(i._sputc) for _sputc
    printf2.o(i.__0vfprintf$2) refers to printf2.o(i._printf_core) for _printf_core
    printf2.o(i.__0vfprintf$2) refers to usart.o(i.fputc) for fputc
    printf2.o(i.__0vprintf$2) refers to printf2.o(i._printf_core) for _printf_core
    printf2.o(i.__0vprintf$2) refers to usart.o(i.fputc) for fputc
    printf2.o(i.__0vprintf$2) refers to usart.o(.data) for __stdout
    printf2.o(i.__0vsnprintf$2) refers to printf2.o(i._printf_core) for _printf_core
    printf2.o(i.__0vsnprintf$2) refers to printf2.o(i._snputc) for _snputc
    printf2.o(i.__0vsprintf$2) refers to printf2.o(i._printf_core) for _printf_core
    printf2.o(i.__0vsprintf$2) refers to printf2.o(i._sputc) for _sputc
    printf3.o(i.__0fprintf$3) refers to printf3.o(i._printf_core) for _printf_core
    printf3.o(i.__0fprintf$3) refers to usart.o(i.fputc) for fputc
    printf3.o(i.__0printf$3) refers to printf3.o(i._printf_core) for _printf_core
    printf3.o(i.__0printf$3) refers to usart.o(i.fputc) for fputc
    printf3.o(i.__0printf$3) refers to usart.o(.data) for __stdout
    printf3.o(i.__0snprintf$3) refers to printf3.o(i._printf_core) for _printf_core
    printf3.o(i.__0snprintf$3) refers to printf3.o(i._snputc) for _snputc
    printf3.o(i.__0sprintf$3) refers to printf3.o(i._printf_core) for _printf_core
    printf3.o(i.__0sprintf$3) refers to printf3.o(i._sputc) for _sputc
    printf3.o(i.__0vfprintf$3) refers to printf3.o(i._printf_core) for _printf_core
    printf3.o(i.__0vfprintf$3) refers to usart.o(i.fputc) for fputc
    printf3.o(i.__0vprintf$3) refers to printf3.o(i._printf_core) for _printf_core
    printf3.o(i.__0vprintf$3) refers to usart.o(i.fputc) for fputc
    printf3.o(i.__0vprintf$3) refers to usart.o(.data) for __stdout
    printf3.o(i.__0vsnprintf$3) refers to printf3.o(i._printf_core) for _printf_core
    printf3.o(i.__0vsnprintf$3) refers to printf3.o(i._snputc) for _snputc
    printf3.o(i.__0vsprintf$3) refers to printf3.o(i._printf_core) for _printf_core
    printf3.o(i.__0vsprintf$3) refers to printf3.o(i._sputc) for _sputc
    printf3.o(i._printf_core) refers to uidiv.o(.text) for __aeabi_uidivmod
    printf4.o(i.__0fprintf$4) refers to printf4.o(i._printf_core) for _printf_core
    printf4.o(i.__0fprintf$4) refers to usart.o(i.fputc) for fputc
    printf4.o(i.__0printf$4) refers to printf4.o(i._printf_core) for _printf_core
    printf4.o(i.__0printf$4) refers to usart.o(i.fputc) for fputc
    printf4.o(i.__0printf$4) refers to usart.o(.data) for __stdout
    printf4.o(i.__0snprintf$4) refers to printf4.o(i._printf_core) for _printf_core
    printf4.o(i.__0snprintf$4) refers to printf4.o(i._snputc) for _snputc
    printf4.o(i.__0sprintf$4) refers to printf4.o(i._printf_core) for _printf_core
    printf4.o(i.__0sprintf$4) refers to printf4.o(i._sputc) for _sputc
    printf4.o(i.__0vfprintf$4) refers to printf4.o(i._printf_core) for _printf_core
    printf4.o(i.__0vfprintf$4) refers to usart.o(i.fputc) for fputc
    printf4.o(i.__0vprintf$4) refers to printf4.o(i._printf_core) for _printf_core
    printf4.o(i.__0vprintf$4) refers to usart.o(i.fputc) for fputc
    printf4.o(i.__0vprintf$4) refers to usart.o(.data) for __stdout
    printf4.o(i.__0vsnprintf$4) refers to printf4.o(i._printf_core) for _printf_core
    printf4.o(i.__0vsnprintf$4) refers to printf4.o(i._snputc) for _snputc
    printf4.o(i.__0vsprintf$4) refers to printf4.o(i._printf_core) for _printf_core
    printf4.o(i.__0vsprintf$4) refers to printf4.o(i._sputc) for _sputc
    printf4.o(i._printf_core) refers to uldiv.o(.text) for __aeabi_uldivmod
    printf5.o(i.__0fprintf$5) refers to printf5.o(i._printf_core) for _printf_core
    printf5.o(i.__0fprintf$5) refers to usart.o(i.fputc) for fputc
    printf5.o(i.__0printf$5) refers to printf5.o(i._printf_core) for _printf_core
    printf5.o(i.__0printf$5) refers to usart.o(i.fputc) for fputc
    printf5.o(i.__0printf$5) refers to usart.o(.data) for __stdout
    printf5.o(i.__0snprintf$5) refers to printf5.o(i._printf_core) for _printf_core
    printf5.o(i.__0snprintf$5) refers to printf5.o(i._snputc) for _snputc
    printf5.o(i.__0sprintf$5) refers to printf5.o(i._printf_core) for _printf_core
    printf5.o(i.__0sprintf$5) refers to printf5.o(i._sputc) for _sputc
    printf5.o(i.__0vfprintf$5) refers to printf5.o(i._printf_core) for _printf_core
    printf5.o(i.__0vfprintf$5) refers to usart.o(i.fputc) for fputc
    printf5.o(i.__0vprintf$5) refers to printf5.o(i._printf_core) for _printf_core
    printf5.o(i.__0vprintf$5) refers to usart.o(i.fputc) for fputc
    printf5.o(i.__0vprintf$5) refers to usart.o(.data) for __stdout
    printf5.o(i.__0vsnprintf$5) refers to printf5.o(i._printf_core) for _printf_core
    printf5.o(i.__0vsnprintf$5) refers to printf5.o(i._snputc) for _snputc
    printf5.o(i.__0vsprintf$5) refers to printf5.o(i._printf_core) for _printf_core
    printf5.o(i.__0vsprintf$5) refers to printf5.o(i._sputc) for _sputc
    printf5.o(i._printf_core) refers to uldiv.o(.text) for __aeabi_uldivmod
    printf6.o(i.__0fprintf$6) refers to printf6.o(i._printf_core) for _printf_core
    printf6.o(i.__0fprintf$6) refers to usart.o(i.fputc) for fputc
    printf6.o(i.__0printf$6) refers to printf6.o(i._printf_core) for _printf_core
    printf6.o(i.__0printf$6) refers to usart.o(i.fputc) for fputc
    printf6.o(i.__0printf$6) refers to usart.o(.data) for __stdout
    printf6.o(i.__0snprintf$6) refers to printf6.o(i._printf_core) for _printf_core
    printf6.o(i.__0snprintf$6) refers to printf6.o(i._snputc) for _snputc
    printf6.o(i.__0sprintf$6) refers to printf6.o(i._printf_core) for _printf_core
    printf6.o(i.__0sprintf$6) refers to printf6.o(i._sputc) for _sputc
    printf6.o(i.__0vfprintf$6) refers to printf6.o(i._printf_core) for _printf_core
    printf6.o(i.__0vfprintf$6) refers to usart.o(i.fputc) for fputc
    printf6.o(i.__0vprintf$6) refers to printf6.o(i._printf_core) for _printf_core
    printf6.o(i.__0vprintf$6) refers to usart.o(i.fputc) for fputc
    printf6.o(i.__0vprintf$6) refers to usart.o(.data) for __stdout
    printf6.o(i.__0vsnprintf$6) refers to printf6.o(i._printf_core) for _printf_core
    printf6.o(i.__0vsnprintf$6) refers to printf6.o(i._snputc) for _snputc
    printf6.o(i.__0vsprintf$6) refers to printf6.o(i._printf_core) for _printf_core
    printf6.o(i.__0vsprintf$6) refers to printf6.o(i._sputc) for _sputc
    printf6.o(i._printf_core) refers to printf6.o(i._printf_pre_padding) for _printf_pre_padding
    printf6.o(i._printf_core) refers to uidiv.o(.text) for __aeabi_uidivmod
    printf6.o(i._printf_core) refers to printf6.o(i._printf_post_padding) for _printf_post_padding
    printf7.o(i.__0fprintf$7) refers to printf7.o(i._printf_core) for _printf_core
    printf7.o(i.__0fprintf$7) refers to usart.o(i.fputc) for fputc
    printf7.o(i.__0printf$7) refers to printf7.o(i._printf_core) for _printf_core
    printf7.o(i.__0printf$7) refers to usart.o(i.fputc) for fputc
    printf7.o(i.__0printf$7) refers to usart.o(.data) for __stdout
    printf7.o(i.__0snprintf$7) refers to printf7.o(i._printf_core) for _printf_core
    printf7.o(i.__0snprintf$7) refers to printf7.o(i._snputc) for _snputc
    printf7.o(i.__0sprintf$7) refers to printf7.o(i._printf_core) for _printf_core
    printf7.o(i.__0sprintf$7) refers to printf7.o(i._sputc) for _sputc
    printf7.o(i.__0vfprintf$7) refers to printf7.o(i._printf_core) for _printf_core
    printf7.o(i.__0vfprintf$7) refers to usart.o(i.fputc) for fputc
    printf7.o(i.__0vprintf$7) refers to printf7.o(i._printf_core) for _printf_core
    printf7.o(i.__0vprintf$7) refers to usart.o(i.fputc) for fputc
    printf7.o(i.__0vprintf$7) refers to usart.o(.data) for __stdout
    printf7.o(i.__0vsnprintf$7) refers to printf7.o(i._printf_core) for _printf_core
    printf7.o(i.__0vsnprintf$7) refers to printf7.o(i._snputc) for _snputc
    printf7.o(i.__0vsprintf$7) refers to printf7.o(i._printf_core) for _printf_core
    printf7.o(i.__0vsprintf$7) refers to printf7.o(i._sputc) for _sputc
    printf7.o(i._printf_core) refers to printf7.o(i._printf_pre_padding) for _printf_pre_padding
    printf7.o(i._printf_core) refers to uldiv.o(.text) for __aeabi_uldivmod
    printf7.o(i._printf_core) refers to printf7.o(i._printf_post_padding) for _printf_post_padding
    printf8.o(i.__0fprintf$8) refers to printf8.o(i._printf_core) for _printf_core
    printf8.o(i.__0fprintf$8) refers to usart.o(i.fputc) for fputc
    printf8.o(i.__0printf$8) refers to printf8.o(i._printf_core) for _printf_core
    printf8.o(i.__0printf$8) refers to usart.o(i.fputc) for fputc
    printf8.o(i.__0printf$8) refers to usart.o(.data) for __stdout
    printf8.o(i.__0snprintf$8) refers to printf8.o(i._printf_core) for _printf_core
    printf8.o(i.__0snprintf$8) refers to printf8.o(i._snputc) for _snputc
    printf8.o(i.__0sprintf$8) refers to printf8.o(i._printf_core) for _printf_core
    printf8.o(i.__0sprintf$8) refers to printf8.o(i._sputc) for _sputc
    printf8.o(i.__0vfprintf$8) refers to printf8.o(i._printf_core) for _printf_core
    printf8.o(i.__0vfprintf$8) refers to usart.o(i.fputc) for fputc
    printf8.o(i.__0vprintf$8) refers to printf8.o(i._printf_core) for _printf_core
    printf8.o(i.__0vprintf$8) refers to usart.o(i.fputc) for fputc
    printf8.o(i.__0vprintf$8) refers to usart.o(.data) for __stdout
    printf8.o(i.__0vsnprintf$8) refers to printf8.o(i._printf_core) for _printf_core
    printf8.o(i.__0vsnprintf$8) refers to printf8.o(i._snputc) for _snputc
    printf8.o(i.__0vsprintf$8) refers to printf8.o(i._printf_core) for _printf_core
    printf8.o(i.__0vsprintf$8) refers to printf8.o(i._sputc) for _sputc
    printf8.o(i._printf_core) refers to printf8.o(i._printf_pre_padding) for _printf_pre_padding
    printf8.o(i._printf_core) refers to uldiv.o(.text) for __aeabi_uldivmod
    printf8.o(i._printf_core) refers to printf8.o(i._printf_post_padding) for _printf_post_padding
    printfa.o(i.__0fprintf) refers (Special) to iusefp.o(.text) for __I$use$fp
    printfa.o(i.__0fprintf) refers to printfa.o(i._printf_core) for _printf_core
    printfa.o(i.__0fprintf) refers to usart.o(i.fputc) for fputc
    printfa.o(i.__0printf) refers (Special) to iusefp.o(.text) for __I$use$fp
    printfa.o(i.__0printf) refers to printfa.o(i._printf_core) for _printf_core
    printfa.o(i.__0printf) refers to usart.o(i.fputc) for fputc
    printfa.o(i.__0printf) refers to usart.o(.data) for __stdout
    printfa.o(i.__0snprintf) refers (Special) to iusefp.o(.text) for __I$use$fp
    printfa.o(i.__0snprintf) refers to printfa.o(i._printf_core) for _printf_core
    printfa.o(i.__0snprintf) refers to printfa.o(i._snputc) for _snputc
    printfa.o(i.__0sprintf) refers (Special) to iusefp.o(.text) for __I$use$fp
    printfa.o(i.__0sprintf) refers to printfa.o(i._printf_core) for _printf_core
    printfa.o(i.__0sprintf) refers to printfa.o(i._sputc) for _sputc
    printfa.o(i.__0vfprintf) refers (Special) to iusefp.o(.text) for __I$use$fp
    printfa.o(i.__0vfprintf) refers to printfa.o(i._printf_core) for _printf_core
    printfa.o(i.__0vfprintf) refers to usart.o(i.fputc) for fputc
    printfa.o(i.__0vprintf) refers (Special) to iusefp.o(.text) for __I$use$fp
    printfa.o(i.__0vprintf) refers to printfa.o(i._printf_core) for _printf_core
    printfa.o(i.__0vprintf) refers to usart.o(i.fputc) for fputc
    printfa.o(i.__0vprintf) refers to usart.o(.data) for __stdout
    printfa.o(i.__0vsnprintf) refers (Special) to iusefp.o(.text) for __I$use$fp
    printfa.o(i.__0vsnprintf) refers to printfa.o(i._printf_core) for _printf_core
    printfa.o(i.__0vsnprintf) refers to printfa.o(i._snputc) for _snputc
    printfa.o(i.__0vsprintf) refers (Special) to iusefp.o(.text) for __I$use$fp
    printfa.o(i.__0vsprintf) refers to printfa.o(i._printf_core) for _printf_core
    printfa.o(i.__0vsprintf) refers to printfa.o(i._sputc) for _sputc
    printfa.o(i._fp_digits) refers (Special) to iusefp.o(.text) for __I$use$fp
    printfa.o(i._fp_digits) refers to dmul.o(.text) for __aeabi_dmul
    printfa.o(i._fp_digits) refers to ddiv.o(.text) for __aeabi_ddiv
    printfa.o(i._fp_digits) refers to cdrcmple.o(.text) for __aeabi_cdrcmple
    printfa.o(i._fp_digits) refers to dadd.o(.text) for __aeabi_dadd
    printfa.o(i._fp_digits) refers to dfixul.o(.text) for __aeabi_d2ulz
    printfa.o(i._fp_digits) refers to uldiv.o(.text) for __aeabi_uldivmod
    printfa.o(i._printf_core) refers (Special) to iusefp.o(.text) for __I$use$fp
    printfa.o(i._printf_core) refers to printfa.o(i._printf_pre_padding) for _printf_pre_padding
    printfa.o(i._printf_core) refers to uldiv.o(.text) for __aeabi_uldivmod
    printfa.o(i._printf_core) refers to printfa.o(i._printf_post_padding) for _printf_post_padding
    printfa.o(i._printf_core) refers to printfa.o(i._fp_digits) for _fp_digits
    printfa.o(i._printf_core) refers to uidiv.o(.text) for __aeabi_uidivmod
    printfa.o(i._printf_post_padding) refers (Special) to iusefp.o(.text) for __I$use$fp
    printfa.o(i._printf_pre_padding) refers (Special) to iusefp.o(.text) for __I$use$fp
    printfa.o(i._snputc) refers (Special) to iusefp.o(.text) for __I$use$fp
    printfa.o(i._sputc) refers (Special) to iusefp.o(.text) for __I$use$fp
    entry2.o(.ARM.Collect$$$$00000001) refers to entry2.o(.ARM.Collect$$$$00002712) for __lit__00000000
    entry2.o(.ARM.Collect$$$$00002712) refers to startup_stm32f10x_md.o(STACK) for __initial_sp
    entry2.o(__vectab_stack_and_reset_area) refers to startup_stm32f10x_md.o(STACK) for __initial_sp
    entry2.o(__vectab_stack_and_reset_area) refers to entry.o(.ARM.Collect$$$$00000000) for __main
    entry5.o(.ARM.Collect$$$$00000004) refers to init.o(.text) for __scatterload
    entry9a.o(.ARM.Collect$$$$0000000B) refers to main.o(i.main) for main
    entry9b.o(.ARM.Collect$$$$0000000C) refers to main.o(i.main) for main
    uldiv.o(.text) refers to llushr.o(.text) for __aeabi_llsr
    uldiv.o(.text) refers to llshl.o(.text) for __aeabi_llsl
    dadd.o(.text) refers to llshl.o(.text) for __aeabi_llsl
    dadd.o(.text) refers to llsshr.o(.text) for __aeabi_lasr
    dadd.o(.text) refers to depilogue.o(.text) for _double_epilogue
    dmul.o(.text) refers to depilogue.o(.text) for _double_epilogue
    ddiv.o(.text) refers to depilogue.o(.text) for _double_round
    dfixul.o(.text) refers to llushr.o(.text) for __aeabi_llsr
    dfixul.o(.text) refers to llshl.o(.text) for __aeabi_llsl
    init.o(.text) refers to entry5.o(.ARM.Collect$$$$00000004) for __main_after_scatterload
    depilogue.o(.text) refers to llshl.o(.text) for __aeabi_llsl
    depilogue.o(.text) refers to llushr.o(.text) for __aeabi_llsr


==============================================================================

Removing Unused input sections from the image.

    Removing led.o(i.LED_Init), (104 bytes).
    Removing main.o(.bss), (16 bytes).
    Removing usart.o(i._sys_exit), (6 bytes).
    Removing usart.o(i.usart1_rec_byte), (28 bytes).
    Removing usart.o(i.usart1_rec_str), (32 bytes).
    Removing usart.o(i.usart1_send_byte), (28 bytes).
    Removing usart.o(i.usart1_send_str), (22 bytes).
    Removing mg200.o(i.MG200_Recv_Check), (140 bytes).
    Removing mg200.o(i.MG200_Send_Data), (112 bytes).
    Removing mg200.o(i.MG200_USART2_Init), (428 bytes).
    Removing mg200.o(i.ReqCaptureAndExtract), (200 bytes).
    Removing mg200.o(i.ReqEnroll), (268 bytes).
    Removing mg200.o(i.ReqEraseAll), (140 bytes).
    Removing mg200.o(i.ReqEraseOne), (208 bytes).
    Removing mg200.o(i.ReqGetUserNum), (112 bytes).
    Removing mg200.o(i.ReqMatch1N), (144 bytes).
    Removing rfid.o(i.PcdAntennaOff), (12 bytes).
    Removing rfid.o(i.PcdAntennaOn), (26 bytes).
    Removing rfid.o(i.PcdWrite), (150 bytes).
    Removing rfid.o(i.Reset_RC522), (132 bytes).
    Removing core_cm3.o(.emb_text), (32 bytes).
    Removing system_stm32f10x.o(i.SystemCoreClockUpdate), (164 bytes).
    Removing system_stm32f10x.o(.data), (20 bytes).
    Removing startup_stm32f10x_md.o(HEAP), (512 bytes).
    Removing dadd.o(.text), (334 bytes).
    Removing dmul.o(.text), (228 bytes).
    Removing ddiv.o(.text), (222 bytes).
    Removing dfixul.o(.text), (48 bytes).
    Removing cdrcmple.o(.text), (48 bytes).
    Removing depilogue.o(.text), (186 bytes).

30 unused section(s) (total 4102 bytes) removed from the image.

==============================================================================

Image Symbol Table

    Local Symbols

    Symbol Name                              Value     Ov Type        Size  Object(Section)

    ../clib/microlib/division.c              0x00000000   Number         0  uidiv.o ABSOLUTE
    ../clib/microlib/division.c              0x00000000   Number         0  uldiv.o ABSOLUTE
    ../clib/microlib/init/entry.s            0x00000000   Number         0  entry10a.o ABSOLUTE
    ../clib/microlib/init/entry.s            0x00000000   Number         0  entry11b.o ABSOLUTE
    ../clib/microlib/init/entry.s            0x00000000   Number         0  entry9b.o ABSOLUTE
    ../clib/microlib/init/entry.s            0x00000000   Number         0  entry9a.o ABSOLUTE
    ../clib/microlib/init/entry.s            0x00000000   Number         0  entry5.o ABSOLUTE
    ../clib/microlib/init/entry.s            0x00000000   Number         0  entry.o ABSOLUTE
    ../clib/microlib/init/entry.s            0x00000000   Number         0  entry10b.o ABSOLUTE
    ../clib/microlib/init/entry.s            0x00000000   Number         0  entry11a.o ABSOLUTE
    ../clib/microlib/init/entry.s            0x00000000   Number         0  entry8b.o ABSOLUTE
    ../clib/microlib/init/entry.s            0x00000000   Number         0  entry8a.o ABSOLUTE
    ../clib/microlib/init/entry.s            0x00000000   Number         0  entry7b.o ABSOLUTE
    ../clib/microlib/init/entry.s            0x00000000   Number         0  entry7a.o ABSOLUTE
    ../clib/microlib/init/entry.s            0x00000000   Number         0  entry2.o ABSOLUTE
    ../clib/microlib/longlong.c              0x00000000   Number         0  llshl.o ABSOLUTE
    ../clib/microlib/longlong.c              0x00000000   Number         0  llushr.o ABSOLUTE
    ../clib/microlib/longlong.c              0x00000000   Number         0  llsshr.o ABSOLUTE
    ../clib/microlib/printf/printf.c         0x00000000   Number         0  printf2.o ABSOLUTE
    ../clib/microlib/printf/printf.c         0x00000000   Number         0  printf0.o ABSOLUTE
    ../clib/microlib/printf/printf.c         0x00000000   Number         0  printfb.o ABSOLUTE
    ../clib/microlib/printf/printf.c         0x00000000   Number         0  printf5.o ABSOLUTE
    ../clib/microlib/printf/printf.c         0x00000000   Number         0  printf3.o ABSOLUTE
    ../clib/microlib/printf/printf.c         0x00000000   Number         0  printf1.o ABSOLUTE
    ../clib/microlib/printf/printf.c         0x00000000   Number         0  printf7.o ABSOLUTE
    ../clib/microlib/printf/printf.c         0x00000000   Number         0  printf6.o ABSOLUTE
    ../clib/microlib/printf/printf.c         0x00000000   Number         0  printf4.o ABSOLUTE
    ../clib/microlib/printf/printf.c         0x00000000   Number         0  printfa.o ABSOLUTE
    ../clib/microlib/printf/printf.c         0x00000000   Number         0  printf8.o ABSOLUTE
    ../clib/microlib/printf/stubs.s          0x00000000   Number         0  stubs.o ABSOLUTE
    ../clib/microlib/string/strcmp.c         0x00000000   Number         0  strcmp.o ABSOLUTE
    ../clib/microlib/stubs.s                 0x00000000   Number         0  iusefp.o ABSOLUTE
    ../clib/microlib/stubs.s                 0x00000000   Number         0  useno.o ABSOLUTE
    ../fplib/microlib/fpadd.c                0x00000000   Number         0  dadd.o ABSOLUTE
    ../fplib/microlib/fpdiv.c                0x00000000   Number         0  ddiv.o ABSOLUTE
    ../fplib/microlib/fpepilogue.c           0x00000000   Number         0  depilogue.o ABSOLUTE
    ../fplib/microlib/fpfix.c                0x00000000   Number         0  dfixul.o ABSOLUTE
    ../fplib/microlib/fpmul.c                0x00000000   Number         0  dmul.o ABSOLUTE
    cdrcmple.s                               0x00000000   Number         0  cdrcmple.o ABSOLUTE
    cmsis\\core_cm3.c                        0x00000000   Number         0  core_cm3.o ABSOLUTE
    cmsis\core_cm3.c                         0x00000000   Number         0  core_cm3.o ABSOLUTE
    cmsis\startup_stm32f10x_md.s             0x00000000   Number         0  startup_stm32f10x_md.o ABSOLUTE
    cmsis\system_stm32f10x.c                 0x00000000   Number         0  system_stm32f10x.o ABSOLUTE
    dc.s                                     0x00000000   Number         0  dc.o ABSOLUTE
    handlers.s                               0x00000000   Number         0  handlers.o ABSOLUTE
    init.s                                   0x00000000   Number         0  init.o ABSOLUTE
    user\src\MPR121.c                        0x00000000   Number         0  mpr121.o ABSOLUTE
    user\src\font.c                          0x00000000   Number         0  font.o ABSOLUTE
    user\src\iic.c                           0x00000000   Number         0  iic.o ABSOLUTE
    user\src\key.c                           0x00000000   Number         0  key.o ABSOLUTE
    user\src\led.c                           0x00000000   Number         0  led.o ABSOLUTE
    user\src\main.c                          0x00000000   Number         0  main.o ABSOLUTE
    user\src\mg200.c                         0x00000000   Number         0  mg200.o ABSOLUTE
    user\src\motor.c                         0x00000000   Number         0  motor.o ABSOLUTE
    user\src\oled.c                          0x00000000   Number         0  oled.o ABSOLUTE
    user\src\rfid.c                          0x00000000   Number         0  rfid.o ABSOLUTE
    user\src\spi.c                           0x00000000   Number         0  spi.o ABSOLUTE
    user\src\systick.c                       0x00000000   Number         0  systick.o ABSOLUTE
    user\src\usart.c                         0x00000000   Number         0  usart.o ABSOLUTE
    user\src\voice.c                         0x00000000   Number         0  voice.o ABSOLUTE
    RESET                                    0x08000000   Section      236  startup_stm32f10x_md.o(RESET)
    .ARM.Collect$$$$00000000                 0x080000ec   Section        0  entry.o(.ARM.Collect$$$$00000000)
    .ARM.Collect$$$$00000001                 0x080000ec   Section        4  entry2.o(.ARM.Collect$$$$00000001)
    .ARM.Collect$$$$00000004                 0x080000f0   Section        4  entry5.o(.ARM.Collect$$$$00000004)
    .ARM.Collect$$$$00000008                 0x080000f4   Section        0  entry7b.o(.ARM.Collect$$$$00000008)
    .ARM.Collect$$$$0000000A                 0x080000f4   Section        0  entry8b.o(.ARM.Collect$$$$0000000A)
    .ARM.Collect$$$$0000000B                 0x080000f4   Section        8  entry9a.o(.ARM.Collect$$$$0000000B)
    .ARM.Collect$$$$0000000D                 0x080000fc   Section        0  entry10a.o(.ARM.Collect$$$$0000000D)
    .ARM.Collect$$$$0000000F                 0x080000fc   Section        0  entry11a.o(.ARM.Collect$$$$0000000F)
    .ARM.Collect$$$$00002712                 0x080000fc   Section        4  entry2.o(.ARM.Collect$$$$00002712)
    __lit__00000000                          0x080000fc   Data           4  entry2.o(.ARM.Collect$$$$00002712)
    .text                                    0x08000100   Section       36  startup_stm32f10x_md.o(.text)
    .text                                    0x08000124   Section        0  strcmp.o(.text)
    .text                                    0x08000140   Section        0  uldiv.o(.text)
    .text                                    0x080001a4   Section       36  init.o(.text)
    .text                                    0x080001c8   Section        0  llshl.o(.text)
    .text                                    0x080001e6   Section        0  llushr.o(.text)
    i.CalulateCRC                            0x08000206   Section        0  rfid.o(i.CalulateCRC)
    i.ClearBitMask                           0x08000272   Section        0  rfid.o(i.ClearBitMask)
    i.Delay_ms                               0x0800028e   Section        0  systick.o(i.Delay_ms)
    i.Delay_us                               0x080002cc   Section        0  systick.o(i.Delay_us)
    i.Hight                                  0x08000310   Section        0  voice.o(i.Hight)
    i.IIC_Get_ACK                            0x08000340   Section        0  iic.o(i.IIC_Get_ACK)
    i.IIC_Init                               0x080003b4   Section        0  iic.o(i.IIC_Init)
    i.IIC_Read_Data                          0x08000434   Section        0  iic.o(i.IIC_Read_Data)
    i.IIC_Send_ACK                           0x080004c0   Section        0  iic.o(i.IIC_Send_ACK)
    i.IIC_Send_Data                          0x08000520   Section        0  iic.o(i.IIC_Send_Data)
    i.IIC_Send_NoACK                         0x080005b4   Section        0  iic.o(i.IIC_Send_NoACK)
    i.IIC_Start                              0x08000614   Section        0  iic.o(i.IIC_Start)
    i.IIC_Stop                               0x08000684   Section        0  iic.o(i.IIC_Stop)
    i.Identificate_Card                      0x080006e4   Section        0  main.o(i.Identificate_Card)
    i.Interface_five                         0x08000724   Section        0  main.o(i.Interface_five)
    i.Interface_four                         0x08000800   Section        0  main.o(i.Interface_four)
    i.Interface_one                          0x0800093c   Section        0  main.o(i.Interface_one)
    i.Interface_three                        0x08000994   Section        0  main.o(i.Interface_three)
    i.Interface_two                          0x08000ab8   Section        0  main.o(i.Interface_two)
    i.Key_Init                               0x08000af4   Section        0  key.o(i.Key_Init)
    i.Key_Scan                               0x08000b30   Section        0  key.o(i.Key_Scan)
    i.Low                                    0x08000b78   Section        0  voice.o(i.Low)
    i.MPR_GetKey                             0x08000ba8   Section        0  mpr121.o(i.MPR_GetKey)
    i.MPR_Init                               0x08000c3c   Section        0  mpr121.o(i.MPR_Init)
    i.MPR_read                               0x08000d94   Section        0  mpr121.o(i.MPR_read)
    i.MPR_write                              0x08000dd2   Section        0  mpr121.o(i.MPR_write)
    i.OLED_IO_Init                           0x08000e04   Section        0  oled.o(i.OLED_IO_Init)
    i.OLED_Init                              0x08000e8c   Section        0  oled.o(i.OLED_Init)
    i.OLED_Reset                             0x08000f88   Section        0  oled.o(i.OLED_Reset)
    i.OLED_clear                             0x08000fb4   Section        0  oled.o(i.OLED_clear)
    i.OLED_setstart                          0x08000ff4   Section        0  oled.o(i.OLED_setstart)
    i.OLED_writeByte                         0x08001020   Section        0  oled.o(i.OLED_writeByte)
    i.PcdAnticoll                            0x08001068   Section        0  rfid.o(i.PcdAnticoll)
    i.PcdAuthState                           0x080010d8   Section        0  rfid.o(i.PcdAuthState)
    i.PcdComMF522                            0x0800112e   Section        0  rfid.o(i.PcdComMF522)
    i.PcdRead                                0x0800126c   Section        0  rfid.o(i.PcdRead)
    i.PcdRequest                             0x080012c2   Section        0  rfid.o(i.PcdRequest)
    i.PcdSelect                              0x08001318   Section        0  rfid.o(i.PcdSelect)
    i.RFID_Init                              0x0800138c   Section        0  rfid.o(i.RFID_Init)
    i.ReadCardData                           0x080013f0   Section        0  main.o(i.ReadCardData)
    i.ReadRawRC                              0x08001444   Section        0  rfid.o(i.ReadRawRC)
    i.SPI_2_Init                             0x08001484   Section        0  spi.o(i.SPI_2_Init)
    i.SPI_Read_Write_Byte                    0x08001570   Section        0  spi.o(i.SPI_Read_Write_Byte)
    i.Send_Data                              0x080015a0   Section        0  voice.o(i.Send_Data)
    i.SetBitMask                             0x080015fc   Section        0  rfid.o(i.SetBitMask)
    i.SetSysClock                            0x08001618   Section        0  system_stm32f10x.o(i.SetSysClock)
    SetSysClock                              0x08001619   Thumb Code     8  system_stm32f10x.o(i.SetSysClock)
    i.SetSysClockTo72                        0x08001620   Section        0  system_stm32f10x.o(i.SetSysClockTo72)
    SetSysClockTo72                          0x08001621   Thumb Code   214  system_stm32f10x.o(i.SetSysClockTo72)
    i.SystemInit                             0x08001700   Section        0  system_stm32f10x.o(i.SystemInit)
    i.USART1_IRQHandler                      0x08001760   Section        0  usart.o(i.USART1_IRQHandler)
    i.USART2_IRQHandler                      0x080017c0   Section        0  mg200.o(i.USART2_IRQHandler)
    i.VOICE_Init                             0x08001810   Section        0  voice.o(i.VOICE_Init)
    i.WriteRawRC                             0x08001864   Section        0  rfid.o(i.WriteRawRC)
    i.__0printf$8                            0x0800189c   Section        0  printf8.o(i.__0printf$8)
    i.__0sprintf$8                           0x080018bc   Section        0  printf8.o(i.__0sprintf$8)
    i.__scatterload_copy                     0x080018e4   Section       14  handlers.o(i.__scatterload_copy)
    i.__scatterload_null                     0x080018f2   Section        2  handlers.o(i.__scatterload_null)
    i.__scatterload_zeroinit                 0x080018f4   Section       14  handlers.o(i.__scatterload_zeroinit)
    i._printf_core                           0x08001904   Section        0  printf8.o(i._printf_core)
    _printf_core                             0x08001905   Thumb Code   996  printf8.o(i._printf_core)
    i._printf_post_padding                   0x08001d14   Section        0  printf8.o(i._printf_post_padding)
    _printf_post_padding                     0x08001d15   Thumb Code    36  printf8.o(i._printf_post_padding)
    i._printf_pre_padding                    0x08001d38   Section        0  printf8.o(i._printf_pre_padding)
    _printf_pre_padding                      0x08001d39   Thumb Code    46  printf8.o(i._printf_pre_padding)
    i._sputc                                 0x08001d66   Section        0  printf8.o(i._sputc)
    _sputc                                   0x08001d67   Thumb Code    10  printf8.o(i._sputc)
    i.fputc                                  0x08001d70   Section        0  usart.o(i.fputc)
    i.lock_init                              0x08001d8c   Section        0  motor.o(i.lock_init)
    i.main                                   0x08001df0   Section        0  main.o(i.main)
    i.oled_Dis_ch16                          0x08001e60   Section        0  oled.o(i.oled_Dis_ch16)
    i.oled_Dis_hz16                          0x08001eb0   Section        0  oled.o(i.oled_Dis_hz16)
    i.oled_Dis_hzstr16                       0x08001f28   Section        0  oled.o(i.oled_Dis_hzstr16)
    i.oled_Dis_pic                           0x08001f4c   Section        0  oled.o(i.oled_Dis_pic)
    i.oled_Dis_str16                         0x08001fbc   Section        0  oled.o(i.oled_Dis_str16)
    i.open_lock                              0x08001fe0   Section        0  motor.o(i.open_lock)
    i.set_lock_sta                           0x0800200c   Section        0  motor.o(i.set_lock_sta)
    i.usart1_init                            0x0800206c   Section        0  usart.o(i.usart1_init)
    .constdata                               0x080021c0   Section     7565  font.o(.constdata)
    .conststring                             0x08003f50   Section       90  main.o(.conststring)
    .data                                    0x20000000   Section       16  main.o(.data)
    .data                                    0x20000010   Section        1  key.o(.data)
    flag                                     0x20000010   Data           1  key.o(.data)
    .data                                    0x20000014   Section        5  usart.o(.data)
    i                                        0x20000018   Data           1  usart.o(.data)
    .data                                    0x20000019   Section       17  mg200.o(.data)
    .bss                                     0x2000002c   Section       50  usart.o(.bss)
    STACK                                    0x20000060   Section     1024  startup_stm32f10x_md.o(STACK)

    Global Symbols

    Symbol Name                              Value     Ov Type        Size  Object(Section)

    BuildAttributes$$THM_ISAv4$P$D$K$B$S$PE$A:L22UL41UL21$X:L11$S22US41US21$IEEE1$IW$USESV6$~STKCKD$USESV7$~SHL$OSPACE$ROPI$EBA8$MICROLIB$REQ8$PRES8$EABIv2 0x00000000   Number         0  anon$$obj.o ABSOLUTE
    __ARM_use_no_argv                        0x00000000   Number         0  main.o ABSOLUTE
    __use_no_errno                           0x00000000   Number         0  useno.o ABSOLUTE
    __use_no_exception_handling              0x00000000   Number         0  useno.o ABSOLUTE
    __use_no_fp                              0x00000000   Number         0  useno.o ABSOLUTE
    __use_no_heap                            0x00000000   Number         0  useno.o ABSOLUTE
    __use_no_heap_region                     0x00000000   Number         0  useno.o ABSOLUTE
    __use_no_semihosting                     0x00000000   Number         0  useno.o ABSOLUTE
    __use_no_semihosting_swi                 0x00000000   Number         0  useno.o ABSOLUTE
    __use_no_signal_handling                 0x00000000   Number         0  useno.o ABSOLUTE
    _printf_a                                0x00000000   Number         0  stubs.o ABSOLUTE
    _printf_c                                0x00000000   Number         0  stubs.o ABSOLUTE
    _printf_charcount                        0x00000000   Number         0  stubs.o ABSOLUTE
    _printf_d                                0x00000000   Number         0  stubs.o ABSOLUTE
    _printf_e                                0x00000000   Number         0  stubs.o ABSOLUTE
    _printf_f                                0x00000000   Number         0  stubs.o ABSOLUTE
    _printf_flags                            0x00000000   Number         0  stubs.o ABSOLUTE
    _printf_fp_dec                           0x00000000   Number         0  stubs.o ABSOLUTE
    _printf_fp_hex                           0x00000000   Number         0  stubs.o ABSOLUTE
    _printf_g                                0x00000000   Number         0  stubs.o ABSOLUTE
    _printf_i                                0x00000000   Number         0  stubs.o ABSOLUTE
    _printf_int_dec                          0x00000000   Number         0  stubs.o ABSOLUTE
    _printf_l                                0x00000000   Number         0  stubs.o ABSOLUTE
    _printf_lc                               0x00000000   Number         0  stubs.o ABSOLUTE
    _printf_ll                               0x00000000   Number         0  stubs.o ABSOLUTE
    _printf_lld                              0x00000000   Number         0  stubs.o ABSOLUTE
    _printf_lli                              0x00000000   Number         0  stubs.o ABSOLUTE
    _printf_llo                              0x00000000   Number         0  stubs.o ABSOLUTE
    _printf_llu                              0x00000000   Number         0  stubs.o ABSOLUTE
    _printf_llx                              0x00000000   Number         0  stubs.o ABSOLUTE
    _printf_longlong_dec                     0x00000000   Number         0  stubs.o ABSOLUTE
    _printf_longlong_hex                     0x00000000   Number         0  stubs.o ABSOLUTE
    _printf_longlong_oct                     0x00000000   Number         0  stubs.o ABSOLUTE
    _printf_ls                               0x00000000   Number         0  stubs.o ABSOLUTE
    _printf_mbtowc                           0x00000000   Number         0  stubs.o ABSOLUTE
    _printf_n                                0x00000000   Number         0  stubs.o ABSOLUTE
    _printf_o                                0x00000000   Number         0  stubs.o ABSOLUTE
    _printf_p                                0x00000000   Number         0  stubs.o ABSOLUTE
    _printf_percent                          0x00000000   Number         0  stubs.o ABSOLUTE
    _printf_pre_padding                      0x00000000   Number         0  stubs.o ABSOLUTE
    _printf_return_value                     0x00000000   Number         0  stubs.o ABSOLUTE
    _printf_s                                0x00000000   Number         0  stubs.o ABSOLUTE
    _printf_sizespec                         0x00000000   Number         0  stubs.o ABSOLUTE
    _printf_str                              0x00000000   Number         0  stubs.o ABSOLUTE
    _printf_truncate_signed                  0x00000000   Number         0  stubs.o ABSOLUTE
    _printf_truncate_unsigned                0x00000000   Number         0  stubs.o ABSOLUTE
    _printf_u                                0x00000000   Number         0  stubs.o ABSOLUTE
    _printf_wc                               0x00000000   Number         0  stubs.o ABSOLUTE
    _printf_wctomb                           0x00000000   Number         0  stubs.o ABSOLUTE
    _printf_widthprec                        0x00000000   Number         0  stubs.o ABSOLUTE
    _printf_x                                0x00000000   Number         0  stubs.o ABSOLUTE
    __cpp_initialize__aeabi_                  - Undefined Weak Reference
    __cxa_finalize                            - Undefined Weak Reference
    __decompress                              - Undefined Weak Reference
    _clock_init                               - Undefined Weak Reference
    _microlib_exit                            - Undefined Weak Reference
    __Vectors_Size                           0x000000ec   Number         0  startup_stm32f10x_md.o ABSOLUTE
    __Vectors                                0x08000000   Data           4  startup_stm32f10x_md.o(RESET)
    __Vectors_End                            0x080000ec   Data           0  startup_stm32f10x_md.o(RESET)
    __main                                   0x080000ed   Thumb Code     0  entry.o(.ARM.Collect$$$$00000000)
    _main_stk                                0x080000ed   Thumb Code     0  entry2.o(.ARM.Collect$$$$00000001)
    _main_scatterload                        0x080000f1   Thumb Code     0  entry5.o(.ARM.Collect$$$$00000004)
    __main_after_scatterload                 0x080000f5   Thumb Code     0  entry5.o(.ARM.Collect$$$$00000004)
    _main_clock                              0x080000f5   Thumb Code     0  entry7b.o(.ARM.Collect$$$$00000008)
    _main_cpp_init                           0x080000f5   Thumb Code     0  entry8b.o(.ARM.Collect$$$$0000000A)
    _main_init                               0x080000f5   Thumb Code     0  entry9a.o(.ARM.Collect$$$$0000000B)
    __rt_final_cpp                           0x080000fd   Thumb Code     0  entry10a.o(.ARM.Collect$$$$0000000D)
    __rt_final_exit                          0x080000fd   Thumb Code     0  entry11a.o(.ARM.Collect$$$$0000000F)
    Reset_Handler                            0x08000101   Thumb Code     8  startup_stm32f10x_md.o(.text)
    NMI_Handler                              0x08000109   Thumb Code     2  startup_stm32f10x_md.o(.text)
    HardFault_Handler                        0x0800010b   Thumb Code     2  startup_stm32f10x_md.o(.text)
    MemManage_Handler                        0x0800010d   Thumb Code     2  startup_stm32f10x_md.o(.text)
    BusFault_Handler                         0x0800010f   Thumb Code     2  startup_stm32f10x_md.o(.text)
    UsageFault_Handler                       0x08000111   Thumb Code     2  startup_stm32f10x_md.o(.text)
    SVC_Handler                              0x08000113   Thumb Code     2  startup_stm32f10x_md.o(.text)
    DebugMon_Handler                         0x08000115   Thumb Code     2  startup_stm32f10x_md.o(.text)
    PendSV_Handler                           0x08000117   Thumb Code     2  startup_stm32f10x_md.o(.text)
    SysTick_Handler                          0x08000119   Thumb Code     2  startup_stm32f10x_md.o(.text)
    ADC1_2_IRQHandler                        0x0800011b   Thumb Code     0  startup_stm32f10x_md.o(.text)
    CAN1_RX1_IRQHandler                      0x0800011b   Thumb Code     0  startup_stm32f10x_md.o(.text)
    CAN1_SCE_IRQHandler                      0x0800011b   Thumb Code     0  startup_stm32f10x_md.o(.text)
    DMA1_Channel1_IRQHandler                 0x0800011b   Thumb Code     0  startup_stm32f10x_md.o(.text)
    DMA1_Channel2_IRQHandler                 0x0800011b   Thumb Code     0  startup_stm32f10x_md.o(.text)
    DMA1_Channel3_IRQHandler                 0x0800011b   Thumb Code     0  startup_stm32f10x_md.o(.text)
    DMA1_Channel4_IRQHandler                 0x0800011b   Thumb Code     0  startup_stm32f10x_md.o(.text)
    DMA1_Channel5_IRQHandler                 0x0800011b   Thumb Code     0  startup_stm32f10x_md.o(.text)
    DMA1_Channel6_IRQHandler                 0x0800011b   Thumb Code     0  startup_stm32f10x_md.o(.text)
    DMA1_Channel7_IRQHandler                 0x0800011b   Thumb Code     0  startup_stm32f10x_md.o(.text)
    EXTI0_IRQHandler                         0x0800011b   Thumb Code     0  startup_stm32f10x_md.o(.text)
    EXTI15_10_IRQHandler                     0x0800011b   Thumb Code     0  startup_stm32f10x_md.o(.text)
    EXTI1_IRQHandler                         0x0800011b   Thumb Code     0  startup_stm32f10x_md.o(.text)
    EXTI2_IRQHandler                         0x0800011b   Thumb Code     0  startup_stm32f10x_md.o(.text)
    EXTI3_IRQHandler                         0x0800011b   Thumb Code     0  startup_stm32f10x_md.o(.text)
    EXTI4_IRQHandler                         0x0800011b   Thumb Code     0  startup_stm32f10x_md.o(.text)
    EXTI9_5_IRQHandler                       0x0800011b   Thumb Code     0  startup_stm32f10x_md.o(.text)
    FLASH_IRQHandler                         0x0800011b   Thumb Code     0  startup_stm32f10x_md.o(.text)
    I2C1_ER_IRQHandler                       0x0800011b   Thumb Code     0  startup_stm32f10x_md.o(.text)
    I2C1_EV_IRQHandler                       0x0800011b   Thumb Code     0  startup_stm32f10x_md.o(.text)
    I2C2_ER_IRQHandler                       0x0800011b   Thumb Code     0  startup_stm32f10x_md.o(.text)
    I2C2_EV_IRQHandler                       0x0800011b   Thumb Code     0  startup_stm32f10x_md.o(.text)
    PVD_IRQHandler                           0x0800011b   Thumb Code     0  startup_stm32f10x_md.o(.text)
    RCC_IRQHandler                           0x0800011b   Thumb Code     0  startup_stm32f10x_md.o(.text)
    RTCAlarm_IRQHandler                      0x0800011b   Thumb Code     0  startup_stm32f10x_md.o(.text)
    RTC_IRQHandler                           0x0800011b   Thumb Code     0  startup_stm32f10x_md.o(.text)
    SPI1_IRQHandler                          0x0800011b   Thumb Code     0  startup_stm32f10x_md.o(.text)
    SPI2_IRQHandler                          0x0800011b   Thumb Code     0  startup_stm32f10x_md.o(.text)
    TAMPER_IRQHandler                        0x0800011b   Thumb Code     0  startup_stm32f10x_md.o(.text)
    TIM1_BRK_IRQHandler                      0x0800011b   Thumb Code     0  startup_stm32f10x_md.o(.text)
    TIM1_CC_IRQHandler                       0x0800011b   Thumb Code     0  startup_stm32f10x_md.o(.text)
    TIM1_TRG_COM_IRQHandler                  0x0800011b   Thumb Code     0  startup_stm32f10x_md.o(.text)
    TIM1_UP_IRQHandler                       0x0800011b   Thumb Code     0  startup_stm32f10x_md.o(.text)
    TIM2_IRQHandler                          0x0800011b   Thumb Code     0  startup_stm32f10x_md.o(.text)
    TIM3_IRQHandler                          0x0800011b   Thumb Code     0  startup_stm32f10x_md.o(.text)
    TIM4_IRQHandler                          0x0800011b   Thumb Code     0  startup_stm32f10x_md.o(.text)
    USART3_IRQHandler                        0x0800011b   Thumb Code     0  startup_stm32f10x_md.o(.text)
    USBWakeUp_IRQHandler                     0x0800011b   Thumb Code     0  startup_stm32f10x_md.o(.text)
    USB_HP_CAN1_TX_IRQHandler                0x0800011b   Thumb Code     0  startup_stm32f10x_md.o(.text)
    USB_LP_CAN1_RX0_IRQHandler               0x0800011b   Thumb Code     0  startup_stm32f10x_md.o(.text)
    WWDG_IRQHandler                          0x0800011b   Thumb Code     0  startup_stm32f10x_md.o(.text)
    strcmp                                   0x08000125   Thumb Code    28  strcmp.o(.text)
    __aeabi_uldivmod                         0x08000141   Thumb Code    98  uldiv.o(.text)
    __scatterload                            0x080001a5   Thumb Code    28  init.o(.text)
    __scatterload_rt2                        0x080001a5   Thumb Code     0  init.o(.text)
    __aeabi_llsl                             0x080001c9   Thumb Code    30  llshl.o(.text)
    _ll_shift_l                              0x080001c9   Thumb Code     0  llshl.o(.text)
    __aeabi_llsr                             0x080001e7   Thumb Code    32  llushr.o(.text)
    _ll_ushift_r                             0x080001e7   Thumb Code     0  llushr.o(.text)
    CalulateCRC                              0x08000207   Thumb Code   108  rfid.o(i.CalulateCRC)
    ClearBitMask                             0x08000273   Thumb Code    28  rfid.o(i.ClearBitMask)
    Delay_ms                                 0x0800028f   Thumb Code    62  systick.o(i.Delay_ms)
    Delay_us                                 0x080002cd   Thumb Code    68  systick.o(i.Delay_us)
    Hight                                    0x08000311   Thumb Code    44  voice.o(i.Hight)
    IIC_Get_ACK                              0x08000341   Thumb Code   110  iic.o(i.IIC_Get_ACK)
    IIC_Init                                 0x080003b5   Thumb Code   114  iic.o(i.IIC_Init)
    IIC_Read_Data                            0x08000435   Thumb Code   126  iic.o(i.IIC_Read_Data)
    IIC_Send_ACK                             0x080004c1   Thumb Code    90  iic.o(i.IIC_Send_ACK)
    IIC_Send_Data                            0x08000521   Thumb Code   144  iic.o(i.IIC_Send_Data)
    IIC_Send_NoACK                           0x080005b5   Thumb Code    90  iic.o(i.IIC_Send_NoACK)
    IIC_Start                                0x08000615   Thumb Code   106  iic.o(i.IIC_Start)
    IIC_Stop                                 0x08000685   Thumb Code    90  iic.o(i.IIC_Stop)
    Identificate_Card                        0x080006e5   Thumb Code    62  main.o(i.Identificate_Card)
    Interface_five                           0x08000725   Thumb Code   194  main.o(i.Interface_five)
    Interface_four                           0x08000801   Thumb Code   222  main.o(i.Interface_four)
    Interface_one                            0x0800093d   Thumb Code    62  main.o(i.Interface_one)
    Interface_three                          0x08000995   Thumb Code   224  main.o(i.Interface_three)
    Interface_two                            0x08000ab9   Thumb Code    56  main.o(i.Interface_two)
    Key_Init                                 0x08000af5   Thumb Code    52  key.o(i.Key_Init)
    Key_Scan                                 0x08000b31   Thumb Code    64  key.o(i.Key_Scan)
    Low                                      0x08000b79   Thumb Code    44  voice.o(i.Low)
    MPR_GetKey                               0x08000ba9   Thumb Code   148  mpr121.o(i.MPR_GetKey)
    MPR_Init                                 0x08000c3d   Thumb Code   344  mpr121.o(i.MPR_Init)
    MPR_read                                 0x08000d95   Thumb Code    62  mpr121.o(i.MPR_read)
    MPR_write                                0x08000dd3   Thumb Code    48  mpr121.o(i.MPR_write)
    OLED_IO_Init                             0x08000e05   Thumb Code   128  oled.o(i.OLED_IO_Init)
    OLED_Init                                0x08000e8d   Thumb Code   252  oled.o(i.OLED_Init)
    OLED_Reset                               0x08000f89   Thumb Code    40  oled.o(i.OLED_Reset)
    OLED_clear                               0x08000fb5   Thumb Code    64  oled.o(i.OLED_clear)
    OLED_setstart                            0x08000ff5   Thumb Code    42  oled.o(i.OLED_setstart)
    OLED_writeByte                           0x08001021   Thumb Code    66  oled.o(i.OLED_writeByte)
    PcdAnticoll                              0x08001069   Thumb Code   112  rfid.o(i.PcdAnticoll)
    PcdAuthState                             0x080010d9   Thumb Code    86  rfid.o(i.PcdAuthState)
    PcdComMF522                              0x0800112f   Thumb Code   318  rfid.o(i.PcdComMF522)
    PcdRead                                  0x0800126d   Thumb Code    86  rfid.o(i.PcdRead)
    PcdRequest                               0x080012c3   Thumb Code    86  rfid.o(i.PcdRequest)
    PcdSelect                                0x08001319   Thumb Code   116  rfid.o(i.PcdSelect)
    RFID_Init                                0x0800138d   Thumb Code    90  rfid.o(i.RFID_Init)
    ReadCardData                             0x080013f1   Thumb Code    74  main.o(i.ReadCardData)
    ReadRawRC                                0x08001445   Thumb Code    58  rfid.o(i.ReadRawRC)
    SPI_2_Init                               0x08001485   Thumb Code   218  spi.o(i.SPI_2_Init)
    SPI_Read_Write_Byte                      0x08001571   Thumb Code    44  spi.o(i.SPI_Read_Write_Byte)
    Send_Data                                0x080015a1   Thumb Code    88  voice.o(i.Send_Data)
    SetBitMask                               0x080015fd   Thumb Code    28  rfid.o(i.SetBitMask)
    SystemInit                               0x08001701   Thumb Code    78  system_stm32f10x.o(i.SystemInit)
    USART1_IRQHandler                        0x08001761   Thumb Code    80  usart.o(i.USART1_IRQHandler)
    USART2_IRQHandler                        0x080017c1   Thumb Code    62  mg200.o(i.USART2_IRQHandler)
    VOICE_Init                               0x08001811   Thumb Code    74  voice.o(i.VOICE_Init)
    WriteRawRC                               0x08001865   Thumb Code    50  rfid.o(i.WriteRawRC)
    __0printf$8                              0x0800189d   Thumb Code    22  printf8.o(i.__0printf$8)
    __1printf$8                              0x0800189d   Thumb Code     0  printf8.o(i.__0printf$8)
    __2printf                                0x0800189d   Thumb Code     0  printf8.o(i.__0printf$8)
    __0sprintf$8                             0x080018bd   Thumb Code    34  printf8.o(i.__0sprintf$8)
    __1sprintf$8                             0x080018bd   Thumb Code     0  printf8.o(i.__0sprintf$8)
    __2sprintf                               0x080018bd   Thumb Code     0  printf8.o(i.__0sprintf$8)
    __scatterload_copy                       0x080018e5   Thumb Code    14  handlers.o(i.__scatterload_copy)
    __scatterload_null                       0x080018f3   Thumb Code     2  handlers.o(i.__scatterload_null)
    __scatterload_zeroinit                   0x080018f5   Thumb Code    14  handlers.o(i.__scatterload_zeroinit)
    fputc                                    0x08001d71   Thumb Code    24  usart.o(i.fputc)
    lock_init                                0x08001d8d   Thumb Code    92  motor.o(i.lock_init)
    main                                     0x08001df1   Thumb Code   110  main.o(i.main)
    oled_Dis_ch16                            0x08001e61   Thumb Code    76  oled.o(i.oled_Dis_ch16)
    oled_Dis_hz16                            0x08001eb1   Thumb Code   112  oled.o(i.oled_Dis_hz16)
    oled_Dis_hzstr16                         0x08001f29   Thumb Code    36  oled.o(i.oled_Dis_hzstr16)
    oled_Dis_pic                             0x08001f4d   Thumb Code   112  oled.o(i.oled_Dis_pic)
    oled_Dis_str16                           0x08001fbd   Thumb Code    36  oled.o(i.oled_Dis_str16)
    open_lock                                0x08001fe1   Thumb Code    42  motor.o(i.open_lock)
    set_lock_sta                             0x0800200d   Thumb Code    92  motor.o(i.set_lock_sta)
    usart1_init                              0x0800206d   Thumb Code   316  usart.o(i.usart1_init)
    hztable                                  0x080021c0   Data          73  font.o(.constdata)
    hz16                                     0x08002209   Data        1152  font.o(.constdata)
    pic_ren                                  0x08002689   Data         200  font.o(.constdata)
    pic_car                                  0x08002751   Data          60  font.o(.constdata)
    F16X16                                   0x0800278d   Data        1520  font.o(.constdata)
    F32X24                                   0x08002d7d   Data        4560  font.o(.constdata)
    Region$$Table$$Base                      0x08003fac   Number         0  anon$$obj.o(Region$$Table)
    Region$$Table$$Limit                     0x08003fcc   Number         0  anon$$obj.o(Region$$Table)
    pwd                                      0x20000000   Data           4  main.o(.data)
    CardId                                   0x20000004   Data           4  main.o(.data)
    CardType                                 0x20000008   Data           2  main.o(.data)
    KEY                                      0x2000000a   Data           6  main.o(.data)
    __stdout                                 0x20000014   Data           4  usart.o(.data)
    Send_Buff                                0x20000019   Data           7  mg200.o(.data)
    Recv_Buff                                0x20000020   Data           8  mg200.o(.data)
    RecvCount                                0x20000028   Data           1  mg200.o(.data)
    RecvFlag                                 0x20000029   Data           1  mg200.o(.data)
    ch1                                      0x2000002c   Data          50  usart.o(.bss)
    __initial_sp                             0x20000460   Data           0  startup_stm32f10x_md.o(STACK)



==============================================================================

Memory Map of the image

  Image Entry point : 0x080000ed

  Load Region LR_IROM1 (Base: 0x08000000, Size: 0x00003ff8, Max: 0x00010000, ABSOLUTE)

    Execution Region ER_IROM1 (Base: 0x08000000, Size: 0x00003fcc, Max: 0x00010000, ABSOLUTE)

    Base Addr    Size         Type   Attr      Idx    E Section Name        Object

    0x08000000   0x000000ec   Data   RO          707    RESET               startup_stm32f10x_md.o
    0x080000ec   0x00000000   Code   RO          712  * .ARM.Collect$$$$00000000  mc_w.l(entry.o)
    0x080000ec   0x00000004   Code   RO          978    .ARM.Collect$$$$00000001  mc_w.l(entry2.o)
    0x080000f0   0x00000004   Code   RO          981    .ARM.Collect$$$$00000004  mc_w.l(entry5.o)
    0x080000f4   0x00000000   Code   RO          983    .ARM.Collect$$$$00000008  mc_w.l(entry7b.o)
    0x080000f4   0x00000000   Code   RO          985    .ARM.Collect$$$$0000000A  mc_w.l(entry8b.o)
    0x080000f4   0x00000008   Code   RO          986    .ARM.Collect$$$$0000000B  mc_w.l(entry9a.o)
    0x080000fc   0x00000000   Code   RO          988    .ARM.Collect$$$$0000000D  mc_w.l(entry10a.o)
    0x080000fc   0x00000000   Code   RO          990    .ARM.Collect$$$$0000000F  mc_w.l(entry11a.o)
    0x080000fc   0x00000004   Code   RO          979    .ARM.Collect$$$$00002712  mc_w.l(entry2.o)
    0x08000100   0x00000024   Code   RO          708    .text               startup_stm32f10x_md.o
    0x08000124   0x0000001c   Code   RO          715    .text               mc_w.l(strcmp.o)
    0x08000140   0x00000062   Code   RO          994    .text               mc_w.l(uldiv.o)
    0x080001a2   0x00000002   PAD
    0x080001a4   0x00000024   Code   RO         1007    .text               mc_w.l(init.o)
    0x080001c8   0x0000001e   Code   RO         1009    .text               mc_w.l(llshl.o)
    0x080001e6   0x00000020   Code   RO         1011    .text               mc_w.l(llushr.o)
    0x08000206   0x0000006c   Code   RO          463    i.CalulateCRC       rfid.o
    0x08000272   0x0000001c   Code   RO          464    i.ClearBitMask      rfid.o
    0x0800028e   0x0000003e   Code   RO          151    i.Delay_ms          systick.o
    0x080002cc   0x00000044   Code   RO          152    i.Delay_us          systick.o
    0x08000310   0x00000030   Code   RO          433    i.Hight             voice.o
    0x08000340   0x00000074   Code   RO          595    i.IIC_Get_ACK       iic.o
    0x080003b4   0x00000080   Code   RO          596    i.IIC_Init          iic.o
    0x08000434   0x0000008c   Code   RO          597    i.IIC_Read_Data     iic.o
    0x080004c0   0x00000060   Code   RO          598    i.IIC_Send_ACK      iic.o
    0x08000520   0x00000094   Code   RO          599    i.IIC_Send_Data     iic.o
    0x080005b4   0x00000060   Code   RO          600    i.IIC_Send_NoACK    iic.o
    0x08000614   0x00000070   Code   RO          601    i.IIC_Start         iic.o
    0x08000684   0x00000060   Code   RO          602    i.IIC_Stop          iic.o
    0x080006e4   0x0000003e   Code   RO           32    i.Identificate_Card  main.o
    0x08000722   0x00000002   PAD
    0x08000724   0x000000dc   Code   RO           33    i.Interface_five    main.o
    0x08000800   0x0000013c   Code   RO           34    i.Interface_four    main.o
    0x0800093c   0x00000058   Code   RO           35    i.Interface_one     main.o
    0x08000994   0x00000124   Code   RO           36    i.Interface_three   main.o
    0x08000ab8   0x0000003c   Code   RO           37    i.Interface_two     main.o
    0x08000af4   0x0000003c   Code   RO          132    i.Key_Init          key.o
    0x08000b30   0x00000048   Code   RO          133    i.Key_Scan          key.o
    0x08000b78   0x00000030   Code   RO          434    i.Low               voice.o
    0x08000ba8   0x00000094   Code   RO          565    i.MPR_GetKey        mpr121.o
    0x08000c3c   0x00000158   Code   RO          566    i.MPR_Init          mpr121.o
    0x08000d94   0x0000003e   Code   RO          567    i.MPR_read          mpr121.o
    0x08000dd2   0x00000030   Code   RO          568    i.MPR_write         mpr121.o
    0x08000e02   0x00000002   PAD
    0x08000e04   0x00000088   Code   RO          352    i.OLED_IO_Init      oled.o
    0x08000e8c   0x000000fc   Code   RO          353    i.OLED_Init         oled.o
    0x08000f88   0x0000002c   Code   RO          354    i.OLED_Reset        oled.o
    0x08000fb4   0x00000040   Code   RO          355    i.OLED_clear        oled.o
    0x08000ff4   0x0000002a   Code   RO          356    i.OLED_setstart     oled.o
    0x0800101e   0x00000002   PAD
    0x08001020   0x00000048   Code   RO          357    i.OLED_writeByte    oled.o
    0x08001068   0x00000070   Code   RO          467    i.PcdAnticoll       rfid.o
    0x080010d8   0x00000056   Code   RO          468    i.PcdAuthState      rfid.o
    0x0800112e   0x0000013e   Code   RO          469    i.PcdComMF522       rfid.o
    0x0800126c   0x00000056   Code   RO          470    i.PcdRead           rfid.o
    0x080012c2   0x00000056   Code   RO          471    i.PcdRequest        rfid.o
    0x08001318   0x00000074   Code   RO          472    i.PcdSelect         rfid.o
    0x0800138c   0x00000064   Code   RO          474    i.RFID_Init         rfid.o
    0x080013f0   0x00000054   Code   RO           38    i.ReadCardData      main.o
    0x08001444   0x00000040   Code   RO          475    i.ReadRawRC         rfid.o
    0x08001484   0x000000ec   Code   RO          334    i.SPI_2_Init        spi.o
    0x08001570   0x00000030   Code   RO          335    i.SPI_Read_Write_Byte  spi.o
    0x080015a0   0x0000005c   Code   RO          435    i.Send_Data         voice.o
    0x080015fc   0x0000001c   Code   RO          477    i.SetBitMask        rfid.o
    0x08001618   0x00000008   Code   RO          664    i.SetSysClock       system_stm32f10x.o
    0x08001620   0x000000e0   Code   RO          665    i.SetSysClockTo72   system_stm32f10x.o
    0x08001700   0x00000060   Code   RO          667    i.SystemInit        system_stm32f10x.o
    0x08001760   0x00000060   Code   RO          193    i.USART1_IRQHandler  usart.o
    0x080017c0   0x00000050   Code   RO          271    i.USART2_IRQHandler  mg200.o
    0x08001810   0x00000054   Code   RO          436    i.VOICE_Init        voice.o
    0x08001864   0x00000038   Code   RO          478    i.WriteRawRC        rfid.o
    0x0800189c   0x00000020   Code   RO          924    i.__0printf$8       mc_w.l(printf8.o)
    0x080018bc   0x00000028   Code   RO          926    i.__0sprintf$8      mc_w.l(printf8.o)
    0x080018e4   0x0000000e   Code   RO         1019    i.__scatterload_copy  mc_w.l(handlers.o)
    0x080018f2   0x00000002   Code   RO         1020    i.__scatterload_null  mc_w.l(handlers.o)
    0x080018f4   0x0000000e   Code   RO         1021    i.__scatterload_zeroinit  mc_w.l(handlers.o)
    0x08001902   0x00000002   PAD
    0x08001904   0x00000410   Code   RO          931    i._printf_core      mc_w.l(printf8.o)
    0x08001d14   0x00000024   Code   RO          932    i._printf_post_padding  mc_w.l(printf8.o)
    0x08001d38   0x0000002e   Code   RO          933    i._printf_pre_padding  mc_w.l(printf8.o)
    0x08001d66   0x0000000a   Code   RO          935    i._sputc            mc_w.l(printf8.o)
    0x08001d70   0x0000001c   Code   RO          195    i.fputc             usart.o
    0x08001d8c   0x00000064   Code   RO          169    i.lock_init         motor.o
    0x08001df0   0x0000006e   Code   RO           39    i.main              main.o
    0x08001e5e   0x00000002   PAD
    0x08001e60   0x00000050   Code   RO          358    i.oled_Dis_ch16     oled.o
    0x08001eb0   0x00000078   Code   RO          359    i.oled_Dis_hz16     oled.o
    0x08001f28   0x00000024   Code   RO          360    i.oled_Dis_hzstr16  oled.o
    0x08001f4c   0x00000070   Code   RO          361    i.oled_Dis_pic      oled.o
    0x08001fbc   0x00000024   Code   RO          362    i.oled_Dis_str16    oled.o
    0x08001fe0   0x0000002a   Code   RO          170    i.open_lock         motor.o
    0x0800200a   0x00000002   PAD
    0x0800200c   0x00000060   Code   RO          171    i.set_lock_sta      motor.o
    0x0800206c   0x00000154   Code   RO          196    i.usart1_init       usart.o
    0x080021c0   0x00001d8d   Data   RO          424    .constdata          font.o
    0x08003f4d   0x00000003   PAD
    0x08003f50   0x0000005a   Data   RO           41    .conststring        main.o
    0x08003faa   0x00000002   PAD
    0x08003fac   0x00000020   Data   RO         1017    Region$$Table       anon$$obj.o


    Execution Region RW_IRAM1 (Base: 0x20000000, Size: 0x00000460, Max: 0x00005000, ABSOLUTE)

    Base Addr    Size         Type   Attr      Idx    E Section Name        Object

    0x20000000   0x00000010   Data   RW           42    .data               main.o
    0x20000010   0x00000001   Data   RW          134    .data               key.o
    0x20000011   0x00000003   PAD
    0x20000014   0x00000005   Data   RW          202    .data               usart.o
    0x20000019   0x00000011   Data   RW          272    .data               mg200.o
    0x2000002a   0x00000002   PAD
    0x2000002c   0x00000032   Zero   RW          201    .bss                usart.o
    0x2000005e   0x00000002   PAD
    0x20000060   0x00000400   Zero   RW          705    STACK               startup_stm32f10x_md.o


==============================================================================

Image component sizes


      Code (inc. data)   RO Data    RW Data    ZI Data      Debug   Object Name

         0          0          0          0          0         32   core_cm3.o
         0          0       7565          0          0        657   font.o
       932         62          0          0          0       3752   iic.o
       132         16          0          1          0        878   key.o
         0          0          0          0          0     206128   led.o
      1232        234         90         16          0       5417   main.o
        80         18          0         17          0       1069   mg200.o
       238         12          0          0          0       1383   motor.o
       602          0          0          0          0       2247   mpr121.o
       994         30          0          0          0       6129   oled.o
      1188         22          0          0          0       7621   rfid.o
       284         22          0          0          0        935   spi.o
        36          8        236          0       1024        752   startup_stm32f10x_md.o
       328         28          0          0          0       1709   system_stm32f10x.o
       130          0          0          0          0        914   systick.o
       464         44          0          5         50      18707   usart.o
       272         22          0          0          0       1715   voice.o

    ----------------------------------------------------------------------
      6922        518       7928         44       1076     260045   Object Totals
         0          0         32          0          0          0   (incl. Generated)
        10          0          5          5          2          0   (incl. Padding)

    ----------------------------------------------------------------------

      Code (inc. data)   RO Data    RW Data    ZI Data      Debug   Library Member Name

         0          0          0          0          0          0   entry.o
         0          0          0          0          0          0   entry10a.o
         0          0          0          0          0          0   entry11a.o
         8          4          0          0          0          0   entry2.o
         4          0          0          0          0          0   entry5.o
         0          0          0          0          0          0   entry7b.o
         0          0          0          0          0          0   entry8b.o
         8          4          0          0          0          0   entry9a.o
        30          0          0          0          0          0   handlers.o
        36          8          0          0          0         68   init.o
        30          0          0          0          0         68   llshl.o
        32          0          0          0          0         68   llushr.o
      1204         60          0          0          0        504   printf8.o
        28          0          0          0          0         76   strcmp.o
        98          0          0          0          0         92   uldiv.o

    ----------------------------------------------------------------------
      1482         76          0          0          0        876   Library Totals
         4          0          0          0          0          0   (incl. Padding)

    ----------------------------------------------------------------------

      Code (inc. data)   RO Data    RW Data    ZI Data      Debug   Library Name

      1478         76          0          0          0        876   mc_w.l

    ----------------------------------------------------------------------
      1482         76          0          0          0        876   Library Totals

    ----------------------------------------------------------------------

==============================================================================


      Code (inc. data)   RO Data    RW Data    ZI Data      Debug   

      8404        594       7928         44       1076     257485   Grand Totals
      8404        594       7928         44       1076     257485   ELF Image Totals
      8404        594       7928         44          0          0   ROM Totals

==============================================================================

    Total RO  Size (Code + RO Data)                16332 (  15.95kB)
    Total RW  Size (RW Data + ZI Data)              1120 (   1.09kB)
    Total ROM Size (Code + RO Data + RW Data)      16376 (  15.99kB)

==============================================================================

