<html>
<body>
<pre>
<h1>礦ision Build Log</h1>
<h2>Tool Versions:</h2>
IDE-Version: μVision V5.15
Copyright (C) 2015 ARM Ltd and ARM Germany GmbH. All rights reserved.
License Information: sagdgsa asdf, asdfg, LIC=JL2BS-L7AH9-WF6I7-EZ1HE-EFB8L-56ICS
 
Tool Versions:
Toolchain:       MDK-ARM Standard  Version: 5.15.0
Toolchain Path:  E:\Kill5\UV4\ARM\ARMCC\Bin
C Compiler:      Armcc.exe V5.05 update 2 (build 169)
Assembler:       Armasm.exe V5.05 update 2 (build 169)
Linker/Locator:  ArmLink.exe V5.05 update 2 (build 169)
Library Manager: ArmAr.exe V5.05 update 2 (build 169)
Hex Converter:   FromElf.exe V5.05 update 2 (build 169)
CPU DLL:         SARMCM3.DLL V5.15.0
Dialog DLL:      DCM.DLL V1.13.2.0
Target DLL:      STLink\ST-LINKIII-KEIL_SWO.dll V2.0.15.0_KEIL
Dialog DLL:      TCM.DLL V1.14.5.0
 
<h2>Project:</h2>
G:\项目资料\套件盒子\套件盒子模块资料2.0\信盈达物联网创新实验套件2.0\3.18个模块资料&驱动代码\3.人体红外感应模块\4.示例代码\基于信盈达物联网M4核心板\stm32f4xx_project.uvprojx
Project File Date:  11/14/2019

<h2>Output:</h2>
*** Using Compiler 'V5.05 update 2 (build 169)', folder: 'E:\Kill5\UV4\ARM\ARMCC\Bin'
Build target 'stm32f4xx_project'
compiling main.c...
linking...
Program Size: Code=2248 RO-data=424 RW-data=8 ZI-data=1048  
FromELF: creating hex file...
".\Objects\stm32f4xx_project.axf" - 0 Error(s), 0 Warning(s).

<h2>Collection of Component include folders:</h2>
  G:\项目资料\套件盒子\套件盒子模块资料2.0\信盈达物联网创新实验套件2.0\3.18个模块资料&驱动代码\3.人体红外感应模块\4.示例代码\基于信盈达物联网M4核心板\RTE
  E:\Kill5\UV4\ARM\PACK\Keil\STM32F4xx_DFP\2.7.0\Drivers\CMSIS\Device\ST\STM32F4xx\Include

<h2>Collection of Component Files used:</h2>
</pre>
</body>
</html>
