<html>
<body>
<pre>
<h1>礦ision Build Log</h1>
<h2>Tool Versions:</h2>
IDE-Version: μVision V5.20.0.0
Copyright (C) 2016 ARM Ltd and ARM Germany GmbH. All rights reserved.
License Information: 1 1, 1, LIC=QF82Z-JUSY0-MM59I-T3MCH-FZ8PR-NBWXY
 
Tool Versions:
Toolchain:       MDK-ARM Plus  Version: 5.20
Toolchain Path:  C:\zxx\KEIL5\ARM\ARMCC\Bin
C Compiler:      Armcc.exe V5.06 update 2 (build 183)
Assembler:       Armasm.exe V5.06 update 2 (build 183)
Linker/Locator:  ArmLink.exe V5.06 update 2 (build 183)
Library Manager: ArmAr.exe V5.06 update 2 (build 183)
Hex Converter:   FromElf.exe V5.06 update 2 (build 183)
CPU DLL:         SARMCM3.DLL V5.20
Dialog DLL:      DCM.DLL V1.13.7.0
Target DLL:      STLink\ST-LINKIII-KEIL_SWO.dll V2.0.18.0
Dialog DLL:      TCM.DLL V1.14.9.0
 
<h2>Project:</h2>
E:\信盈达教学\套件盒子资料\信盈达物联网创新实验套件\3.18个模块资料&驱动代码\5.火焰传感器\4.示例代码\基于信盈达物联网M4核心板\火焰传感器\stm32f4_project.uvprojx
Project File Date:  05/11/2019

<h2>Output:</h2>
*** Using Compiler 'V5.06 update 2 (build 183)', folder: 'C:\zxx\KEIL5\ARM\ARMCC\Bin'
Build target 'STM32F4'
assembling startup_stm32f40_41xxx.s...
compiling system_stm32f4xx.c...
compiling main.c...
user\src\main.c(20): warning:  #177-D: variable "a" was declared but never referenced
  	u32 a;
user\src\main.c(21): warning:  #177-D: variable "i" was declared but never referenced
  	int i;
user\src\main.c: 2 warnings, 0 errors
compiling led.c...
compiling beep.c...
.\user\inc\beep.h(9): warning:  #1-D: last line of file ends without a newline
  #endif
user\src\beep.c: 1 warning, 0 errors
compiling key.c...
compiling systick.c...
user\src\systick.c(42): warning:  #177-D: variable "temp" was declared but never referenced
  	u32 temp;
user\src\systick.c: 1 warning, 0 errors
compiling time.c...
compiling hc_sr.c...
linking...
Program Size: Code=2256 RO-data=424 RW-data=24 ZI-data=1632  
".\obj\stm32f4_project.axf" - 0 Error(s), 4 Warning(s).

<h2>Software Packages used:</h2>

Package Vendor: ARM
                http://www.keil.com/pack/ARM.CMSIS.4.5.0.pack
                ARM::CMSIS:CORE:4.3.0
                CMSIS (Cortex Microcontroller Software Interface Standard)
   * Component: CORE Version: 4.3.0

<h2>Collection of Component include folders:</h2>
  E:\信盈达教学\套件盒子资料\信盈达物联网创新实验套件\3.18个模块资料&驱动代码\5.火焰传感器\4.示例代码\基于信盈达物联网M4核心板\火焰传感器\RTE
  C:\zxx\KEIL5\ARM\PACK\ARM\CMSIS\4.5.0\CMSIS\Include
  C:\zxx\KEIL5\ARM\PACK\Keil\STM32F4xx_DFP\2.7.0\Drivers\CMSIS\Device\ST\STM32F4xx\Include

<h2>Collection of Component Files used:</h2>

   * Component: ARM::CMSIS:CORE:4.3.0
Build Time Elapsed:  00:00:07
</pre>
</body>
</html>
