Component: ARM Compiler 5.05 update 2 (build 169) Tool: armlink [4d0f33]

==============================================================================

Section Cross References

    main.o(.text) refers to _printf_percent.o(.ARM.Collect$$_printf_percent$$00000000) for _printf_percent
    main.o(.text) refers to _printf_d.o(.ARM.Collect$$_printf_percent$$00000009) for _printf_d
    main.o(.text) refers to _printf_dec.o(.text) for _printf_int_dec
    main.o(.text) refers to _printf_pad.o(.text) for _printf_pre_padding
    main.o(.text) refers to _printf_x.o(.ARM.Collect$$_printf_percent$$0000000C) for _printf_x
    main.o(.text) refers to _printf_hex_int.o(.text) for _printf_longlong_hex
    main.o(.text) refers to _printf_s.o(.ARM.Collect$$_printf_percent$$00000014) for _printf_s
    main.o(.text) refers to _printf_str.o(.text) for _printf_str
    main.o(.text) refers to noretval__2printf.o(.text) for __2printf
    main.o(.text) refers to mpu6050.o(.text) for MPU_Init
    main.o(.text) refers to inv_mpu.o(.text) for mpu_dmp_init
    main.o(.text) refers to rt_memclr_w.o(.text) for __aeabi_memclr4
    main.o(.text) refers to aeabi_memset.o(.text) for __aeabi_memset
    main.o(.text) refers to os_flag.o(.text) for OSFlagPost
    main.o(.text) refers to os_mutex.o(.text) for OSMutexPend
    main.o(.text) refers to oled.o(.text) for OLED_ShowString
    main.o(.text) refers to delay.o(.text) for delay_ms
    main.o(.text) refers to led.o(.text) for LED_Init
    main.o(.text) refers to beep.o(.text) for beep_init
    main.o(.text) refers to mifare522.o(.text) for uart2_init
    main.o(.text) refers to strstr.o(.text) for strstr
    main.o(.text) refers to keyboard.o(.text) for keyboard_init
    main.o(.text) refers to stm32f4xx_rtc.o(.text) for RTC_GetDate
    main.o(.text) refers to strcmpv7m.o(.text) for strcmp
    main.o(.text) refers to noretval__2sprintf.o(.text) for __2sprintf
    main.o(.text) refers to stm32f4xx_flash.o(.text) for FLASH_Unlock
    main.o(.text) refers to main.o(.bss) for .bss
    main.o(.text) refers to main.o(.data) for .data
    main.o(.text) refers to sr04.o(.text) for sr04_init
    main.o(.text) refers to ir.o(.text) for infrared_init
    main.o(.text) refers to stm32f4xx_tim.o(.text) for TIM_SetCompare3
    main.o(.text) refers to os_q.o(.text) for OSQPend
    main.o(.text) refers to rtc.o(.text) for change_time
    main.o(.text) refers to strcat.o(.text) for strcat
    main.o(.text) refers to usart.o(.text) for usart3_send_str
    main.o(.text) refers to strtok.o(.text) for strtok
    main.o(.text) refers to atoi.o(.text) for atoi
    main.o(.text) refers to cpu_a.o(.text) for CPU_SR_Save
    main.o(.text) refers to rt_memclr.o(.text) for __aeabi_memclr
    main.o(.text) refers to zymq.o(.text) for adc_zymq_init
    main.o(.text) refers to stm32f4xx_adc.o(.text) for ADC_SoftwareStartConv
    main.o(.text) refers to dth11.o(.text) for humiture_init
    main.o(.text) refers to flame.o(.text) for adc_falame_init
    main.o(.text) refers to dog.o(.text) for iwdg_init
    main.o(.text) refers to misc.o(.text) for NVIC_PriorityGroupConfig
    main.o(.text) refers to stm32f4xx_rcc.o(.text) for RCC_GetFlagStatus
    main.o(.text) refers to os_core.o(.text) for OSInit
    main.o(.text) refers to os_task.o(.text) for OSTaskCreate
    system_stm32f4xx.o(.text) refers to system_stm32f4xx.o(.data) for .data
    led.o(.text) refers to stm32f4xx_rcc.o(.text) for RCC_AHB1PeriphClockCmd
    led.o(.text) refers to stm32f4xx_gpio.o(.text) for GPIO_Init
    dth11.o(.text) refers to stm32f4xx_rcc.o(.text) for RCC_AHB1PeriphClockCmd
    dth11.o(.text) refers to stm32f4xx_gpio.o(.text) for GPIO_Init
    dth11.o(.text) refers to delay.o(.text) for delay_ms
    dth11.o(.text) refers to dth11.o(.data) for .data
    sr04.o(.text) refers to stm32f4xx_rcc.o(.text) for RCC_AHB1PeriphClockCmd
    sr04.o(.text) refers to stm32f4xx_gpio.o(.text) for GPIO_Init
    sr04.o(.text) refers to delay.o(.text) for delay_us
    sr04.o(.text) refers to sr04.o(.data) for .data
    beep.o(.text) refers to stm32f4xx_rcc.o(.text) for RCC_AHB1PeriphClockCmd
    beep.o(.text) refers to stm32f4xx_gpio.o(.text) for GPIO_Init
    beep.o(.text) refers to beep.o(.data) for .data
    flame.o(.text) refers to stm32f4xx_rcc.o(.text) for RCC_APB2PeriphClockCmd
    flame.o(.text) refers to stm32f4xx_gpio.o(.text) for GPIO_Init
    flame.o(.text) refers to stm32f4xx_adc.o(.text) for ADC_CommonInit
    flame.o(.text) refers to stm32f4xx_syscfg.o(.text) for SYSCFG_EXTILineConfig
    flame.o(.text) refers to stm32f4xx_exti.o(.text) for EXTI_Init
    flame.o(.text) refers to misc.o(.text) for NVIC_Init
    flame.o(.text) refers to os_core.o(.text) for OSIntEnter
    flame.o(.text) refers to os_flag.o(.text) for OSFlagPost
    flame.o(.text) refers to flame.o(.data) for .data
    flame.o(.text) refers to flame.o(.bss) for .bss
    flame.o(.text) refers to main.o(.bss) for g_flag_grp
    ir.o(.text) refers to delay.o(.text) for delay_us
[...]
    RTC_TamperPullUpCmd                      0x08007daf   Thumb Code    22  stm32f4xx_rtc.o(.text)
    RTC_WriteBackupRegister                  0x08007dc5   Thumb Code    16  stm32f4xx_rtc.o(.text)
    RTC_ReadBackupRegister                   0x08007dd5   Thumb Code    16  stm32f4xx_rtc.o(.text)
    RTC_TamperPinSelection                   0x08007de5   Thumb Code    18  stm32f4xx_rtc.o(.text)
    RTC_TimeStampPinSelection                0x08007df7   Thumb Code    18  stm32f4xx_rtc.o(.text)
    RTC_OutputTypeConfig                     0x08007e09   Thumb Code    18  stm32f4xx_rtc.o(.text)
    RTC_SynchroShiftConfig                   0x08007e1b   Thumb Code    84  stm32f4xx_rtc.o(.text)
    RTC_ITConfig                             0x08007e6f   Thumb Code    60  stm32f4xx_rtc.o(.text)
    RTC_GetFlagStatus                        0x08007eab   Thumb Code    22  stm32f4xx_rtc.o(.text)
    RTC_ClearFlag                            0x08007ec1   Thumb Code    24  stm32f4xx_rtc.o(.text)
    RTC_GetITStatus                          0x08007ed9   Thumb Code    46  stm32f4xx_rtc.o(.text)
    RTC_ClearITPendingBit                    0x08007f07   Thumb Code    24  stm32f4xx_rtc.o(.text)
    IWDG_WriteAccessCmd                      0x08007f55   Thumb Code     6  stm32f4xx_iwdg.o(.text)
    IWDG_SetPrescaler                        0x08007f5b   Thumb Code     6  stm32f4xx_iwdg.o(.text)
    IWDG_SetReload                           0x08007f61   Thumb Code     6  stm32f4xx_iwdg.o(.text)
    IWDG_ReloadCounter                       0x08007f67   Thumb Code    10  stm32f4xx_iwdg.o(.text)
    IWDG_Enable                              0x08007f71   Thumb Code    10  stm32f4xx_iwdg.o(.text)
    IWDG_GetFlagStatus                       0x08007f7b   Thumb Code    16  stm32f4xx_iwdg.o(.text)
    FLASH_SetLatency                         0x08007f91   Thumb Code     6  stm32f4xx_flash.o(.text)
    FLASH_PrefetchBufferCmd                  0x08007f97   Thumb Code    22  stm32f4xx_flash.o(.text)
    FLASH_InstructionCacheCmd                0x08007fad   Thumb Code    22  stm32f4xx_flash.o(.text)
    FLASH_DataCacheCmd                       0x08007fc3   Thumb Code    22  stm32f4xx_flash.o(.text)
    FLASH_InstructionCacheReset              0x08007fd9   Thumb Code    12  stm32f4xx_flash.o(.text)
    FLASH_DataCacheReset                     0x08007fe5   Thumb Code    12  stm32f4xx_flash.o(.text)
    FLASH_Unlock                             0x08007ff1   Thumb Code    24  stm32f4xx_flash.o(.text)
    FLASH_Lock                               0x08008009   Thumb Code    14  stm32f4xx_flash.o(.text)
    FLASH_GetStatus                          0x08008017   Thumb Code    58  stm32f4xx_flash.o(.text)
    FLASH_WaitForLastOperation               0x08008051   Thumb Code    30  stm32f4xx_flash.o(.text)
    FLASH_EraseSector                        0x0800806f   Thumb Code   106  stm32f4xx_flash.o(.text)
    FLASH_EraseAllSectors                    0x080080d9   Thumb Code    88  stm32f4xx_flash.o(.text)
    FLASH_EraseAllBank1Sectors               0x08008131   Thumb Code    88  stm32f4xx_flash.o(.text)
    FLASH_EraseAllBank2Sectors               0x08008189   Thumb Code    88  stm32f4xx_flash.o(.text)
    FLASH_ProgramDoubleWord                  0x080081e1   Thumb Code    62  stm32f4xx_flash.o(.text)
    FLASH_ProgramWord                        0x0800821f   Thumb Code    58  stm32f4xx_flash.o(.text)
    FLASH_ProgramHalfWord                    0x08008259   Thumb Code    58  stm32f4xx_flash.o(.text)
    FLASH_ProgramByte                        0x08008293   Thumb Code    54  stm32f4xx_flash.o(.text)
    FLASH_OB_Unlock                          0x080082c9   Thumb Code    24  stm32f4xx_flash.o(.text)
    FLASH_OB_Lock                            0x080082e1   Thumb Code    14  stm32f4xx_flash.o(.text)
    FLASH_OB_WRPConfig                       0x080082ef   Thumb Code    32  stm32f4xx_flash.o(.text)
    FLASH_OB_WRP1Config                      0x0800830f   Thumb Code    32  stm32f4xx_flash.o(.text)
    FLASH_OB_PCROPSelectionConfig            0x0800832f   Thumb Code    16  stm32f4xx_flash.o(.text)
    FLASH_OB_PCROPConfig                     0x0800833f   Thumb Code    32  stm32f4xx_flash.o(.text)
    FLASH_OB_PCROP1Config                    0x0800835f   Thumb Code    52  stm32f4xx_flash.o(.text)
    FLASH_OB_RDPConfig                       0x08008393   Thumb Code    18  stm32f4xx_flash.o(.text)
    FLASH_OB_UserConfig                      0x080083a5   Thumb Code    36  stm32f4xx_flash.o(.text)
    FLASH_OB_BootConfig                      0x080083c9   Thumb Code    20  stm32f4xx_flash.o(.text)
    FLASH_OB_BORConfig                       0x080083dd   Thumb Code    20  stm32f4xx_flash.o(.text)
    FLASH_OB_Launch                          0x080083f1   Thumb Code    14  stm32f4xx_flash.o(.text)
    FLASH_OB_GetUser                         0x080083ff   Thumb Code    12  stm32f4xx_flash.o(.text)
    FLASH_OB_GetWRP                          0x0800840b   Thumb Code     8  stm32f4xx_flash.o(.text)
    FLASH_OB_GetWRP1                         0x08008413   Thumb Code     8  stm32f4xx_flash.o(.text)
    FLASH_OB_GetPCROP                        0x0800841b   Thumb Code     8  stm32f4xx_flash.o(.text)
    FLASH_OB_GetPCROP1                       0x08008423   Thumb Code     8  stm32f4xx_flash.o(.text)
    FLASH_OB_GetRDP                          0x0800842b   Thumb Code    14  stm32f4xx_flash.o(.text)
    FLASH_OB_GetBOR                          0x08008439   Thumb Code    12  stm32f4xx_flash.o(.text)
    FLASH_ITConfig                           0x08008445   Thumb Code    20  stm32f4xx_flash.o(.text)
    FLASH_GetFlagStatus                      0x08008459   Thumb Code    18  stm32f4xx_flash.o(.text)
    FLASH_ClearFlag                          0x0800846b   Thumb Code     8  stm32f4xx_flash.o(.text)
    SysTick_Handler                          0x08008479   Thumb Code    28  delay.o(.text)
    systick_init                             0x08008495   Thumb Code    76  delay.o(.text)
    delay_us                                 0x080084e1   Thumb Code    62  delay.o(.text)
    delay_ms                                 0x0800851f   Thumb Code    58  delay.o(.text)
    _sys_exit                                0x08008575   Thumb Code     2  usart.o(.text)
    fputc                                    0x08008577   Thumb Code    14  usart.o(.text)
    usart_init                               0x08008585   Thumb Code   172  usart.o(.text)
    USART1_IRQHandler                        0x08008631   Thumb Code   102  usart.o(.text)
    usart3_init                              0x08008697   Thumb Code   146  usart.o(.text)
    usart3_send_str                          0x08008729   Thumb Code    48  usart.o(.text)
    bluetooth_config                         0x08008759   Thumb Code    34  usart.o(.text)
    USART3_IRQHandler                        0x0800877b   Thumb Code   130  usart.o(.text)
    BSP_CPU_ClkFreq                          0x08008831   Thumb Code    14  bsp.o(.text)
    CPU_TS_TmrInit                           0x0800883f   Thumb Code    38  bsp.o(.text)
    CPU_TS_TmrRd                             0x08008865   Thumb Code     6  bsp.o(.text)
    CPU_TS32_to_uSec                         0x0800886b   Thumb Code    32  bsp.o(.text)
    CPU_NameClr                              0x08008899   Thumb Code    26  cpu_core.o(.text)
    CPU_Init                                 0x080088b3   Thumb Code    18  cpu_core.o(.text)
    CPU_SW_Exception                         0x080088c5   Thumb Code     2  cpu_core.o(.text)
    CPU_NameGet                              0x080088c7   Thumb Code    46  cpu_core.o(.text)
    CPU_NameSet                              0x080088f5   Thumb Code    62  cpu_core.o(.text)
    CPU_TS_Get32                             0x08008933   Thumb Code     4  cpu_core.o(.text)
    CPU_TS_Update                            0x08008937   Thumb Code     2  cpu_core.o(.text)
    CPU_TS_TmrFreqGet                        0x08008939   Thumb Code    24  cpu_core.o(.text)
    CPU_TS_TmrFreqSet                        0x08008951   Thumb Code     6  cpu_core.o(.text)
    CPU_CntLeadZeros08                       0x08008957   Thumb Code    10  cpu_core.o(.text)
    CPU_CntLeadZeros16                       0x08008961   Thumb Code    10  cpu_core.o(.text)
    CPU_CntLeadZeros32                       0x0800896b   Thumb Code     4  cpu_core.o(.text)
    CPU_CntLeadZeros64                       0x0800896f   Thumb Code   152  cpu_core.o(.text)
    CPU_CntTrailZeros08                      0x08008a07   Thumb Code    10  cpu_core.o(.text)
    CPU_CntTrailZeros16                      0x08008a11   Thumb Code    10  cpu_core.o(.text)
    CPU_CntTrailZeros32                      0x08008a1b   Thumb Code    10  cpu_core.o(.text)
    CPU_CntTrailZeros64                      0x08008a25   Thumb Code    36  cpu_core.o(.text)
    CPU_IntDis                               0x08008a55   Thumb Code     0  cpu_a.o(.text)
    CPU_IntEn                                0x08008a59   Thumb Code     0  cpu_a.o(.text)
    CPU_SR_Save                              0x08008a5d   Thumb Code     0  cpu_a.o(.text)
    CPU_SR_Restore                           0x08008a65   Thumb Code     0  cpu_a.o(.text)
    CPU_WaitForInt                           0x08008a6b   Thumb Code     0  cpu_a.o(.text)
    CPU_WaitForExcept                        0x08008a6f   Thumb Code     0  cpu_a.o(.text)
    CPU_CntLeadZeros                         0x08008a73   Thumb Code     0  cpu_a.o(.text)
    CPU_CntTrailZeros                        0x08008a79   Thumb Code     0  cpu_a.o(.text)
    CPU_RevBits                              0x08008a83   Thumb Code     0  cpu_a.o(.text)
    ASCII_IsAlpha                            0x08008a89   Thumb Code    22  lib_ascii.o(.text)
    ASCII_IsAlphaNum                         0x08008a9f   Thumb Code    28  lib_ascii.o(.text)
    ASCII_IsLower                            0x08008abb   Thumb Code    14  lib_ascii.o(.text)
    ASCII_IsUpper                            0x08008ac9   Thumb Code    14  lib_ascii.o(.text)
    ASCII_IsDig                              0x08008ad7   Thumb Code    14  lib_ascii.o(.text)
    ASCII_IsDigOct                           0x08008ae5   Thumb Code    14  lib_ascii.o(.text)
    ASCII_IsDigHex                           0x08008af3   Thumb Code    28  lib_ascii.o(.text)
    ASCII_IsBlank                            0x08008b0f   Thumb Code    16  lib_ascii.o(.text)
    ASCII_IsSpace                            0x08008b1f   Thumb Code    32  lib_ascii.o(.text)
    ASCII_IsPrint                            0x08008b3f   Thumb Code    14  lib_ascii.o(.text)
    ASCII_IsGraph                            0x08008b4d   Thumb Code    14  lib_ascii.o(.text)
    ASCII_IsPunct                            0x08008b5b   Thumb Code    58  lib_ascii.o(.text)
    ASCII_IsCtrl                             0x08008b95   Thumb Code    22  lib_ascii.o(.text)
    ASCII_ToLower                            0x08008bab   Thumb Code    14  lib_ascii.o(.text)
    ASCII_ToUpper                            0x08008bb9   Thumb Code    14  lib_ascii.o(.text)
    ASCII_Cmp                                0x08008bc7   Thumb Code    28  lib_ascii.o(.text)
    Mem_Init                                 0x08008be5   Thumb Code    54  lib_mem.o(.text)
    Mem_Set                                  0x08008c1b   Thumb Code    62  lib_mem.o(.text)
    Mem_Clr                                  0x08008c59   Thumb Code     6  lib_mem.o(.text)
    Mem_Move                                 0x08008c5f   Thumb Code   116  lib_mem.o(.text)
    Mem_Cmp                                  0x08008cd3   Thumb Code   126  lib_mem.o(.text)
    Mem_HeapAlloc                            0x08008da9   Thumb Code   114  lib_mem.o(.text)
    Mem_SegGetSizeRem                        0x08008e1b   Thumb Code    60  lib_mem.o(.text)
    Mem_HeapGetSizeRem                       0x08008e57   Thumb Code     8  lib_mem.o(.text)
    Mem_PoolClr                              0x08008e5f   Thumb Code    56  lib_mem.o(.text)
    Mem_PoolCreate                           0x08008e97   Thumb Code   582  lib_mem.o(.text)
    Mem_PoolBlkGetNbrAvail                   0x080090dd   Thumb Code    26  lib_mem.o(.text)
    Mem_PoolBlkGet                           0x080090f7   Thumb Code    68  lib_mem.o(.text)
    Mem_PoolBlkGetUsedAtIx                   0x0800913b   Thumb Code    62  lib_mem.o(.text)
    Mem_PoolBlkFree                          0x08009179   Thumb Code   100  lib_mem.o(.text)
    Mem_PoolBlkIxGet                         0x080091dd   Thumb Code   104  lib_mem.o(.text)
    Str_Len_N                                0x0800924d   Thumb Code    22  lib_str.o(.text)
    Str_Len                                  0x08009263   Thumb Code     6  lib_str.o(.text)
    Str_Copy_N                               0x08009269   Thumb Code    48  lib_str.o(.text)
    Str_Copy                                 0x08009299   Thumb Code     6  lib_str.o(.text)
    Str_Cat_N                                0x0800929f   Thumb Code    58  lib_str.o(.text)
    Str_Cat                                  0x080092d9   Thumb Code     6  lib_str.o(.text)
    Str_Cmp_N                                0x080092df   Thumb Code    86  lib_str.o(.text)
    Str_Cmp                                  0x08009335   Thumb Code     6  lib_str.o(.text)
    Str_CmpIgnoreCase_N                      0x0800933b   Thumb Code   146  lib_str.o(.text)
    Str_CmpIgnoreCase                        0x080093cd   Thumb Code     6  lib_str.o(.text)
    Str_Char_N                               0x080093d3   Thumb Code    46  lib_str.o(.text)
    Str_Char                                 0x08009401   Thumb Code     8  lib_str.o(.text)
    Str_Char_Last_N                          0x08009409   Thumb Code    44  lib_str.o(.text)
    Str_Char_Last                            0x08009435   Thumb Code     8  lib_str.o(.text)
    Str_Char_Replace_N                       0x0800943d   Thumb Code    40  lib_str.o(.text)
    Str_Char_Replace                         0x08009465   Thumb Code     6  lib_str.o(.text)
    Str_Str_N                                0x0800946b   Thumb Code   120  lib_str.o(.text)
    Str_Str                                  0x080094e3   Thumb Code     6  lib_str.o(.text)
    Str_FmtNbr_Int32U                        0x08009641   Thumb Code    24  lib_str.o(.text)
    Str_FmtNbr_Int32S                        0x08009659   Thumb Code    40  lib_str.o(.text)
    Str_ParseNbr_Int32U                      0x080097bb   Thumb Code    12  lib_str.o(.text)
    Str_ParseNbr_Int32S                      0x080097c7   Thumb Code    42  lib_str.o(.text)
    Mem_Copy                                 0x080097f5   Thumb Code     0  lib_mem_a.o(.text)
    OSCfg_Init                               0x08009a15   Thumb Code     2  os_cfg_app.o(.text)
    OS_IdleTask                              0x08009a19   Thumb Code    22  os_core.o(.text)
    OS_IdleTaskInit                          0x08009a2f   Thumb Code    62  os_core.o(.text)
    OS_RdyListInit                           0x08009a6d   Thumb Code    30  os_core.o(.text)
    OSInit                                   0x08009a8b   Thumb Code   248  os_core.o(.text)
    OSIntEnter                               0x08009b83   Thumb Code    22  os_core.o(.text)
    OSIntExit                                0x08009b99   Thumb Code   100  os_core.o(.text)
    OSSched                                  0x08009bfd   Thumb Code    86  os_core.o(.text)
    OS_SchedLockTimeMeasStart                0x08009c53   Thumb Code    20  os_core.o(.text)
    OSSchedLock                              0x08009c67   Thumb Code    72  os_core.o(.text)
    OS_SchedLockTimeMeasStop                 0x08009caf   Thumb Code    42  os_core.o(.text)
    OSSchedUnlock                            0x08009cd9   Thumb Code    92  os_core.o(.text)
    OSStart                                  0x08009d35   Thumb Code    62  os_core.o(.text)
    OSVersion                                0x08009d73   Thumb Code    10  os_core.o(.text)
    OS_PendDbgNameAdd                        0x08009d7d   Thumb Code    46  os_core.o(.text)
    OS_PendListInsertPrio                    0x08009dab   Thumb Code   248  os_core.o(.text)
    OS_PendDataInit                          0x08009ea3   Thumb Code    48  os_core.o(.text)
    OS_RdyListRemove                         0x08009ed3   Thumb Code    78  os_core.o(.text)
    OS_TaskBlock                             0x08009f21   Thumb Code    42  os_core.o(.text)
    OS_Pend                                  0x08009f4b   Thumb Code    72  os_core.o(.text)
    OS_PendListRemove1                       0x08009f93   Thumb Code    54  os_core.o(.text)
    OS_PendListRemove                        0x08009fc9   Thumb Code    38  os_core.o(.text)
    OS_PendAbort1                            0x08009fef   Thumb Code    32  os_core.o(.text)
    OS_RdyListInsertHead                     0x0800a00f   Thumb Code    52  os_core.o(.text)
    OS_RdyListInsertTail                     0x0800a043   Thumb Code    48  os_core.o(.text)
    OS_RdyListInsert                         0x0800a073   Thumb Code    38  os_core.o(.text)
    OS_TaskRdy                               0x0800a099   Thumb Code    26  os_core.o(.text)
    OS_PendAbort                             0x0800a0b3   Thumb Code   136  os_core.o(.text)
    OS_PendDbgNameRemove                     0x0800a13b   Thumb Code    22  os_core.o(.text)
    OS_PendListChangePrio                    0x0800a151   Thumb Code    50  os_core.o(.text)
    OS_PendListInit                          0x0800a183   Thumb Code    10  os_core.o(.text)
    OS_PendListInsertHead                    0x0800a18d   Thumb Code    32  os_core.o(.text)
    OS_PendObjDel1                           0x0800a1ad   Thumb Code    32  os_core.o(.text)
    OS_PendObjDel                            0x0800a1cd   Thumb Code   126  os_core.o(.text)
    OS_Post1                                 0x0800a24b   Thumb Code    38  os_core.o(.text)
    OS_Post                                  0x0800a271   Thumb Code   170  os_core.o(.text)
    OS_RdyListMoveHeadToTail                 0x0800a31b   Thumb Code    52  os_core.o(.text)
    OS_Dbg_Init                              0x0800a34f   Thumb Code     2  os_dbg.o(.text)
    OS_FlagDbgListAdd                        0x0800a351   Thumb Code    26  os_flag.o(.text)
    OSFlagCreate                             0x0800a36b   Thumb Code    86  os_flag.o(.text)
    OS_FlagClr                               0x0800a3c1   Thumb Code    16  os_flag.o(.text)
    OS_FlagDbgListRemove                     0x0800a3d1   Thumb Code    36  os_flag.o(.text)
    OSFlagDel                                0x0800a3f5   Thumb Code   224  os_flag.o(.text)
    OS_FlagBlock                             0x0800a4d5   Thumb Code    28  os_flag.o(.text)
    OSFlagPend                               0x0800a4f1   Thumb Code   538  os_flag.o(.text)
    OSFlagPendAbort                          0x0800a70b   Thumb Code   212  os_flag.o(.text)
    OSFlagPendGetFlagsRdy                    0x0800a7df   Thumb Code    44  os_flag.o(.text)
    OS_FlagTaskRdy                           0x0800a80b   Thumb Code    68  os_flag.o(.text)
    OS_FlagPost                              0x0800a84f   Thumb Code   240  os_flag.o(.text)
    OSFlagPost                               0x0800a93f   Thumb Code    82  os_flag.o(.text)
    OS_FlagInit                              0x0800a991   Thumb Code    14  os_flag.o(.text)
    OS_MemDbgListAdd                         0x0800a9b5   Thumb Code    22  os_mem.o(.text)
    OSMemCreate                              0x0800a9cb   Thumb Code   158  os_mem.o(.text)
    OSMemGet                                 0x0800aa69   Thumb Code    60  os_mem.o(.text)
    OSMemPut                                 0x0800aaa5   Thumb Code    70  os_mem.o(.text)
    OS_MemInit                               0x0800aaeb   Thumb Code    14  os_mem.o(.text)
    OS_MsgPoolCreate                         0x0800ab09   Thumb Code    48  os_msg.o(.text)
    OS_MsgPoolInit                           0x0800ab39   Thumb Code    58  os_msg.o(.text)
    OS_MsgQFreeAll                           0x0800ab73   Thumb Code    48  os_msg.o(.text)
    OS_MsgQInit                              0x0800aba3   Thumb Code    14  os_msg.o(.text)
    OS_MsgQGet                               0x0800abb1   Thumb Code    82  os_msg.o(.text)
    OS_MsgQPut                               0x0800ac03   Thumb Code   128  os_msg.o(.text)
    OS_MutexDbgListAdd                       0x0800ac91   Thumb Code    26  os_mutex.o(.text)
    OSMutexCreate                            0x0800acab   Thumb Code    94  os_mutex.o(.text)
    OS_MutexClr                              0x0800ad09   Thumb Code    24  os_mutex.o(.text)
    OS_MutexDbgListRemove                    0x0800ad21   Thumb Code    36  os_mutex.o(.text)
    OSMutexDel                               0x0800ad45   Thumb Code   304  os_mutex.o(.text)
    OSMutexPend                              0x0800ae75   Thumb Code   398  os_mutex.o(.text)
    OSMutexPendAbort                         0x0800b003   Thumb Code   210  os_mutex.o(.text)
    OSMutexPost                              0x0800b0d5   Thumb Code   274  os_mutex.o(.text)
    OS_MutexInit                             0x0800b1e7   Thumb Code    14  os_mutex.o(.text)
    OS_PrioInit                              0x0800b20d   Thumb Code    18  os_prio.o(.text)
    OS_PrioGetHighest                        0x0800b21f   Thumb Code    32  os_prio.o(.text)
    OS_PrioInsert                            0x0800b23f   Thumb Code    28  os_prio.o(.text)
    OS_PrioRemove                            0x0800b25b   Thumb Code    28  os_prio.o(.text)
    OS_QDbgListAdd                           0x0800b27d   Thumb Code    26  os_q.o(.text)
    OSQCreate                                0x0800b297   Thumb Code   100  os_q.o(.text)
    OS_QClr                                  0x0800b2fb   Thumb Code    40  os_q.o(.text)
    OS_QDbgListRemove                        0x0800b323   Thumb Code    36  os_q.o(.text)
    OSQDel                                   0x0800b347   Thumb Code   224  os_q.o(.text)
    OSQFlush                                 0x0800b427   Thumb Code    76  os_q.o(.text)
    OSQPend                                  0x0800b473   Thumb Code   318  os_q.o(.text)
    OSQPendAbort                             0x0800b5b1   Thumb Code   208  os_q.o(.text)
    OS_QPost                                 0x0800b681   Thumb Code   128  os_q.o(.text)
    OSQPost                                  0x0800b701   Thumb Code   116  os_q.o(.text)
    OS_QInit                                 0x0800b775   Thumb Code    14  os_q.o(.text)
    OS_SemDbgListAdd                         0x0800b791   Thumb Code    26  os_sem.o(.text)
    OSSemCreate                              0x0800b7ab   Thumb Code    86  os_sem.o(.text)
    OS_SemClr                                0x0800b801   Thumb Code    22  os_sem.o(.text)
    OS_SemDbgListRemove                      0x0800b817   Thumb Code    36  os_sem.o(.text)
    OSSemDel                                 0x0800b83b   Thumb Code   224  os_sem.o(.text)
    OSSemPend                                0x0800b91b   Thumb Code   292  os_sem.o(.text)
    OSSemPendAbort                           0x0800ba3f   Thumb Code   170  os_sem.o(.text)
    OS_SemPost                               0x0800bae9   Thumb Code   172  os_sem.o(.text)
    OSSemPost                                0x0800bb95   Thumb Code    78  os_sem.o(.text)
    OSSemSet                                 0x0800bbe3   Thumb Code    78  os_sem.o(.text)
    OS_SemInit                               0x0800bc31   Thumb Code    14  os_sem.o(.text)
    OSTaskChangePrio                         0x0800bc51   Thumb Code   176  os_task.o(.text)
    OS_TaskDbgListAdd                        0x0800bd01   Thumb Code    30  os_task.o(.text)
    OS_TaskInitTCB                           0x0800bd1f   Thumb Code   180  os_task.o(.text)
    OSTaskCreate                             0x0800bdd3   Thumb Code   318  os_task.o(.text)
    OS_TaskDbgListRemove                     0x0800bf11   Thumb Code    50  os_task.o(.text)
    OSTaskDel                                0x0800bf43   Thumb Code   192  os_task.o(.text)
    OSTaskQFlush                             0x0800c003   Thumb Code   106  os_task.o(.text)
    OSTaskQPend                              0x0800c06d   Thumb Code   308  os_task.o(.text)
    OSTaskQPendAbort                         0x0800c1a1   Thumb Code   126  os_task.o(.text)
    OS_TaskQPost                             0x0800c21f   Thumb Code   138  os_task.o(.text)
    OSTaskQPost                              0x0800c2a9   Thumb Code    66  os_task.o(.text)
    OSTaskRegGet                             0x0800c2eb   Thumb Code    42  os_task.o(.text)
    OSTaskRegGetID                           0x0800c315   Thumb Code    42  os_task.o(.text)
    OSTaskRegSet                             0x0800c33f   Thumb Code    40  os_task.o(.text)
    OS_TaskResume                            0x0800c367   Thumb Code   168  os_task.o(.text)
    OSTaskResume                             0x0800c40f   Thumb Code    60  os_task.o(.text)
    OSTaskSemPend                            0x0800c44b   Thumb Code   294  os_task.o(.text)
    OSTaskSemPendAbort                       0x0800c571   Thumb Code   130  os_task.o(.text)
    OS_TaskSemPost                           0x0800c5f3   Thumb Code   148  os_task.o(.text)
    OSTaskSemPost                            0x0800c687   Thumb Code    44  os_task.o(.text)
    OSTaskSemSet                             0x0800c6b3   Thumb Code    52  os_task.o(.text)
    OSTaskStkChk                             0x0800c6e7   Thumb Code   136  os_task.o(.text)
    OS_TaskSuspend                           0x0800c76f   Thumb Code   144  os_task.o(.text)
    OSTaskSuspend                            0x0800c7ff   Thumb Code    28  os_task.o(.text)
    OS_TaskInit                              0x0800c81b   Thumb Code    18  os_task.o(.text)
    OS_TaskReturn                            0x0800c82d   Thumb Code    20  os_task.o(.text)
    OS_TickListRemove                        0x0800c85d   Thumb Code    54  os_tick.o(.text)
    OS_TickListUpdate                        0x0800c893   Thumb Code   260  os_tick.o(.text)
    OS_TickTask                              0x0800c997   Thumb Code    36  os_tick.o(.text)
    OS_TickListInit                          0x0800c9bb   Thumb Code    34  os_tick.o(.text)
    OS_TickTaskInit                          0x0800c9dd   Thumb Code   114  os_tick.o(.text)
    OS_TickListInsert                        0x0800ca4f   Thumb Code   202  os_tick.o(.text)
    OS_TickListResetPeak                     0x0800cb19   Thumb Code    30  os_tick.o(.text)
    OSTimeDly                                0x0800cb79   Thumb Code   128  os_time.o(.text)
    OSTimeDlyHMSM                            0x0800cbf9   Thumb Code   266  os_time.o(.text)
    OSTimeDlyResume                          0x0800cd03   Thumb Code   152  os_time.o(.text)
    OSTimeGet                                0x0800cd9b   Thumb Code    24  os_time.o(.text)
    OSTimeSet                                0x0800cdb3   Thumb Code    24  os_time.o(.text)
    OSTimeTick                               0x0800cdcb   Thumb Code    44  os_time.o(.text)
    OS_TmrDbgListAdd                         0x0800ce1d   Thumb Code    22  os_tmr.o(.text)
    OSTmrCreate                              0x0800ce33   Thumb Code   144  os_tmr.o(.text)
    OS_TmrClr                                0x0800cec3   Thumb Code    34  os_tmr.o(.text)
    OS_TmrUnlink                             0x0800cee5   Thumb Code    68  os_tmr.o(.text)
    OS_TmrDbgListRemove                      0x0800cf29   Thumb Code    36  os_tmr.o(.text)
    OSTmrDel                                 0x0800cf4d   Thumb Code   134  os_tmr.o(.text)
    OSTmrRemainGet                           0x0800cfd3   Thumb Code   140  os_tmr.o(.text)
    OS_TmrLink                               0x0800d05f   Thumb Code   140  os_tmr.o(.text)
    OSTmrStart                               0x0800d0eb   Thumb Code   122  os_tmr.o(.text)
    OSTmrStateGet                            0x0800d165   Thumb Code    86  os_tmr.o(.text)
    OSTmrStop                                0x0800d1bb   Thumb Code   222  os_tmr.o(.text)
    OS_TmrTask                               0x0800d299   Thumb Code   164  os_tmr.o(.text)
    OS_TmrInit                               0x0800d33d   Thumb Code   174  os_tmr.o(.text)
    OS_TmrResetPeak                          0x0800d3eb   Thumb Code    30  os_tmr.o(.text)
    OSIdleTaskHook                           0x0800d45d   Thumb Code    12  os_cpu_c.o(.text)
    OSInitHook                               0x0800d469   Thumb Code    22  os_cpu_c.o(.text)
    OSStatTaskHook                           0x0800d47f   Thumb Code    12  os_cpu_c.o(.text)
    OSTaskCreateHook                         0x0800d48b   Thumb Code    12  os_cpu_c.o(.text)
    OSTaskDelHook                            0x0800d497   Thumb Code    12  os_cpu_c.o(.text)
    OSTaskReturnHook                         0x0800d4a3   Thumb Code    12  os_cpu_c.o(.text)
    OSTaskStkInit                            0x0800d4af   Thumb Code   310  os_cpu_c.o(.text)
    OSTaskSwHook                             0x0800d5e5   Thumb Code    72  os_cpu_c.o(.text)
    OSTimeTickHook                           0x0800d62d   Thumb Code    12  os_cpu_c.o(.text)
    OS_CPU_SysTickHandler                    0x0800d639   Thumb Code    30  os_cpu_c.o(.text)
    OS_CPU_SysTickInit                       0x0800d657   Thumb Code    36  os_cpu_c.o(.text)
    __use_no_semihosting                     0x0800d6bd   Thumb Code     2  use_no_semi_2.o(.text)
    __aeabi_uldivmod                         0x0800d6bf   Thumb Code     0  lludivv7m.o(.text)
    _ll_udiv                                 0x0800d6bf   Thumb Code   238  lludivv7m.o(.text)
    __aeabi_ldivmod                          0x0800d7ad   Thumb Code     0  llsdiv.o(.text)
    _ll_sdiv                                 0x0800d7ad   Thumb Code    72  llsdiv.o(.text)
    __2printf                                0x0800d7f5   Thumb Code    20  noretval__2printf.o(.text)
    __2sprintf                               0x0800d80d   Thumb Code    34  noretval__2sprintf.o(.text)
    _printf_pre_padding                      0x0800d835   Thumb Code    44  _printf_pad.o(.text)
    _printf_post_padding                     0x0800d861   Thumb Code    34  _printf_pad.o(.text)
    _printf_str                              0x0800d883   Thumb Code    82  _printf_str.o(.text)
    _printf_int_dec                          0x0800d8d5   Thumb Code   104  _printf_dec.o(.text)
    _printf_int_hex                          0x0800d94d   Thumb Code    84  _printf_hex_int.o(.text)
    _printf_longlong_hex                     0x0800d94d   Thumb Code     0  _printf_hex_int.o(.text)
    __printf                                 0x0800d9a5   Thumb Code   308  __printf_flags_wp.o(.text)
    atoi                                     0x0800dadd   Thumb Code    26  atoi.o(.text)
    strtok                                   0x0800daf9   Thumb Code     6  strtok.o(.text)
    strstr                                   0x0800db05   Thumb Code    36  strstr.o(.text)
    memcmp                                   0x0800db29   Thumb Code    88  memcmp.o(.text)
    strcat                                   0x0800db81   Thumb Code    24  strcat.o(.text)
    __aeabi_memset                           0x0800db99   Thumb Code    16  aeabi_memset.o(.text)
    __aeabi_memclr                           0x0800dba9   Thumb Code     0  rt_memclr.o(.text)
    __rt_memclr                              0x0800dba9   Thumb Code    68  rt_memclr.o(.text)
    _memset                                  0x0800dbad   Thumb Code     0  rt_memclr.o(.text)
    __aeabi_memclr4                          0x0800dbed   Thumb Code     0  rt_memclr_w.o(.text)
    __aeabi_memclr8                          0x0800dbed   Thumb Code     0  rt_memclr_w.o(.text)
    __rt_memclr_w                            0x0800dbed   Thumb Code    78  rt_memclr_w.o(.text)
    _memset_w                                0x0800dbf1   Thumb Code     0  rt_memclr_w.o(.text)
    strcmp                                   0x0800dc3d   Thumb Code   128  strcmpv7m.o(.text)
    __use_two_region_memory                  0x0800dcbd   Thumb Code     2  heapauxi.o(.text)
    __rt_heap_escrow$2region                 0x0800dcbf   Thumb Code     2  heapauxi.o(.text)
    __rt_heap_expand$2region                 0x0800dcc1   Thumb Code     2  heapauxi.o(.text)
    __I$use$semihosting                      0x0800dcc3   Thumb Code     0  use_no_semi.o(.text)
    __use_no_semihosting_swi                 0x0800dcc3   Thumb Code     2  use_no_semi.o(.text)
    __aeabi_errno_addr                       0x0800dcc5   Thumb Code     8  rt_errno_addr_intlibspace.o(.text)
    __errno$intlibspace                      0x0800dcc5   Thumb Code     0  rt_errno_addr_intlibspace.o(.text)
    __rt_errno_addr$intlibspace              0x0800dcc5   Thumb Code     0  rt_errno_addr_intlibspace.o(.text)
    __read_errno                             0x0800dccd   Thumb Code    10  _rserrno.o(.text)
    __set_errno                              0x0800dcd7   Thumb Code    12  _rserrno.o(.text)
    _printf_int_common                       0x0800dce3   Thumb Code   178  _printf_intcommon.o(.text)
    _printf_char_common                      0x0800dd9f   Thumb Code    32  _printf_char_common.o(.text)
    _sputc                                   0x0800ddc5   Thumb Code    10  _sputc.o(.text)
    _printf_cs_common                        0x0800ddcf   Thumb Code    20  _printf_char.o(.text)
    _printf_char                             0x0800dde3   Thumb Code    16  _printf_char.o(.text)
    _printf_string                           0x0800ddf3   Thumb Code     8  _printf_char.o(.text)
    _printf_char_file                        0x0800ddfd   Thumb Code    32  _printf_char_file.o(.text)
    strtol                                   0x0800de21   Thumb Code   112  strtol.o(.text)
    __strtok_internal                        0x0800de91   Thumb Code    64  strtok_int.o(.text)
    __user_libspace                          0x0800ded5   Thumb Code     8  libspace.o(.text)
    __user_perproc_libspace                  0x0800ded5   Thumb Code     0  libspace.o(.text)
    __user_perthread_libspace                0x0800ded5   Thumb Code     0  libspace.o(.text)
    __rt_ctype_table                         0x0800dedd   Thumb Code    16  rt_ctype_table.o(.text)
    _strtoul                                 0x0800deed   Thumb Code   158  _strtoul.o(.text)
    ferror                                   0x0800df8b   Thumb Code     8  ferror.o(.text)
    strcspn                                  0x0800df93   Thumb Code    32  strcspn.o(.text)
    strspn                                   0x0800dfb3   Thumb Code    28  strspn.o(.text)
    __user_setup_stackheap                   0x0800dfcf   Thumb Code    74  sys_stackheap_outer.o(.text)
    __rt_locale                              0x0800e019   Thumb Code     8  rt_locale_intlibspace.o(.text)
    _chval                                   0x0800e021   Thumb Code    28  _chval.o(.text)
    exit                                     0x0800e03d   Thumb Code    12  exit.o(.text)
    OSStartHighRdy                           0x0800e049   Thumb Code     0  os_cpu_a.o(CODE)
    OSCtxSw                                  0x0800e06b   Thumb Code     0  os_cpu_a.o(CODE)
    OSIntCtxSw                               0x0800e075   Thumb Code     0  os_cpu_a.o(CODE)
    PendSV_Handler                           0x0800e07f   Thumb Code     0  os_cpu_a.o(CODE)
    __ARM_fpclassify                         0x0800e0f5   Thumb Code    48  fpclassify.o(i.__ARM_fpclassify)
    __hardfp_asin                            0x0800e129   Thumb Code   770  asin.o(i.__hardfp_asin)
    __hardfp_atan                            0x0800e489   Thumb Code   622  atan.o(i.__hardfp_atan)
    __hardfp_atan2                           0x0800e761   Thumb Code   432  atan2.o(i.__hardfp_atan2)
    __kernel_poly                            0x0800e951   Thumb Code   248  poly.o(i.__kernel_poly)
    __mathlib_dbl_infnan                     0x0800ea49   Thumb Code    20  dunder.o(i.__mathlib_dbl_infnan)
    __mathlib_dbl_infnan2                    0x0800ea5d   Thumb Code    20  dunder.o(i.__mathlib_dbl_infnan2)
    __mathlib_dbl_invalid                    0x0800ea71   Thumb Code    24  dunder.o(i.__mathlib_dbl_invalid)
    __mathlib_dbl_underflow                  0x0800ea91   Thumb Code    24  dunder.o(i.__mathlib_dbl_underflow)
    _is_digit                                0x0800eab1   Thumb Code    14  __printf_wp.o(i._is_digit)
    atan                                     0x0800eabf   Thumb Code    16  atan.o(i.atan)
    fabs                                     0x0800eacf   Thumb Code    24  fabs.o(i.fabs)
    sqrt                                     0x0800eae7   Thumb Code   110  sqrt.o(i.sqrt)
    _get_lc_ctype                            0x0800eb55   Thumb Code    44  lc_ctype_c.o(locale$$code)
    __aeabi_dneg                             0x0800eb81   Thumb Code     0  basic.o(x$fpl$basic)
    _dneg                                    0x0800eb81   Thumb Code     6  basic.o(x$fpl$basic)
    __aeabi_fneg                             0x0800eb87   Thumb Code     0  basic.o(x$fpl$basic)
    _fneg                                    0x0800eb87   Thumb Code     6  basic.o(x$fpl$basic)
    _dabs                                    0x0800eb8d   Thumb Code     6  basic.o(x$fpl$basic)
    _fabs                                    0x0800eb93   Thumb Code     6  basic.o(x$fpl$basic)
    __aeabi_d2f                              0x0800eb99   Thumb Code     0  d2f.o(x$fpl$d2f)
    _d2f                                     0x0800eb99   Thumb Code    98  d2f.o(x$fpl$d2f)
    __aeabi_dadd                             0x0800ebfd   Thumb Code     0  daddsub_clz.o(x$fpl$dadd)
    _dadd                                    0x0800ebfd   Thumb Code   332  daddsub_clz.o(x$fpl$dadd)
    __aeabi_ddiv                             0x0800ed4d   Thumb Code     0  ddiv.o(x$fpl$ddiv)
    _ddiv                                    0x0800ed4d   Thumb Code   552  ddiv.o(x$fpl$ddiv)
    __aeabi_i2d                              0x0800effd   Thumb Code     0  dflt_clz.o(x$fpl$dflt)
    _dflt                                    0x0800effd   Thumb Code    46  dflt_clz.o(x$fpl$dflt)
    __aeabi_dmul                             0x0800f02d   Thumb Code     0  dmul.o(x$fpl$dmul)
    _dmul                                    0x0800f02d   Thumb Code   332  dmul.o(x$fpl$dmul)
    __fpl_dnaninf                            0x0800f181   Thumb Code   156  dnaninf.o(x$fpl$dnaninf)
    __fpl_dretinf                            0x0800f21d   Thumb Code    12  dretinf.o(x$fpl$dretinf)
    __aeabi_drsub                            0x0800f229   Thumb Code     0  daddsub_clz.o(x$fpl$drsb)
    _drsb                                    0x0800f229   Thumb Code    22  daddsub_clz.o(x$fpl$drsb)
    _dsqrt                                   0x0800f241   Thumb Code   404  dsqrt_umaal.o(x$fpl$dsqrt)
    __aeabi_dsub                             0x0800f3d9   Thumb Code     0  daddsub_clz.o(x$fpl$dsub)
    _dsub                                    0x0800f3d9   Thumb Code   464  daddsub_clz.o(x$fpl$dsub)
    __aeabi_f2d                              0x0800f5ad   Thumb Code     0  f2d.o(x$fpl$f2d)
    _f2d                                     0x0800f5ad   Thumb Code    86  f2d.o(x$fpl$f2d)
    __fpl_fnaninf                            0x0800f603   Thumb Code   140  fnaninf.o(x$fpl$fnaninf)
    _fp_init                                 0x0800f68f   Thumb Code    10  fpinit.o(x$fpl$fpinit)
    __fplib_config_fpu_vfp                   0x0800f697   Thumb Code     0  fpinit.o(x$fpl$fpinit)
    __fplib_config_pureend_doubles           0x0800f697   Thumb Code     0  fpinit.o(x$fpl$fpinit)
    __fpl_fretinf                            0x0800f699   Thumb Code    10  fretinf.o(x$fpl$fretinf)
    F8X16                                    0x0800f6a2   Data        1520  oled.o(.constdata)
    __I$use$fp                               0x0800f6a2   Number         0  usenofp.o(x$fpl$usenofp)
    reg                                      0x08010888   Data          27  inv_mpu.o(.constdata)
    hw                                       0x080108a4   Data          12  inv_mpu.o(.constdata)
    test                                     0x080108b0   Data          40  inv_mpu.o(.constdata)
    OSCfg_TickTaskPrio                       0x08010a6c   Data           1  os_cfg_app.o(.constdata)
    OSCfg_TmrTaskPrio                        0x08010a6d   Data           1  os_cfg_app.o(.constdata)
    OSCfg_MsgPoolSize                        0x08010a6e   Data           2  os_cfg_app.o(.constdata)
    OSCfg_TickWheelSize                      0x08010a70   Data           2  os_cfg_app.o(.constdata)
    OSCfg_TmrWheelSize                       0x08010a72   Data           2  os_cfg_app.o(.constdata)
    OSCfg_IdleTaskStkBasePtr                 0x08010a74   Data           4  os_cfg_app.o(.constdata)
    OSCfg_IdleTaskStkLimit                   0x08010a78   Data           4  os_cfg_app.o(.constdata)
    OSCfg_IdleTaskStkSize                    0x08010a7c   Data           4  os_cfg_app.o(.constdata)
    OSCfg_IdleTaskStkSizeRAM                 0x08010a80   Data           4  os_cfg_app.o(.constdata)
    OSCfg_ISRStkBasePtr                      0x08010a84   Data           4  os_cfg_app.o(.constdata)
    OSCfg_ISRStkSize                         0x08010a88   Data           4  os_cfg_app.o(.constdata)
    OSCfg_ISRStkSizeRAM                      0x08010a8c   Data           4  os_cfg_app.o(.constdata)
    OSCfg_MsgPoolSizeRAM                     0x08010a90   Data           4  os_cfg_app.o(.constdata)
    OSCfg_MsgPoolBasePtr                     0x08010a94   Data           4  os_cfg_app.o(.constdata)
    OSCfg_StkSizeMin                         0x08010a98   Data           4  os_cfg_app.o(.constdata)
    OSCfg_TickRate_Hz                        0x08010a9c   Data           4  os_cfg_app.o(.constdata)
    OSCfg_TickTaskStkBasePtr                 0x08010aa0   Data           4  os_cfg_app.o(.constdata)
    OSCfg_TickTaskStkLimit                   0x08010aa4   Data           4  os_cfg_app.o(.constdata)
    OSCfg_TickTaskStkSize                    0x08010aa8   Data           4  os_cfg_app.o(.constdata)
    OSCfg_TickTaskStkSizeRAM                 0x08010aac   Data           4  os_cfg_app.o(.constdata)
    OSCfg_TickWheelSizeRAM                   0x08010ab0   Data           4  os_cfg_app.o(.constdata)
    OSCfg_TmrTaskRate_Hz                     0x08010ab4   Data           4  os_cfg_app.o(.constdata)
    OSCfg_TmrTaskStkBasePtr                  0x08010ab8   Data           4  os_cfg_app.o(.constdata)
    OSCfg_TmrTaskStkLimit                    0x08010abc   Data           4  os_cfg_app.o(.constdata)
    OSCfg_TmrTaskStkSize                     0x08010ac0   Data           4  os_cfg_app.o(.constdata)
    OSCfg_TmrTaskStkSizeRAM                  0x08010ac4   Data           4  os_cfg_app.o(.constdata)
    OSCfg_TmrWheelSizeRAM                    0x08010ac8   Data           4  os_cfg_app.o(.constdata)
    OSCfg_DataSizeRAM                        0x08010acc   Data           4  os_cfg_app.o(.constdata)
    __mathlib_zero                           0x08010bf8   Data           8  qnan.o(.constdata)
    Region$$Table$$Base                      0x08010c50   Number         0  anon$$obj.o(Region$$Table)
    Region$$Table$$Limit                     0x08010c70   Number         0  anon$$obj.o(Region$$Table)
    __ctype                                  0x08010c7d   Data           0  lc_ctype_c.o(locale$$data)
    id_count                                 0x20000000   Data           1  main.o(.data)
    SystemCoreClock                          0x2000000c   Data           4  system_stm32f4xx.o(.data)
    AHBPrescTable                            0x20000010   Data          16  system_stm32f4xx.o(.data)
    Hzk                                      0x20000060   Data        3072  oled.o(.data)
    USART2_RX_STA                            0x20000c90   Data           2  mifare522.o(.data)
    readCmd                                  0x20000c9a   Data           6  mifare522.o(.data)
    requestCmd                               0x20000ca0   Data           7  mifare522.o(.data)
    piccAnticollCmd                          0x20000ca7   Data           8  mifare522.o(.data)
    __stdout                                 0x20000d14   Data           4  usart.o(.data)
    CPU_TS_TmrFreq_Hz                        0x20000d18   Data           4  cpu_core.o(.data)
    Mem_PoolTbl                              0x20000d1c   Data           4  lib_mem.o(.data)
    OSPrioTbl                                0x20000d20   Data           8  os_prio.o(.data)
    OS_AppTaskCreateHookPtr                  0x20000d28   Data           4  os_var.o(.data)
    OS_AppTaskDelHookPtr                     0x20000d2c   Data           4  os_var.o(.data)
    OS_AppTaskReturnHookPtr                  0x20000d30   Data           4  os_var.o(.data)
    OS_AppIdleTaskHookPtr                    0x20000d34   Data           4  os_var.o(.data)
    OS_AppStatTaskHookPtr                    0x20000d38   Data           4  os_var.o(.data)
    OS_AppTaskSwHookPtr                      0x20000d3c   Data           4  os_var.o(.data)
    OS_AppTimeTickHookPtr                    0x20000d40   Data           4  os_var.o(.data)
    OSIdleTaskCtr                            0x20000d44   Data           4  os_var.o(.data)
    OSIntNestingCtr                          0x20000d48   Data           1  os_var.o(.data)
    OSRunning                                0x20000d49   Data           1  os_var.o(.data)
    OSFlagDbgListPtr                         0x20000d4c   Data           4  os_var.o(.data)
    OSFlagQty                                0x20000d50   Data           2  os_var.o(.data)
    OSMemDbgListPtr                          0x20000d54   Data           4  os_var.o(.data)
    OSMemQty                                 0x20000d58   Data           2  os_var.o(.data)
    OSMutexDbgListPtr                        0x20000d5c   Data           4  os_var.o(.data)
    OSMutexQty                               0x20000d60   Data           2  os_var.o(.data)
    OSPrioCur                                0x20000d62   Data           1  os_var.o(.data)
    OSPrioHighRdy                            0x20000d63   Data           1  os_var.o(.data)
    OSPrioSaved                              0x20000d64   Data           1  os_var.o(.data)
    OSQDbgListPtr                            0x20000d68   Data           4  os_var.o(.data)
    OSQQty                                   0x20000d6c   Data           2  os_var.o(.data)
    OSSchedLockTimeBegin                     0x20000d70   Data           4  os_var.o(.data)
    OSSchedLockTimeMax                       0x20000d74   Data           4  os_var.o(.data)
    OSSchedLockTimeMaxCur                    0x20000d78   Data           4  os_var.o(.data)
    OSSchedLockNestingCtr                    0x20000d7c   Data           1  os_var.o(.data)
    OSSemDbgListPtr                          0x20000d80   Data           4  os_var.o(.data)
    OSSemQty                                 0x20000d84   Data           2  os_var.o(.data)
    OSTaskCtxSwCtr                           0x20000d88   Data           4  os_var.o(.data)
    OSTaskDbgListPtr                         0x20000d8c   Data           4  os_var.o(.data)
    OSTaskQty                                0x20000d90   Data           2  os_var.o(.data)
    OSTaskRegNextAvailID                     0x20000d92   Data           1  os_var.o(.data)
    OSTickCtr                                0x20000d94   Data           4  os_var.o(.data)
    OSTickTaskTimeMax                        0x20000d98   Data           4  os_var.o(.data)
    OSTmrDbgListPtr                          0x20000d9c   Data           4  os_var.o(.data)
    OSTmrQty                                 0x20000da0   Data           2  os_var.o(.data)
    OSTmrTaskTimeMax                         0x20000da4   Data           4  os_var.o(.data)
    OSTmrTickCtr                             0x20000da8   Data           4  os_var.o(.data)
    OSTmrUpdateCnt                           0x20000dac   Data           4  os_var.o(.data)
    OSTmrUpdateCtr                           0x20000db0   Data           4  os_var.o(.data)
    OSTCBCurPtr                              0x20000db4   Data           4  os_var.o(.data)
    OSTCBHighRdyPtr                          0x20000db8   Data           4  os_var.o(.data)
    OS_CPU_ExceptStkBase                     0x20000dbc   Data           4  os_cpu_c.o(.data)
    Task1_TCB                                0x20000dc4   Data         196  main.o(.bss)
    task1_stk                                0x20000e88   Data         512  main.o(.bss)
    Task2_TCB                                0x20001088   Data         196  main.o(.bss)
    task2_stk                                0x2000114c   Data         512  main.o(.bss)
    Task3_TCB                                0x2000134c   Data         196  main.o(.bss)
    task3_stk                                0x20001410   Data         512  main.o(.bss)
    Task4_TCB                                0x20001610   Data         196  main.o(.bss)
    task4_stk                                0x200016d4   Data         512  main.o(.bss)
    Task5_TCB                                0x200018d4   Data         196  main.o(.bss)
    task5_stk                                0x20001998   Data         512  main.o(.bss)
    Task6_TCB                                0x20001b98   Data         196  main.o(.bss)
    task6_stk                                0x20001c5c   Data         512  main.o(.bss)
    Task7_TCB                                0x20001e5c   Data         196  main.o(.bss)
    task7_stk                                0x20001f20   Data         512  main.o(.bss)
    Task8_TCB                                0x20002120   Data         196  main.o(.bss)
    task8_stk                                0x200021e4   Data         512  main.o(.bss)
    Task9_TCB                                0x200023e4   Data         196  main.o(.bss)
    task9_stk                                0x200024a8   Data         512  main.o(.bss)
    Task10_TCB                               0x200026a8   Data         196  main.o(.bss)
    task10_stk                               0x2000276c   Data         512  main.o(.bss)
    Task11_TCB                               0x2000296c   Data         196  main.o(.bss)
    task11_stk                               0x20002a30   Data         512  main.o(.bss)
    Task12_TCB                               0x20002c30   Data         196  main.o(.bss)
    task12_stk                               0x20002cf4   Data        4096  main.o(.bss)
    g_queue                                  0x20003cf4   Data          48  main.o(.bss)
    g_mutex_oled                             0x20003d24   Data          44  main.o(.bss)
    g_mutex_usart3                           0x20003d50   Data          44  main.o(.bss)
    g_flag_grp                               0x20003d7c   Data          40  main.o(.bss)
    send_data                                0x20003da4   Data          40  main.o(.bss)
    save_data                                0x20003dcc   Data       51200  main.o(.bss)
    USART2_RX_BUF                            0x20010658   Data         200  mifare522.o(.bss)
    CPU_Name                                 0x200107cc   Data          16  cpu_core.o(.bss)
    Mem_PoolHeap                             0x200107dc   Data          72  lib_mem.o(.bss)
    Mem_Heap                                 0x20010824   Data        1024  lib_mem.o(.bss)
    OSCfg_IdleTaskStk                        0x20010c24   Data         512  os_cfg_app.o(.bss)
    OSCfg_ISRStk                             0x20010e24   Data         512  os_cfg_app.o(.bss)
    OSCfg_MsgPool                            0x20011024   Data        1600  os_cfg_app.o(.bss)
    OSCfg_TickTaskStk                        0x20011664   Data         512  os_cfg_app.o(.bss)
    OSCfg_TickWheel                          0x20011864   Data         136  os_cfg_app.o(.bss)
    OSCfg_TmrTaskStk                         0x200118ec   Data         512  os_cfg_app.o(.bss)
    OSCfg_TmrWheel                           0x20011aec   Data         136  os_cfg_app.o(.bss)
    OSIdleTaskTCB                            0x20011b74   Data         196  os_var.o(.bss)
    OSMsgPool                                0x20011c38   Data          12  os_var.o(.bss)
    OSRdyList                                0x20011c44   Data         768  os_var.o(.bss)
    OSTickTaskTCB                            0x20011f44   Data         196  os_var.o(.bss)
    OSTmrTaskTCB                             0x20012008   Data         196  os_var.o(.bss)
    __libspace_start                         0x200120cc   Data          96  libspace.o(.bss)
    __temporary_stack_top$libspace           0x2001212c   Data           0  libspace.o(.bss)



==============================================================================

Memory Map of the image

  Image Entry point : 0x08000189

  Load Region LR_IROM1 (Base: 0x08000000, Size: 0x00011b44, Max: 0x00100000, ABSOLUTE, COMPRESSED[0x0001107c])

    Execution Region ER_IROM1 (Base: 0x08000000, Size: 0x00010d80, Max: 0x00100000, ABSOLUTE)

    Base Addr    Size         Type   Attr      Idx    E Section Name        Object

    0x08000000   0x00000188   Data   RO          737    RESET               startup_stm32f40_41xxx.o
    0x08000188   0x00000008   Code   RO         1668  * !!!main             c_w.l(__main.o)
    0x08000190   0x00000034   Code   RO         1996    !!!scatter          c_w.l(__scatter.o)
    0x080001c4   0x0000005a   Code   RO         1994    !!dczerorl2         c_w.l(__dczerorl2.o)
    0x0800021e   0x00000002   PAD
    0x08000220   0x0000001c   Code   RO         1998    !!handler_zi        c_w.l(__scatter_zi.o)
    0x0800023c   0x00000000   Code   RO         1646    .ARM.Collect$$_printf_percent$$00000000  c_w.l(_printf_percent.o)
    0x0800023c   0x00000006   Code   RO         1645    .ARM.Collect$$_printf_percent$$00000009  c_w.l(_printf_d.o)
    0x08000242   0x00000006   Code   RO         1644    .ARM.Collect$$_printf_percent$$0000000C  c_w.l(_printf_x.o)
    0x08000248   0x00000006   Code   RO         1643    .ARM.Collect$$_printf_percent$$00000014  c_w.l(_printf_s.o)
    0x0800024e   0x00000004   Code   RO         1742    .ARM.Collect$$_printf_percent$$00000017  c_w.l(_printf_percent_end.o)
    0x08000252   0x00000002   Code   RO         1870    .ARM.Collect$$libinit$$00000000  c_w.l(libinit.o)
    0x08000254   0x00000004   Code   RO         1881    .ARM.Collect$$libinit$$00000001  c_w.l(libinit2.o)
    0x08000258   0x00000000   Code   RO         1884    .ARM.Collect$$libinit$$00000004  c_w.l(libinit2.o)
    0x08000258   0x00000000   Code   RO         1887    .ARM.Collect$$libinit$$0000000A  c_w.l(libinit2.o)
    0x08000258   0x00000000   Code   RO         1889    .ARM.Collect$$libinit$$0000000C  c_w.l(libinit2.o)
    0x08000258   0x00000000   Code   RO         1891    .ARM.Collect$$libinit$$0000000E  c_w.l(libinit2.o)
    0x08000258   0x00000006   Code   RO         1892    .ARM.Collect$$libinit$$0000000F  c_w.l(libinit2.o)
    0x0800025e   0x00000000   Code   RO         1894    .ARM.Collect$$libinit$$00000011  c_w.l(libinit2.o)
    0x0800025e   0x0000000c   Code   RO         1895    .ARM.Collect$$libinit$$00000012  c_w.l(libinit2.o)
    0x0800026a   0x00000000   Code   RO         1896    .ARM.Collect$$libinit$$00000013  c_w.l(libinit2.o)
    0x0800026a   0x00000000   Code   RO         1898    .ARM.Collect$$libinit$$00000015  c_w.l(libinit2.o)
    0x0800026a   0x00000000   Code   RO         1900    .ARM.Collect$$libinit$$00000017  c_w.l(libinit2.o)
    0x0800026a   0x00000000   Code   RO         1902    .ARM.Collect$$libinit$$00000019  c_w.l(libinit2.o)
    0x0800026a   0x00000000   Code   RO         1904    .ARM.Collect$$libinit$$0000001B  c_w.l(libinit2.o)
    0x0800026a   0x00000000   Code   RO         1906    .ARM.Collect$$libinit$$0000001D  c_w.l(libinit2.o)
    0x0800026a   0x00000000   Code   RO         1908    .ARM.Collect$$libinit$$0000001F  c_w.l(libinit2.o)
    0x0800026a   0x00000000   Code   RO         1910    .ARM.Collect$$libinit$$00000021  c_w.l(libinit2.o)
    0x0800026a   0x00000000   Code   RO         1912    .ARM.Collect$$libinit$$00000023  c_w.l(libinit2.o)
    0x0800026a   0x00000000   Code   RO         1914    .ARM.Collect$$libinit$$00000025  c_w.l(libinit2.o)
    0x0800026a   0x00000000   Code   RO         1918    .ARM.Collect$$libinit$$0000002C  c_w.l(libinit2.o)
    0x0800026a   0x00000000   Code   RO         1920    .ARM.Collect$$libinit$$0000002E  c_w.l(libinit2.o)
    0x0800026a   0x00000000   Code   RO         1922    .ARM.Collect$$libinit$$00000030  c_w.l(libinit2.o)
    0x0800026a   0x00000000   Code   RO         1924    .ARM.Collect$$libinit$$00000032  c_w.l(libinit2.o)
    0x0800026a   0x00000002   Code   RO         1925    .ARM.Collect$$libinit$$00000033  c_w.l(libinit2.o)
    0x0800026c   0x00000002   Code   RO         1951    .ARM.Collect$$libshutdown$$00000000  c_w.l(libshutdown.o)
    0x0800026e   0x00000000   Code   RO         1979    .ARM.Collect$$libshutdown$$00000003  c_w.l(libshutdown2.o)
    0x0800026e   0x00000000   Code   RO         1982    .ARM.Collect$$libshutdown$$00000006  c_w.l(libshutdown2.o)
    0x0800026e   0x00000000   Code   RO         1985    .ARM.Collect$$libshutdown$$00000009  c_w.l(libshutdown2.o)
    0x0800026e   0x00000000   Code   RO         1987    .ARM.Collect$$libshutdown$$0000000B  c_w.l(libshutdown2.o)
    0x0800026e   0x00000000   Code   RO         1990    .ARM.Collect$$libshutdown$$0000000E  c_w.l(libshutdown2.o)
    0x0800026e   0x00000002   Code   RO         1991    .ARM.Collect$$libshutdown$$0000000F  c_w.l(libshutdown2.o)
    0x08000270   0x00000000   Code   RO         1720    .ARM.Collect$$rtentry$$00000000  c_w.l(__rtentry.o)
    0x08000270   0x00000000   Code   RO         1813    .ARM.Collect$$rtentry$$00000002  c_w.l(__rtentry2.o)
    0x08000270   0x00000006   Code   RO         1825    .ARM.Collect$$rtentry$$00000004  c_w.l(__rtentry4.o)
    0x08000276   0x00000000   Code   RO         1815    .ARM.Collect$$rtentry$$00000009  c_w.l(__rtentry2.o)
    0x08000276   0x00000004   Code   RO         1816    .ARM.Collect$$rtentry$$0000000A  c_w.l(__rtentry2.o)
    0x0800027a   0x00000000   Code   RO         1818    .ARM.Collect$$rtentry$$0000000C  c_w.l(__rtentry2.o)
    0x0800027a   0x00000008   Code   RO         1819    .ARM.Collect$$rtentry$$0000000D  c_w.l(__rtentry2.o)
    0x08000282   0x00000002   Code   RO         1873    .ARM.Collect$$rtexit$$00000000  c_w.l(rtexit.o)
    0x08000284   0x00000000   Code   RO         1927    .ARM.Collect$$rtexit$$00000002  c_w.l(rtexit2.o)
    0x08000284   0x00000004   Code   RO         1928    .ARM.Collect$$rtexit$$00000003  c_w.l(rtexit2.o)
    0x08000288   0x00000006   Code   RO         1929    .ARM.Collect$$rtexit$$00000004  c_w.l(rtexit2.o)
    0x0800028e   0x00000002   PAD
    0x08000290   0x00001744   Code   RO            3    .text               main.o
    0x080019d4   0x0000000e   Code   RO          267    .text               stm32f4xx_it.o
    0x080019e2   0x00000002   PAD
    0x080019e4   0x0000017c   Code   RO          316    .text               system_stm32f4xx.o
    0x08001b60   0x00000070   Code   RO          342    .text               led.o
    0x08001bd0   0x00000178   Code   RO          362    .text               dth11.o
    0x08001d48   0x000000c0   Code   RO          388    .text               sr04.o
    0x08001e08   0x00000034   Code   RO          410    .text               beep.o
    0x08001e3c   0x00000154   Code   RO          432    .text               flame.o
    0x08001f90   0x000001fc   Code   RO          456    .text               ir.o
    0x0800218c   0x00000440   Code   RO          479    .text               oled.o
    0x080025cc   0x000000c8   Code   RO          511    .text               zymq.o
    0x08002694   0x000003d8   Code   RO          534    .text               rtc.o
    0x08002a6c   0x0000008c   Code   RO          558    .text               keyboard.o
    0x08002af8   0x00000534   Code   RO          580    .text               mifare522.o
    0x0800302c   0x000000b4   Code   RO          608    .text               dog.o
    0x080030e0   0x0000022c   Code   RO          631    .text               myiic.o
    0x0800330c   0x000002d8   Code   RO          651    .text               mpu6050.o
    0x080035e4   0x00000a84   Code   RO          672    .text               inv_mpu_dmp_motion_driver.o
    0x08004068   0x00001a18   Code   RO          702    .text               inv_mpu.o
    0x08005a80   0x00000040   Code   RO          738    .text               startup_stm32f40_41xxx.o
    0x08005ac0   0x000000b0   Code   RO          744    .text               misc.o
    0x08005b70   0x0000020c   Code   RO          764    .text               stm32f4xx_gpio.o
    0x08005d7c   0x00000480   Code   RO          784    .text               stm32f4xx_rcc.o
    0x080061fc   0x0000007c   Code   RO          806    .text               stm32f4xx_syscfg.o
    0x08006278   0x00000358   Code   RO          826    .text               stm32f4xx_usart.o
    0x080065d0   0x000009dc   Code   RO          869    .text               stm32f4xx_tim.o
    0x08006fac   0x00000354   Code   RO          890    .text               stm32f4xx_adc.o
    0x08007300   0x000000e0   Code   RO          910    .text               stm32f4xx_exti.o
    0x080073e0   0x00000128   Code   RO          930    .text               stm32f4xx_pwr.o
    0x08007508   0x00000a4c   Code   RO          950    .text               stm32f4xx_rtc.o
    0x08007f54   0x0000003c   Code   RO          991    .text               stm32f4xx_iwdg.o
    0x08007f90   0x000004e8   Code   RO         1011    .text               stm32f4xx_flash.o
    0x08008478   0x000000fc   Code   RO         1032    .text               delay.o
    0x08008574   0x000002bc   Code   RO         1072    .text               usart.o
    0x08008830   0x00000068   Code   RO         1102    .text               bsp.o
    0x08008898   0x000001bc   Code   RO         1136    .text               cpu_core.o
    0x08008a54   0x00000034   Code   RO         1164    .text               cpu_a.o
    0x08008a88   0x0000015a   Code   RO         1167    .text               lib_ascii.o
    0x08008be2   0x00000002   PAD
    0x08008be4   0x00000668   Code   RO         1202    .text               lib_mem.o
    0x0800924c   0x000005a8   Code   RO         1221    .text               lib_str.o
    0x080097f4   0x00000220   Code   RO         1239    .text               lib_mem_a.o
    0x08009a14   0x00000002   Code   RO         1242    .text               os_cfg_app.o
    0x08009a16   0x00000002   PAD
    0x08009a18   0x00000936   Code   RO         1284    .text               os_core.o
    0x0800a34e   0x00000002   Code   RO         1297    .text               os_dbg.o
    0x0800a350   0x00000664   Code   RO         1314    .text               os_flag.o
    0x0800a9b4   0x00000154   Code   RO         1333    .text               os_mem.o
    0x0800ab08   0x00000188   Code   RO         1345    .text               os_msg.o
    0x0800ac90   0x0000057c   Code   RO         1357    .text               os_mutex.o
    0x0800b20c   0x00000070   Code   RO         1376    .text               os_prio.o
    0x0800b27c   0x00000514   Code   RO         1395    .text               os_q.o
    0x0800b790   0x000004c0   Code   RO         1408    .text               os_sem.o
    0x0800bc50   0x00000c0c   Code   RO         1427    .text               os_task.o
    0x0800c85c   0x0000031c   Code   RO         1439    .text               os_tick.o
    0x0800cb78   0x000002a4   Code   RO         1452    .text               os_time.o
    0x0800ce1c   0x00000640   Code   RO         1464    .text               os_tmr.o
    0x0800d45c   0x00000260   Code   RO         1536    .text               os_cpu_c.o
    0x0800d6bc   0x00000002   Code   RO         1580    .text               c_w.l(use_no_semi_2.o)
    0x0800d6be   0x000000ee   Code   RO         1582    .text               c_w.l(lludivv7m.o)
    0x0800d7ac   0x00000048   Code   RO         1584    .text               c_w.l(llsdiv.o)
    0x0800d7f4   0x00000018   Code   RO         1590    .text               c_w.l(noretval__2printf.o)
    0x0800d80c   0x00000028   Code   RO         1592    .text               c_w.l(noretval__2sprintf.o)
    0x0800d834   0x0000004e   Code   RO         1596    .text               c_w.l(_printf_pad.o)
    0x0800d882   0x00000052   Code   RO         1598    .text               c_w.l(_printf_str.o)
    0x0800d8d4   0x00000078   Code   RO         1600    .text               c_w.l(_printf_dec.o)
    0x0800d94c   0x00000058   Code   RO         1605    .text               c_w.l(_printf_hex_int.o)
    0x0800d9a4   0x00000138   Code   RO         1635    .text               c_w.l(__printf_flags_wp.o)
    0x0800dadc   0x0000001a   Code   RO         1647    .text               c_w.l(atoi.o)
    0x0800daf6   0x00000002   PAD
    0x0800daf8   0x0000000c   Code   RO         1649    .text               c_w.l(strtok.o)
    0x0800db04   0x00000024   Code   RO         1652    .text               c_w.l(strstr.o)
    0x0800db28   0x00000058   Code   RO         1654    .text               c_w.l(memcmp.o)
    0x0800db80   0x00000018   Code   RO         1656    .text               c_w.l(strcat.o)
    0x0800db98   0x00000010   Code   RO         1658    .text               c_w.l(aeabi_memset.o)
    0x0800dba8   0x00000044   Code   RO         1660    .text               c_w.l(rt_memclr.o)
    0x0800dbec   0x0000004e   Code   RO         1662    .text               c_w.l(rt_memclr_w.o)
    0x0800dc3a   0x00000002   PAD
    0x0800dc3c   0x00000080   Code   RO         1664    .text               c_w.l(strcmpv7m.o)
    0x0800dcbc   0x00000006   Code   RO         1666    .text               c_w.l(heapauxi.o)
    0x0800dcc2   0x00000002   Code   RO         1718    .text               c_w.l(use_no_semi.o)
    0x0800dcc4   0x00000008   Code   RO         1728    .text               c_w.l(rt_errno_addr_intlibspace.o)
    0x0800dccc   0x00000016   Code   RO         1730    .text               c_w.l(_rserrno.o)
    0x0800dce2   0x000000b2   Code   RO         1732    .text               c_w.l(_printf_intcommon.o)
    0x0800dd94   0x00000030   Code   RO         1734    .text               c_w.l(_printf_char_common.o)
    0x0800ddc4   0x0000000a   Code   RO         1736    .text               c_w.l(_sputc.o)
    0x0800ddce   0x0000002c   Code   RO         1738    .text               c_w.l(_printf_char.o)
    0x0800ddfa   0x00000002   PAD
    0x0800ddfc   0x00000024   Code   RO         1740    .text               c_w.l(_printf_char_file.o)
    0x0800de20   0x00000070   Code   RO         1743    .text               c_w.l(strtol.o)
    0x0800de90   0x00000044   Code   RO         1745    .text               c_w.l(strtok_int.o)
    0x0800ded4   0x00000008   Code   RO         1809    .text               c_w.l(libspace.o)
    0x0800dedc   0x00000010   Code   RO         1827    .text               c_w.l(rt_ctype_table.o)
    0x0800deec   0x0000009e   Code   RO         1833    .text               c_w.l(_strtoul.o)
    0x0800df8a   0x00000008   Code   RO         1835    .text               c_w.l(ferror.o)
    0x0800df92   0x00000020   Code   RO         1839    .text               c_w.l(strcspn.o)
    0x0800dfb2   0x0000001c   Code   RO         1841    .text               c_w.l(strspn.o)
    0x0800dfce   0x0000004a   Code   RO         1847    .text               c_w.l(sys_stackheap_outer.o)
    0x0800e018   0x00000008   Code   RO         1852    .text               c_w.l(rt_locale_intlibspace.o)
    0x0800e020   0x0000001c   Code   RO         1854    .text               c_w.l(_chval.o)
    0x0800e03c   0x0000000c   Code   RO         1859    .text               c_w.l(exit.o)
    0x0800e048   0x000000ac   Code   RO         1560    CODE                os_cpu_a.o
    0x0800e0f4   0x00000030   Code   RO         1792    i.__ARM_fpclassify  m_wm.l(fpclassify.o)
    0x0800e124   0x00000004   PAD
    0x0800e128   0x00000360   Code   RO         1692    i.__hardfp_asin     m_wm.l(asin.o)
    0x0800e488   0x000002d8   Code   RO         1758    i.__hardfp_atan     m_wm.l(atan.o)
    0x0800e760   0x000001f0   Code   RO         1706    i.__hardfp_atan2    m_wm.l(atan2.o)
    0x0800e950   0x000000f8   Code   RO         1794    i.__kernel_poly     m_wm.l(poly.o)
    0x0800ea48   0x00000014   Code   RO         1773    i.__mathlib_dbl_infnan  m_wm.l(dunder.o)
    0x0800ea5c   0x00000014   Code   RO         1774    i.__mathlib_dbl_infnan2  m_wm.l(dunder.o)
    0x0800ea70   0x00000020   Code   RO         1775    i.__mathlib_dbl_invalid  m_wm.l(dunder.o)
    0x0800ea90   0x00000020   Code   RO         1778    i.__mathlib_dbl_underflow  m_wm.l(dunder.o)
    0x0800eab0   0x0000000e   Code   RO         1633    i._is_digit         c_w.l(__printf_wp.o)
    0x0800eabe   0x00000010   Code   RO         1760    i.atan              m_wm.l(atan.o)
    0x0800eace   0x00000018   Code   RO         1788    i.fabs              m_wm.l(fabs.o)
    0x0800eae6   0x0000006e   Code   RO         1799    i.sqrt              m_wm.l(sqrt.o)
    0x0800eb54   0x0000002c   Code   RO         1857    locale$$code        c_w.l(lc_ctype_c.o)
    0x0800eb80   0x00000018   Code   RO         1747    x$fpl$basic         fz_wm.l(basic.o)
    0x0800eb98   0x00000062   Code   RO         1670    x$fpl$d2f           fz_wm.l(d2f.o)
    0x0800ebfa   0x00000002   PAD
    0x0800ebfc   0x00000150   Code   RO         1672    x$fpl$dadd          fz_wm.l(daddsub_clz.o)
    0x0800ed4c   0x000002b0   Code   RO         1679    x$fpl$ddiv          fz_wm.l(ddiv.o)
    0x0800effc   0x0000002e   Code   RO         1683    x$fpl$dflt          fz_wm.l(dflt_clz.o)
    0x0800f02a   0x00000002   PAD
    0x0800f02c   0x00000154   Code   RO         1688    x$fpl$dmul          fz_wm.l(dmul.o)
    0x0800f180   0x0000009c   Code   RO         1749    x$fpl$dnaninf       fz_wm.l(dnaninf.o)
    0x0800f21c   0x0000000c   Code   RO         1751    x$fpl$dretinf       fz_wm.l(dretinf.o)
    0x0800f228   0x00000016   Code   RO         1673    x$fpl$drsb          fz_wm.l(daddsub_clz.o)
    0x0800f23e   0x00000002   PAD
    0x0800f240   0x00000198   Code   RO         1845    x$fpl$dsqrt         fz_wm.l(dsqrt_umaal.o)
    0x0800f3d8   0x000001d4   Code   RO         1674    x$fpl$dsub          fz_wm.l(daddsub_clz.o)
    0x0800f5ac   0x00000056   Code   RO         1690    x$fpl$f2d           fz_wm.l(f2d.o)
    0x0800f602   0x0000008c   Code   RO         1753    x$fpl$fnaninf       fz_wm.l(fnaninf.o)
    0x0800f68e   0x0000000a   Code   RO         1939    x$fpl$fpinit        fz_wm.l(fpinit.o)
    0x0800f698   0x0000000a   Code   RO         1755    x$fpl$fretinf       fz_wm.l(fretinf.o)
    0x0800f6a2   0x00000000   Code   RO         1757    x$fpl$usenofp       fz_wm.l(usenofp.o)
    0x0800f6a2   0x000005f0   Data   RO          481    .constdata          oled.o
    0x0800fc92   0x00000bf6   Data   RO          674    .constdata          inv_mpu_dmp_motion_driver.o
    0x08010888   0x0000001b   Data   RO          703    .constdata          inv_mpu.o
    0x080108a3   0x00000001   PAD
    0x080108a4   0x0000000c   Data   RO          704    .constdata          inv_mpu.o
    0x080108b0   0x00000028   Data   RO          705    .constdata          inv_mpu.o
    0x080108d8   0x00000100   Data   RO         1138    .constdata          cpu_core.o
    0x080109d8   0x00000094   Data   RO         1222    .constdata          lib_str.o
    0x08010a6c   0x00000064   Data   RO         1250    .constdata          os_cfg_app.o
    0x08010ad0   0x00000028   Data   RO         1606    .constdata          c_w.l(_printf_hex_int.o)
    0x08010af8   0x00000011   Data   RO         1636    .constdata          c_w.l(__printf_flags_wp.o)
    0x08010b09   0x00000007   PAD
    0x08010b10   0x00000050   Data   RO         1695    .constdata          m_wm.l(asin.o)
    0x08010b60   0x00000098   Data   RO         1761    .constdata          m_wm.l(atan.o)
    0x08010bf8   0x00000008   Data   RO         1796    .constdata          m_wm.l(qnan.o)
    0x08010c00   0x0000004d   Data   RO          706    .conststring        inv_mpu.o
    0x08010c4d   0x00000003   PAD
    0x08010c50   0x00000020   Data   RO         1992    Region$$Table       anon$$obj.o
    0x08010c70   0x00000110   Data   RO         1856    locale$$data        c_w.l(lc_ctype_c.o)


    Execution Region RW_IRAM1 (Base: 0x20000000, Size: 0x00018130, Max: 0x00020000, ABSOLUTE, COMPRESSED[0x000002fc])

    Base Addr    Size         Type   Attr      Idx    E Section Name        Object

    0x20000000   0x00000009   Data   RW            5    .data               main.o
    0x20000009   0x00000003   PAD
    0x2000000c   0x00000014   Data   RW          317    .data               system_stm32f4xx.o
    0x20000020   0x00000008   Data   RW          363    .data               dth11.o
    0x20000028   0x00000008   Data   RW          389    .data               sr04.o
    0x20000030   0x00000008   Data   RW          411    .data               beep.o
    0x20000038   0x00000014   Data   RW          434    .data               flame.o
    0x2000004c   0x00000014   Data   RW          458    .data               ir.o
    0x20000060   0x00000c00   Data   RW          482    .data               oled.o
    0x20000c60   0x00000014   Data   RW          513    .data               zymq.o
    0x20000c74   0x00000014   Data   RW          536    .data               rtc.o
    0x20000c88   0x00000008   Data   RW          559    .data               keyboard.o
    0x20000c90   0x0000001f   Data   RW          582    .data               mifare522.o
    0x20000caf   0x00000004   Data   RW          610    .data               dog.o
    0x20000cb3   0x00000001   PAD
    0x20000cb4   0x00000035   Data   RW          707    .data               inv_mpu.o
    0x20000ce9   0x00000010   Data   RW          785    .data               stm32f4xx_rcc.o
    0x20000cf9   0x00000001   PAD
    0x20000cfa   0x00000004   Data   RW         1033    .data               delay.o
    0x20000cfe   0x00000002   PAD
    0x20000d00   0x00000014   Data   RW         1074    .data               usart.o
    0x20000d14   0x00000004   Data   RW         1075    .data               usart.o
    0x20000d18   0x00000004   Data   RW         1140    .data               cpu_core.o
    0x20000d1c   0x00000004   Data   RW         1204    .data               lib_mem.o
    0x20000d20   0x00000008   Data   RW         1377    .data               os_prio.o
    0x20000d28   0x00000004   Data   RW         1481    .data               os_var.o
    0x20000d2c   0x00000004   Data   RW         1482    .data               os_var.o
    0x20000d30   0x00000004   Data   RW         1483    .data               os_var.o
    0x20000d34   0x00000004   Data   RW         1484    .data               os_var.o
    0x20000d38   0x00000004   Data   RW         1485    .data               os_var.o
    0x20000d3c   0x00000004   Data   RW         1486    .data               os_var.o
    0x20000d40   0x00000004   Data   RW         1487    .data               os_var.o
    0x20000d44   0x00000004   Data   RW         1488    .data               os_var.o
    0x20000d48   0x00000001   Data   RW         1489    .data               os_var.o
    0x20000d49   0x00000001   Data   RW         1490    .data               os_var.o
    0x20000d4a   0x00000002   PAD
    0x20000d4c   0x00000004   Data   RW         1491    .data               os_var.o
    0x20000d50   0x00000002   Data   RW         1492    .data               os_var.o
    0x20000d52   0x00000002   PAD
    0x20000d54   0x00000004   Data   RW         1493    .data               os_var.o
    0x20000d58   0x00000002   Data   RW         1494    .data               os_var.o
    0x20000d5a   0x00000002   PAD
    0x20000d5c   0x00000004   Data   RW         1495    .data               os_var.o
    0x20000d60   0x00000002   Data   RW         1496    .data               os_var.o
    0x20000d62   0x00000001   Data   RW         1497    .data               os_var.o
    0x20000d63   0x00000001   Data   RW         1498    .data               os_var.o
    0x20000d64   0x00000001   Data   RW         1499    .data               os_var.o
    0x20000d65   0x00000003   PAD
    0x20000d68   0x00000004   Data   RW         1500    .data               os_var.o
    0x20000d6c   0x00000002   Data   RW         1501    .data               os_var.o
    0x20000d6e   0x00000002   PAD
    0x20000d70   0x00000004   Data   RW         1502    .data               os_var.o
    0x20000d74   0x00000004   Data   RW         1503    .data               os_var.o
    0x20000d78   0x00000004   Data   RW         1504    .data               os_var.o
    0x20000d7c   0x00000001   Data   RW         1505    .data               os_var.o
    0x20000d7d   0x00000003   PAD
    0x20000d80   0x00000004   Data   RW         1506    .data               os_var.o
    0x20000d84   0x00000002   Data   RW         1507    .data               os_var.o
    0x20000d86   0x00000002   PAD
    0x20000d88   0x00000004   Data   RW         1508    .data               os_var.o
    0x20000d8c   0x00000004   Data   RW         1509    .data               os_var.o
    0x20000d90   0x00000002   Data   RW         1510    .data               os_var.o
    0x20000d92   0x00000001   Data   RW         1511    .data               os_var.o
    0x20000d93   0x00000001   PAD
    0x20000d94   0x00000004   Data   RW         1512    .data               os_var.o
    0x20000d98   0x00000004   Data   RW         1513    .data               os_var.o
    0x20000d9c   0x00000004   Data   RW         1514    .data               os_var.o
    0x20000da0   0x00000002   Data   RW         1515    .data               os_var.o
    0x20000da2   0x00000002   PAD
    0x20000da4   0x00000004   Data   RW         1516    .data               os_var.o
    0x20000da8   0x00000004   Data   RW         1517    .data               os_var.o
    0x20000dac   0x00000004   Data   RW         1518    .data               os_var.o
    0x20000db0   0x00000004   Data   RW         1519    .data               os_var.o
    0x20000db4   0x00000004   Data   RW         1520    .data               os_var.o
    0x20000db8   0x00000004   Data   RW         1521    .data               os_var.o
    0x20000dbc   0x00000004   Data   RW         1537    .data               os_cpu_c.o
    0x20000dc0   0x00000004   Data   RW         1650    .data               c_w.l(strtok.o)
    0x20000dc4   0x0000f808   Zero   RW            4    .bss                main.o
    0x200105cc   0x00000028   Zero   RW          433    .bss                flame.o
    0x200105f4   0x00000020   Zero   RW          457    .bss                ir.o
    0x20010614   0x00000028   Zero   RW          512    .bss                zymq.o
    0x2001063c   0x0000001c   Zero   RW          535    .bss                rtc.o
    0x20010658   0x000000c8   Zero   RW          581    .bss                mifare522.o
    0x20010720   0x0000000c   Zero   RW          609    .bss                dog.o
    0x2001072c   0x00000010   Zero   RW          673    .bss                inv_mpu_dmp_motion_driver.o
    0x2001073c   0x00000090   Zero   RW         1073    .bss                usart.o
    0x200107cc   0x00000010   Zero   RW         1137    .bss                cpu_core.o
    0x200107dc   0x00000448   Zero   RW         1203    .bss                lib_mem.o
    0x20010c24   0x00000200   Zero   RW         1243    .bss                os_cfg_app.o
    0x20010e24   0x00000200   Zero   RW         1244    .bss                os_cfg_app.o
    0x20011024   0x00000640   Zero   RW         1245    .bss                os_cfg_app.o
    0x20011664   0x00000200   Zero   RW         1246    .bss                os_cfg_app.o
    0x20011864   0x00000088   Zero   RW         1247    .bss                os_cfg_app.o
    0x200118ec   0x00000200   Zero   RW         1248    .bss                os_cfg_app.o
    0x20011aec   0x00000088   Zero   RW         1249    .bss                os_cfg_app.o
    0x20011b74   0x000000c4   Zero   RW         1476    .bss                os_var.o
    0x20011c38   0x0000000c   Zero   RW         1477    .bss                os_var.o
    0x20011c44   0x00000300   Zero   RW         1478    .bss                os_var.o
    0x20011f44   0x000000c4   Zero   RW         1479    .bss                os_var.o
    0x20012008   0x000000c4   Zero   RW         1480    .bss                os_var.o
    0x200120cc   0x00000060   Zero   RW         1810    .bss                c_w.l(libspace.o)
    0x2001212c   0x00000004   PAD
    0x20012130   0x00002000   Zero   RW          736    HEAP                startup_stm32f40_41xxx.o
    0x20014130   0x00004000   Zero   RW          735    STACK               startup_stm32f40_41xxx.o


==============================================================================

Image component sizes


      Code (inc. data)   RO Data    RW Data    ZI Data      Debug   Object Name

        52          8          0          8          0        820   beep.o
       104         14          0          0          0       1937   bsp.o
        52          0          0          0          0        372   cpu_a.o
       444         12        256          4         16      14577   cpu_core.o
       252         28          0          4          0       1557   delay.o
       180         10          0          4         12       1206   dog.o
       376         14          0          8          0       2212   dth11.o
       340         34          0         20         40       1420   flame.o
      6680        198        156         53          0      24771   inv_mpu.o
      2692        134       3062          0         16      15461   inv_mpu_dmp_motion_driver.o
       508         26          0         20         32       2316   ir.o
       140         20          0          8          0        904   keyboard.o
       112         10          0          0          0        635   led.o
       346          0          0          0          0       4450   lib_ascii.o
      1640         26          0          4       1096      22328   lib_mem.o
       544          0          0          0          0        520   lib_mem_a.o
      1448          4        148          0          0      12708   lib_str.o
      5956       1260          0          9      63496     370061   main.o
      1332        264          0         31        200       4625   mifare522.o
       176         12          0          0          0       2149   misc.o
       728         22          0          0          0       4213   mpu6050.o
       556         10          0          0          0       2076   myiic.o
      1088         42       1520       3072          0       5235   oled.o
         2          0        100          0       3920      19297   os_cfg_app.o
      2358        198          0          0          0      11962   os_core.o
       172         32          0          0          0        440   os_cpu_a.o
       608         66          0          4          0       4085   os_cpu_c.o
         2          0          0          0          0        562   os_dbg.o
      1636         70          0          0          0       7625   os_flag.o
       340         16          0          0          0       2756   os_mem.o
       392         14          0          0          0       3223   os_msg.o
      1404         80          0          0          0       5688   os_mutex.o
       112          6          0          8          0       2148   os_prio.o
      1300         52          0          0          0       6346   os_q.o
      1216         58          0          0          0       6206   os_sem.o
      3084        150          0          0          0      13298   os_task.o
       796         74          0          0          0       3819   os_tick.o
       676         46          0          0          0       3333   os_time.o
      1600        124          0          0          0       6806   os_tmr.o
         0          0          0        129       1368      17580   os_var.o
       984         92          0         20         28       2276   rtc.o
       192         26          0          8          0       1170   sr04.o
        64         26        392          0      24576        880   startup_stm32f40_41xxx.o
       852         20          0          0          0      10590   stm32f4xx_adc.o
       224         10          0          0          0       2623   stm32f4xx_exti.o
      1256         26          0          0          0       9744   stm32f4xx_flash.o
       524         44          0          0          0       4497   stm32f4xx_gpio.o
        14          0          0          0          0       1075   stm32f4xx_it.o
        60          6          0          0          0       1421   stm32f4xx_iwdg.o
       296         12          0          0          0       3687   stm32f4xx_pwr.o
      1152         48          0         16          0      12976   stm32f4xx_rcc.o
      2636         48          0          0          0      16062   stm32f4xx_rtc.o
       124         16          0          0          0       1929   stm32f4xx_syscfg.o
      2524         52          0          0          0      23170   stm32f4xx_tim.o
       856         32          0          0          0       8216   stm32f4xx_usart.o
       380         36          0         20          0       2059   system_stm32f4xx.o
       700         52          0         24        144       4574   usart.o
       200         16          0         20         40       1163   zymq.o

    ----------------------------------------------------------------------
     54488       3696       5670       3520      94984     719839   Object Totals
         0          0         32          0          0          0   (incl. Generated)
         6          0          4         26          0          0   (incl. Padding)

    ----------------------------------------------------------------------

      Code (inc. data)   RO Data    RW Data    ZI Data      Debug   Library Member Name

        90          0          0          0          0          0   __dczerorl2.o
         8          0          0          0          0         68   __main.o
       312          4         17          0          0         92   __printf_flags_wp.o
        14          0          0          0          0         68   __printf_wp.o
         0          0          0          0          0          0   __rtentry.o
        12          0          0          0          0          0   __rtentry2.o
         6          0          0          0          0          0   __rtentry4.o
        52          8          0          0          0          0   __scatter.o
        28          0          0          0          0          0   __scatter_zi.o
        28          0          0          0          0         68   _chval.o
        44          0          0          0          0        108   _printf_char.o
        48          6          0          0          0         96   _printf_char_common.o
        36          4          0          0          0         80   _printf_char_file.o
         6          0          0          0          0          0   _printf_d.o
       120         16          0          0          0         92   _printf_dec.o
        88          4         40          0          0         88   _printf_hex_int.o
       178          0          0          0          0         88   _printf_intcommon.o
        78          0          0          0          0        108   _printf_pad.o
         0          0          0          0          0          0   _printf_percent.o
         4          0          0          0          0          0   _printf_percent_end.o
         6          0          0          0          0          0   _printf_s.o
        82          0          0          0          0         80   _printf_str.o
         6          0          0          0          0          0   _printf_x.o
        22          0          0          0          0        100   _rserrno.o
        10          0          0          0          0         68   _sputc.o
       158          0          0          0          0         92   _strtoul.o
        16          0          0          0          0         68   aeabi_memset.o
        26          0          0          0          0         80   atoi.o
        12          0          0          0          0         72   exit.o
         8          0          0          0          0         68   ferror.o
         6          0          0          0          0        152   heapauxi.o
        44         10        272          0          0         76   lc_ctype_c.o
         2          0          0          0          0          0   libinit.o
        24          0          0          0          0          0   libinit2.o
         2          0          0          0          0          0   libshutdown.o
         2          0          0          0          0          0   libshutdown2.o
         8          4          0          0         96         68   libspace.o
        72          0          0          0          0         76   llsdiv.o
       238          0          0          0          0        100   lludivv7m.o
        88          0          0          0          0         76   memcmp.o
        24          4          0          0          0         84   noretval__2printf.o
        40          6          0          0          0         84   noretval__2sprintf.o
        16          4          0          0          0         76   rt_ctype_table.o
         8          4          0          0          0         68   rt_errno_addr_intlibspace.o
         8          4          0          0          0         68   rt_locale_intlibspace.o
        68          0          0          0          0         68   rt_memclr.o
        78          0          0          0          0         80   rt_memclr_w.o
         2          0          0          0          0          0   rtexit.o
        10          0          0          0          0          0   rtexit2.o
        24          0          0          0          0         68   strcat.o
       128          0          0          0          0         68   strcmpv7m.o
        32          0          0          0          0         80   strcspn.o
        28          0          0          0          0         80   strspn.o
        36          0          0          0          0         80   strstr.o
        12          6          0          4          0         68   strtok.o
        68          4          0          0          0         84   strtok_int.o
       112          0          0          0          0         88   strtol.o
        74          0          0          0          0         80   sys_stackheap_outer.o
         2          0          0          0          0         68   use_no_semi.o
         2          0          0          0          0         68   use_no_semi_2.o
        24          0          0          0          0        164   basic.o
        98          4          0          0          0        140   d2f.o
       826         16          0          0          0        492   daddsub_clz.o
       688        140          0          0          0        256   ddiv.o
        46          0          0          0          0        116   dflt_clz.o
       340         12          0          0          0        152   dmul.o
       156          4          0          0          0        140   dnaninf.o
        12          0          0          0          0        116   dretinf.o
       408         56          0          0          0        168   dsqrt_umaal.o
        86          4          0          0          0        132   f2d.o
       140          4          0          0          0        132   fnaninf.o
        10          0          0          0          0        116   fpinit.o
        10          0          0          0          0        116   fretinf.o
         0          0          0          0          0          0   usenofp.o
       864         94         80          0          0        280   asin.o
       744        106        152          0          0        352   atan.o
       496         64          0          0          0        192   atan2.o
       104         16          0          0          0        496   dunder.o
        24          0          0          0          0        124   fabs.o
        48          0          0          0          0        124   fpclassify.o
       248          0          0          0          0        152   poly.o
         0          0          8          0          0          0   qnan.o
       110          0          0          0          0        148   sqrt.o

    ----------------------------------------------------------------------
      8258        608        576          4        100       7600   Library Totals
        20          0          7          0          4          0   (incl. Padding)

    ----------------------------------------------------------------------

      Code (inc. data)   RO Data    RW Data    ZI Data      Debug   Library Name

      2756         88        329          4         96       3492   c_w.l
      2844        240          0          0          0       2240   fz_wm.l
      2638        280        240          0          0       1868   m_wm.l

    ----------------------------------------------------------------------
      8258        608        576          4        100       7600   Library Totals

    ----------------------------------------------------------------------

==============================================================================


      Code (inc. data)   RO Data    RW Data    ZI Data      Debug   

     62746       4304       6246       3524      95084     709711   Grand Totals
     62746       4304       6246        764      95084     709711   ELF Image Totals (compressed)
     62746       4304       6246        764          0          0   ROM Totals

==============================================================================

    Total RO  Size (Code + RO Data)                68992 (  67.38kB)
    Total RW  Size (RW Data + ZI Data)             98608 (  96.30kB)
    Total ROM Size (Code + RO Data + RW Data)      69756 (  68.12kB)

==============================================================================

